../Drivers/STM32WBAxx_HAL_Driver/Src/stm32wbaxx_hal_dma.c:239:19:HAL_DMA_Init	16	static
../Drivers/STM32WBAxx_HAL_Driver/Src/stm32wbaxx_hal_dma.c:321:19:HAL_DMA_DeInit	24	static
../Drivers/STM32WBAxx_HAL_Driver/Src/stm32wbaxx_hal_dma.c:454:19:HAL_DMA_Start	12	static
../Drivers/STM32WBAxx_HAL_Driver/Src/stm32wbaxx_hal_dma.c:509:19:HAL_DMA_Start_IT	12	static
../Drivers/STM32WBAxx_HAL_Driver/Src/stm32wbaxx_hal_dma.c:581:19:HAL_DMA_Abort	16	static
../Drivers/STM32WBAxx_HAL_Driver/Src/stm32wbaxx_hal_dma.c:673:19:HAL_DMA_Abort_IT	0	static
../Drivers/STM32WBAxx_HAL_Driver/Src/stm32wbaxx_hal_dma.c:709:19:HAL_DMA_PollForTransfer	24	static
../Drivers/STM32WBAxx_HAL_Driver/Src/stm32wbaxx_hal_dma.c:881:6:HAL_DMA_IRQHandler	8	static
../Drivers/STM32WBAxx_HAL_Driver/Src/stm32wbaxx_hal_dma.c:1117:19:HAL_DMA_RegisterCallback	8	static
../Drivers/STM32WBAxx_HAL_Driver/Src/stm32wbaxx_hal_dma.c:1196:19:HAL_DMA_UnRegisterCallback	0	static
../Drivers/STM32WBAxx_HAL_Driver/Src/stm32wbaxx_hal_dma.c:1304:22:HAL_DMA_GetState	0	static
../Drivers/STM32WBAxx_HAL_Driver/Src/stm32wbaxx_hal_dma.c:1316:10:HAL_DMA_GetError	0	static
../Drivers/STM32WBAxx_HAL_Driver/Src/stm32wbaxx_hal_dma.c:1360:19:HAL_DMA_ConfigChannelAttributes	0	static
../Drivers/STM32WBAxx_HAL_Driver/Src/stm32wbaxx_hal_dma.c:1448:19:HAL_DMA_GetConfigChannelAttributes	8	static
../Drivers/STM32WBAxx_HAL_Driver/Src/stm32wbaxx_hal_dma.c:1527:19:HAL_DMA_GetLockChannelAttributes	0	static
