../Drivers/STM32WBAxx_HAL_Driver/Src/stm32wbaxx_ll_tim.c:230:13:LL_TIM_DeInit	0	static
../Drivers/STM32WBAxx_HAL_Driver/Src/stm32wbaxx_ll_tim.c:280:6:LL_TIM_StructInit	0	static
../Drivers/STM32WBAxx_HAL_Driver/Src/stm32wbaxx_ll_tim.c:299:13:LL_TIM_Init	8	static
../Drivers/STM32WBAxx_HAL_Driver/Src/stm32wbaxx_ll_tim.c:351:6:LL_TIM_OC_StructInit	0	static
../Drivers/STM32WBAxx_HAL_Driver/Src/stm32wbaxx_ll_tim.c:380:13:LL_TIM_OC_Init	12	static
../Drivers/STM32WBAxx_HAL_Driver/Src/stm32wbaxx_ll_tim.c:418:6:LL_TIM_IC_StructInit	0	static
../Drivers/STM32WBAxx_HAL_Driver/Src/stm32wbaxx_ll_tim.c:441:13:LL_TIM_IC_Init	8	static
../Drivers/STM32WBAxx_HAL_Driver/Src/stm32wbaxx_ll_tim.c:472:6:LL_TIM_ENCODER_StructInit	0	static
../Drivers/STM32WBAxx_HAL_Driver/Src/stm32wbaxx_ll_tim.c:495:13:LL_TIM_ENCODER_Init	12	static
../Drivers/STM32WBAxx_HAL_Driver/Src/stm32wbaxx_ll_tim.c:558:6:LL_TIM_HALLSENSOR_StructInit	0	static
../Drivers/STM32WBAxx_HAL_Driver/Src/stm32wbaxx_ll_tim.c:588:13:LL_TIM_HALLSENSOR_Init	20	static
../Drivers/STM32WBAxx_HAL_Driver/Src/stm32wbaxx_ll_tim.c:667:6:LL_TIM_BDTR_StructInit	0	static
../Drivers/STM32WBAxx_HAL_Driver/Src/stm32wbaxx_ll_tim.c:702:13:LL_TIM_BDTR_Init	0	static
