../Drivers/STM32WBAxx_HAL_Driver/Src/stm32wbaxx_hal_cortex.c:180:6:HAL_NVIC_SetPriorityGrouping	0	static
../Drivers/STM32WBAxx_HAL_Driver/Src/stm32wbaxx_hal_cortex.c:202:6:HAL_NVIC_SetPriority	12	static
../Drivers/STM32WBAxx_HAL_Driver/Src/stm32wbaxx_hal_cortex.c:224:6:HAL_NVIC_EnableIRQ	0	static,ignoring_inline_asm
../Drivers/STM32WBAxx_HAL_Driver/Src/stm32wbaxx_hal_cortex.c:240:6:HAL_NVIC_DisableIRQ	0	static,ignoring_inline_asm
../Drivers/STM32WBAxx_HAL_Driver/Src/stm32wbaxx_hal_cortex.c:253:6:HAL_NVIC_SystemReset	0	static,ignoring_inline_asm
../Drivers/STM32WBAxx_HAL_Driver/Src/stm32wbaxx_hal_cortex.c:266:10:HAL_SYSTICK_Config	0	static
../Drivers/STM32WBAxx_HAL_Driver/Src/stm32wbaxx_hal_cortex.c:310:10:HAL_NVIC_GetPriorityGrouping	0	static
../Drivers/STM32WBAxx_HAL_Driver/Src/stm32wbaxx_hal_cortex.c:337:6:HAL_NVIC_GetPriority	16	static
../Drivers/STM32WBAxx_HAL_Driver/Src/stm32wbaxx_hal_cortex.c:352:6:HAL_NVIC_SetPendingIRQ	0	static
../Drivers/STM32WBAxx_HAL_Driver/Src/stm32wbaxx_hal_cortex.c:367:10:HAL_NVIC_GetPendingIRQ	0	static
../Drivers/STM32WBAxx_HAL_Driver/Src/stm32wbaxx_hal_cortex.c:380:6:HAL_NVIC_ClearPendingIRQ	0	static
../Drivers/STM32WBAxx_HAL_Driver/Src/stm32wbaxx_hal_cortex.c:394:10:HAL_NVIC_GetActive	0	static
../Drivers/STM32WBAxx_HAL_Driver/Src/stm32wbaxx_hal_cortex.c:410:6:HAL_SYSTICK_CLKSourceConfig	0	static
../Drivers/STM32WBAxx_HAL_Driver/Src/stm32wbaxx_hal_cortex.c:449:10:HAL_SYSTICK_GetCLKSourceConfig	0	static
../Drivers/STM32WBAxx_HAL_Driver/Src/stm32wbaxx_hal_cortex.c:493:13:HAL_SYSTICK_Callback	0	static
../Drivers/STM32WBAxx_HAL_Driver/Src/stm32wbaxx_hal_cortex.c:484:6:HAL_SYSTICK_IRQHandler	8	static
../Drivers/STM32WBAxx_HAL_Driver/Src/stm32wbaxx_hal_cortex.c:511:6:HAL_MPU_Enable	0	static,ignoring_inline_asm
../Drivers/STM32WBAxx_HAL_Driver/Src/stm32wbaxx_hal_cortex.c:531:6:HAL_MPU_EnableRegion	0	static
../Drivers/STM32WBAxx_HAL_Driver/Src/stm32wbaxx_hal_cortex.c:591:6:HAL_MPU_Disable	0	static,ignoring_inline_asm
../Drivers/STM32WBAxx_HAL_Driver/Src/stm32wbaxx_hal_cortex.c:611:6:HAL_MPU_DisableRegion	0	static
../Drivers/STM32WBAxx_HAL_Driver/Src/stm32wbaxx_hal_cortex.c:663:6:HAL_MPU_ConfigRegion	0	static,ignoring_inline_asm
../Drivers/STM32WBAxx_HAL_Driver/Src/stm32wbaxx_hal_cortex.c:715:6:HAL_MPU_ConfigMemoryAttributes	8	static,ignoring_inline_asm
