../STM32_WPAN/App/app_ble.c:1316:13:Ble_UserEvtRx	16	static
../STM32_WPAN/App/app_ble.c:1541:13:BleStack_Process_BG	8	static
../STM32_WPAN/App/app_ble.c:1566:13:BLE_ResumeFlowProcessCallback	0	static
../STM32_WPAN/App/app_ble.c:1576:13:BLE_NvmCallback	0	static
../STM32_WPAN/App/app_ble.c:222:6:APP_BLE_Init	104	static
../STM32_WPAN/App/app_ble.c:320:28:SVCCTL_App_Notification	48	static
../STM32_WPAN/App/app_ble.c:749:22:APP_BLE_Get_Server_Connection_Status	0	static
../STM32_WPAN/App/app_ble.c:754:6:APP_BLE_Procedure_Gap_General	24	static
../STM32_WPAN/App/app_ble.c:849:6:APP_BLE_Procedure_Gap_Peripheral	48	static
../STM32_WPAN/App/app_ble.c:1048:16:BleGetBdAddress	0	static
../STM32_WPAN/App/app_ble.c:1596:12:BLECB_Indication	24	static
../STM32_WPAN/App/app_ble.c:1636:6:NVMCB_Store	0	static
../STM32_WPAN/App/app_ble.c:1648:41:APP_BLE_ComputeCRC8	8	static
