../STM32_WPAN/App/app_ble.c:1268:13:Ble_UserEvtRx	16	static
../STM32_WPAN/App/app_ble.c:1369:13:BleStack_Process_BG	8	static
../STM32_WPAN/App/app_ble.c:1394:13:BLE_ResumeFlowProcessCallback	0	static
../STM32_WPAN/App/app_ble.c:1404:13:BLE_NvmCallback	0	static
../STM32_WPAN/App/app_ble.c:225:6:APP_BLE_Init	72	static
../STM32_WPAN/App/app_ble.c:322:28:SVCCTL_App_Notification	48	static
../STM32_WPAN/App/app_ble.c:723:22:APP_BLE_Get_Server_Connection_Status	0	static
../STM32_WPAN/App/app_ble.c:728:6:APP_BLE_Procedure_Gap_General	32	static
../STM32_WPAN/App/app_ble.c:822:6:APP_BLE_Procedure_Gap_Peripheral	48	static
../STM32_WPAN/App/app_ble.c:1424:12:BLECB_Indication	32	static
../STM32_WPAN/App/app_ble.c:1464:6:NVMCB_Store	0	static
../STM32_WPAN/App/app_ble.c:1476:41:APP_BLE_ComputeCRC8	8	static
