../Drivers/STM32WBAxx_HAL_Driver/Src/stm32wbaxx_hal_tim_ex.c:3303:13:TIM_CCxNChannelCmd	8	static
../Drivers/STM32WBAxx_HAL_Driver/Src/stm32wbaxx_hal_tim_ex.c:3252:13:TIM_DMAErrorCCxN	8	static
../Drivers/STM32WBAxx_HAL_Driver/Src/stm32wbaxx_hal_tim_ex.c:3213:13:TIM_DMADelayPulseNCplt	8	static
../Drivers/STM32WBAxx_HAL_Driver/Src/stm32wbaxx_hal_tim_ex.c:304:13:HAL_TIMEx_HallSensor_MspInit	0	static
../Drivers/STM32WBAxx_HAL_Driver/Src/stm32wbaxx_hal_tim_ex.c:157:19:HAL_TIMEx_HallSensor_Init	48	static
../Drivers/STM32WBAxx_HAL_Driver/Src/stm32wbaxx_hal_tim_ex.c:319:13:HAL_TIMEx_HallSensor_MspDeInit	0	static
../Drivers/STM32WBAxx_HAL_Driver/Src/stm32wbaxx_hal_tim_ex.c:259:19:HAL_TIMEx_HallSensor_DeInit	8	static
../Drivers/STM32WBAxx_HAL_Driver/Src/stm32wbaxx_hal_tim_ex.c:334:19:HAL_TIMEx_HallSensor_Start	16	static
../Drivers/STM32WBAxx_HAL_Driver/Src/stm32wbaxx_hal_tim_ex.c:388:19:HAL_TIMEx_HallSensor_Stop	8	static
../Drivers/STM32WBAxx_HAL_Driver/Src/stm32wbaxx_hal_tim_ex.c:416:19:HAL_TIMEx_HallSensor_Start_IT	16	static
../Drivers/STM32WBAxx_HAL_Driver/Src/stm32wbaxx_hal_tim_ex.c:473:19:HAL_TIMEx_HallSensor_Stop_IT	8	static
../Drivers/STM32WBAxx_HAL_Driver/Src/stm32wbaxx_hal_tim_ex.c:506:19:HAL_TIMEx_HallSensor_Start_DMA	24	static
../Drivers/STM32WBAxx_HAL_Driver/Src/stm32wbaxx_hal_tim_ex.c:582:19:HAL_TIMEx_HallSensor_Stop_DMA	8	static
../Drivers/STM32WBAxx_HAL_Driver/Src/stm32wbaxx_hal_tim_ex.c:645:19:HAL_TIMEx_OCN_Start	8	static
../Drivers/STM32WBAxx_HAL_Driver/Src/stm32wbaxx_hal_tim_ex.c:697:19:HAL_TIMEx_OCN_Stop	16	static
../Drivers/STM32WBAxx_HAL_Driver/Src/stm32wbaxx_hal_tim_ex.c:730:19:HAL_TIMEx_OCN_Start_IT	8	static
../Drivers/STM32WBAxx_HAL_Driver/Src/stm32wbaxx_hal_tim_ex.c:825:19:HAL_TIMEx_OCN_Stop_IT	16	static
../Drivers/STM32WBAxx_HAL_Driver/Src/stm32wbaxx_hal_tim_ex.c:908:19:HAL_TIMEx_OCN_Start_DMA	16	static
../Drivers/STM32WBAxx_HAL_Driver/Src/stm32wbaxx_hal_tim_ex.c:1068:19:HAL_TIMEx_OCN_Stop_DMA	16	static
../Drivers/STM32WBAxx_HAL_Driver/Src/stm32wbaxx_hal_tim_ex.c:1167:19:HAL_TIMEx_PWMN_Start	0	static
../Drivers/STM32WBAxx_HAL_Driver/Src/stm32wbaxx_hal_tim_ex.c:1218:19:HAL_TIMEx_PWMN_Stop	0	static
../Drivers/STM32WBAxx_HAL_Driver/Src/stm32wbaxx_hal_tim_ex.c:1251:19:HAL_TIMEx_PWMN_Start_IT	0	static
../Drivers/STM32WBAxx_HAL_Driver/Src/stm32wbaxx_hal_tim_ex.c:1345:19:HAL_TIMEx_PWMN_Stop_IT	0	static
../Drivers/STM32WBAxx_HAL_Driver/Src/stm32wbaxx_hal_tim_ex.c:1428:19:HAL_TIMEx_PWMN_Start_DMA	0	static
../Drivers/STM32WBAxx_HAL_Driver/Src/stm32wbaxx_hal_tim_ex.c:1588:19:HAL_TIMEx_PWMN_Stop_DMA	0	static
../Drivers/STM32WBAxx_HAL_Driver/Src/stm32wbaxx_hal_tim_ex.c:1687:19:HAL_TIMEx_OnePulseN_Start	24	static
../Drivers/STM32WBAxx_HAL_Driver/Src/stm32wbaxx_hal_tim_ex.c:1736:19:HAL_TIMEx_OnePulseN_Stop	16	static
../Drivers/STM32WBAxx_HAL_Driver/Src/stm32wbaxx_hal_tim_ex.c:1775:19:HAL_TIMEx_OnePulseN_Start_IT	24	static
../Drivers/STM32WBAxx_HAL_Driver/Src/stm32wbaxx_hal_tim_ex.c:1830:19:HAL_TIMEx_OnePulseN_Stop_IT	16	static
../Drivers/STM32WBAxx_HAL_Driver/Src/stm32wbaxx_hal_tim_ex.c:1914:19:HAL_TIMEx_ConfigCommutEvent	8	static
../Drivers/STM32WBAxx_HAL_Driver/Src/stm32wbaxx_hal_tim_ex.c:1972:19:HAL_TIMEx_ConfigCommutEvent_IT	8	static
../Drivers/STM32WBAxx_HAL_Driver/Src/stm32wbaxx_hal_tim_ex.c:2031:19:HAL_TIMEx_ConfigCommutEvent_DMA	8	static
../Drivers/STM32WBAxx_HAL_Driver/Src/stm32wbaxx_hal_tim_ex.c:2081:19:HAL_TIMEx_MasterConfigSynchronization	12	static
../Drivers/STM32WBAxx_HAL_Driver/Src/stm32wbaxx_hal_tim_ex.c:2154:19:HAL_TIMEx_ConfigBreakDeadTime	8	static
../Drivers/STM32WBAxx_HAL_Driver/Src/stm32wbaxx_hal_tim_ex.c:2222:19:HAL_TIMEx_ConfigBreakInput	20	static
../Drivers/STM32WBAxx_HAL_Driver/Src/stm32wbaxx_hal_tim_ex.c:2358:19:HAL_TIMEx_RemapConfig	0	static
../Drivers/STM32WBAxx_HAL_Driver/Src/stm32wbaxx_hal_tim_ex.c:2423:20:HAL_TIMEx_TISelection	0	static
../Drivers/STM32WBAxx_HAL_Driver/Src/stm32wbaxx_hal_tim_ex.c:2475:19:HAL_TIMEx_GroupChannel5	0	static
../Drivers/STM32WBAxx_HAL_Driver/Src/stm32wbaxx_hal_tim_ex.c:2513:19:HAL_TIMEx_DisarmBreakInput	0	static
../Drivers/STM32WBAxx_HAL_Driver/Src/stm32wbaxx_hal_tim_ex.c:2567:19:HAL_TIMEx_ReArmBreakInput	16	static
../Drivers/STM32WBAxx_HAL_Driver/Src/stm32wbaxx_hal_tim_ex.c:2650:19:HAL_TIMEx_DitheringEnable	0	static
../Drivers/STM32WBAxx_HAL_Driver/Src/stm32wbaxx_hal_tim_ex.c:2674:19:HAL_TIMEx_DitheringDisable	0	static
../Drivers/STM32WBAxx_HAL_Driver/Src/stm32wbaxx_hal_tim_ex.c:2692:19:HAL_TIMEx_OC_ConfigPulseOnCompare	12	static
../Drivers/STM32WBAxx_HAL_Driver/Src/stm32wbaxx_hal_tim_ex.c:2737:19:HAL_TIMEx_ConfigSlaveModePreload	0	static
../Drivers/STM32WBAxx_HAL_Driver/Src/stm32wbaxx_hal_tim_ex.c:2752:19:HAL_TIMEx_EnableSlaveModePreload	0	static
../Drivers/STM32WBAxx_HAL_Driver/Src/stm32wbaxx_hal_tim_ex.c:2766:19:HAL_TIMEx_DisableSlaveModePreload	0	static
../Drivers/STM32WBAxx_HAL_Driver/Src/stm32wbaxx_hal_tim_ex.c:2780:19:HAL_TIMEx_EnableDeadTimePreload	0	static
../Drivers/STM32WBAxx_HAL_Driver/Src/stm32wbaxx_hal_tim_ex.c:2794:19:HAL_TIMEx_DisableDeadTimePreload	0	static
../Drivers/STM32WBAxx_HAL_Driver/Src/stm32wbaxx_hal_tim_ex.c:2810:19:HAL_TIMEx_ConfigDeadTime	0	static
../Drivers/STM32WBAxx_HAL_Driver/Src/stm32wbaxx_hal_tim_ex.c:2827:19:HAL_TIMEx_ConfigAsymmetricalDeadTime	0	static
../Drivers/STM32WBAxx_HAL_Driver/Src/stm32wbaxx_hal_tim_ex.c:2842:19:HAL_TIMEx_EnableAsymmetricalDeadTime	0	static
../Drivers/STM32WBAxx_HAL_Driver/Src/stm32wbaxx_hal_tim_ex.c:2856:19:HAL_TIMEx_DisableAsymmetricalDeadTime	0	static
../Drivers/STM32WBAxx_HAL_Driver/Src/stm32wbaxx_hal_tim_ex.c:2874:19:HAL_TIMEx_ConfigEncoderIndex	16	static
../Drivers/STM32WBAxx_HAL_Driver/Src/stm32wbaxx_hal_tim_ex.c:2915:19:HAL_TIMEx_EnableEncoderIndex	0	static
../Drivers/STM32WBAxx_HAL_Driver/Src/stm32wbaxx_hal_tim_ex.c:2929:19:HAL_TIMEx_DisableEncoderIndex	0	static
../Drivers/STM32WBAxx_HAL_Driver/Src/stm32wbaxx_hal_tim_ex.c:2943:19:HAL_TIMEx_EnableEncoderFirstIndex	0	static
../Drivers/STM32WBAxx_HAL_Driver/Src/stm32wbaxx_hal_tim_ex.c:2957:19:HAL_TIMEx_DisableEncoderFirstIndex	0	static
../Drivers/STM32WBAxx_HAL_Driver/Src/stm32wbaxx_hal_tim_ex.c:2991:13:HAL_TIMEx_CommutCallback	0	static
../Drivers/STM32WBAxx_HAL_Driver/Src/stm32wbaxx_hal_tim_ex.c:3174:6:TIMEx_DMACommutationCplt	8	static
../Drivers/STM32WBAxx_HAL_Driver/Src/stm32wbaxx_hal_tim_ex.c:3005:13:HAL_TIMEx_CommutHalfCpltCallback	0	static
../Drivers/STM32WBAxx_HAL_Driver/Src/stm32wbaxx_hal_tim_ex.c:3193:6:TIMEx_DMACommutationHalfCplt	8	static
../Drivers/STM32WBAxx_HAL_Driver/Src/stm32wbaxx_hal_tim_ex.c:3020:13:HAL_TIMEx_BreakCallback	0	static
../Drivers/STM32WBAxx_HAL_Driver/Src/stm32wbaxx_hal_tim_ex.c:3035:13:HAL_TIMEx_Break2Callback	0	static
../Drivers/STM32WBAxx_HAL_Driver/Src/stm32wbaxx_hal_tim_ex.c:3050:13:HAL_TIMEx_EncoderIndexCallback	0	static
../Drivers/STM32WBAxx_HAL_Driver/Src/stm32wbaxx_hal_tim_ex.c:3065:13:HAL_TIMEx_DirectionChangeCallback	0	static
../Drivers/STM32WBAxx_HAL_Driver/Src/stm32wbaxx_hal_tim_ex.c:3080:13:HAL_TIMEx_IndexErrorCallback	0	static
../Drivers/STM32WBAxx_HAL_Driver/Src/stm32wbaxx_hal_tim_ex.c:3095:13:HAL_TIMEx_TransitionErrorCallback	0	static
../Drivers/STM32WBAxx_HAL_Driver/Src/stm32wbaxx_hal_tim_ex.c:3129:22:HAL_TIMEx_HallSensor_GetState	0	static
../Drivers/STM32WBAxx_HAL_Driver/Src/stm32wbaxx_hal_tim_ex.c:3145:29:HAL_TIMEx_GetChannelNState	0	static
