../Drivers/STM32WBAxx_HAL_Driver/Src/stm32wbaxx_hal_rtc_ex.c:232:19:HAL_RTCEx_SetTimeStamp	0	static
../Drivers/STM32WBAxx_HAL_Driver/Src/stm32wbaxx_hal_rtc_ex.c:284:19:HAL_RTCEx_SetTimeStamp_IT	0	static
../Drivers/STM32WBAxx_HAL_Driver/Src/stm32wbaxx_hal_rtc_ex.c:326:19:HAL_RTCEx_DeactivateTimeStamp	0	static
../Drivers/STM32WBAxx_HAL_Driver/Src/stm32wbaxx_hal_rtc_ex.c:362:19:HAL_RTCEx_GetTimeStamp	24	static
../Drivers/STM32WBAxx_HAL_Driver/Src/stm32wbaxx_hal_rtc_ex.c:459:13:HAL_RTCEx_TimeStampEventCallback	0	static
../Drivers/STM32WBAxx_HAL_Driver/Src/stm32wbaxx_hal_rtc_ex.c:429:6:HAL_RTCEx_TimeStampIRQHandler	16	static
../Drivers/STM32WBAxx_HAL_Driver/Src/stm32wbaxx_hal_rtc_ex.c:475:19:HAL_RTCEx_PollForTimeStampEvent	16	static
../Drivers/STM32WBAxx_HAL_Driver/Src/stm32wbaxx_hal_rtc_ex.c:529:19:HAL_RTCEx_SetWakeUpTimer	24	static
../Drivers/STM32WBAxx_HAL_Driver/Src/stm32wbaxx_hal_rtc_ex.c:605:19:HAL_RTCEx_SetWakeUpTimer_IT	32	static
../Drivers/STM32WBAxx_HAL_Driver/Src/stm32wbaxx_hal_rtc_ex.c:680:19:HAL_RTCEx_DeactivateWakeUpTimer	0	static
../Drivers/STM32WBAxx_HAL_Driver/Src/stm32wbaxx_hal_rtc_ex.c:706:10:HAL_RTCEx_GetWakeUpTimer	0	static
../Drivers/STM32WBAxx_HAL_Driver/Src/stm32wbaxx_hal_rtc_ex.c:748:13:HAL_RTCEx_WakeUpTimerEventCallback	0	static
../Drivers/STM32WBAxx_HAL_Driver/Src/stm32wbaxx_hal_rtc_ex.c:720:6:HAL_RTCEx_WakeUpTimerIRQHandler	8	static
../Drivers/STM32WBAxx_HAL_Driver/Src/stm32wbaxx_hal_rtc_ex.c:764:19:HAL_RTCEx_PollForWakeUpTimerEvent	16	static
../Drivers/STM32WBAxx_HAL_Driver/Src/stm32wbaxx_hal_rtc_ex.c:846:19:HAL_RTCEx_SetSmoothCalib	32	static
../Drivers/STM32WBAxx_HAL_Driver/Src/stm32wbaxx_hal_rtc_ex.c:916:19:HAL_RTCEx_SetLowPowerCalib	0	static
../Drivers/STM32WBAxx_HAL_Driver/Src/stm32wbaxx_hal_rtc_ex.c:957:19:HAL_RTCEx_SetSynchroShift	24	static
../Drivers/STM32WBAxx_HAL_Driver/Src/stm32wbaxx_hal_rtc_ex.c:1063:19:HAL_RTCEx_SetCalibrationOutPut	0	static
../Drivers/STM32WBAxx_HAL_Driver/Src/stm32wbaxx_hal_rtc_ex.c:1094:19:HAL_RTCEx_DeactivateCalibrationOutPut	0	static
../Drivers/STM32WBAxx_HAL_Driver/Src/stm32wbaxx_hal_rtc_ex.c:1121:19:HAL_RTCEx_SetRefClock	16	static
../Drivers/STM32WBAxx_HAL_Driver/Src/stm32wbaxx_hal_rtc_ex.c:1165:19:HAL_RTCEx_DeactivateRefClock	16	static
../Drivers/STM32WBAxx_HAL_Driver/Src/stm32wbaxx_hal_rtc_ex.c:1212:19:HAL_RTCEx_EnableBypassShadow	0	static
../Drivers/STM32WBAxx_HAL_Driver/Src/stm32wbaxx_hal_rtc_ex.c:1239:19:HAL_RTCEx_DisableBypassShadow	0	static
../Drivers/STM32WBAxx_HAL_Driver/Src/stm32wbaxx_hal_rtc_ex.c:1267:19:HAL_RTCEx_MonotonicCounterIncrement	0	static
../Drivers/STM32WBAxx_HAL_Driver/Src/stm32wbaxx_hal_rtc_ex.c:1289:19:HAL_RTCEx_MonotonicCounterGet	0	static
../Drivers/STM32WBAxx_HAL_Driver/Src/stm32wbaxx_hal_rtc_ex.c:1307:19:HAL_RTCEx_SetSSRU_IT	0	static
../Drivers/STM32WBAxx_HAL_Driver/Src/stm32wbaxx_hal_rtc_ex.c:1332:19:HAL_RTCEx_DeactivateSSRU	0	static
../Drivers/STM32WBAxx_HAL_Driver/Src/stm32wbaxx_hal_rtc_ex.c:1388:13:HAL_RTCEx_SSRUEventCallback	0	static
../Drivers/STM32WBAxx_HAL_Driver/Src/stm32wbaxx_hal_rtc_ex.c:1357:6:HAL_RTCEx_SSRUIRQHandler	8	static
../Drivers/STM32WBAxx_HAL_Driver/Src/stm32wbaxx_hal_rtc_ex.c:1422:13:HAL_RTCEx_AlarmBEventCallback	0	static
../Drivers/STM32WBAxx_HAL_Driver/Src/stm32wbaxx_hal_rtc_ex.c:1438:19:HAL_RTCEx_PollForAlarmBEvent	16	static
../Drivers/STM32WBAxx_HAL_Driver/Src/stm32wbaxx_hal_rtc_ex.c:1508:19:HAL_RTCEx_SetTamper	16	static
../Drivers/STM32WBAxx_HAL_Driver/Src/stm32wbaxx_hal_rtc_ex.c:1579:19:HAL_RTCEx_SetTamper_IT	12	static
../Drivers/STM32WBAxx_HAL_Driver/Src/stm32wbaxx_hal_rtc_ex.c:1653:19:HAL_RTCEx_DeactivateTamper	0	static
../Drivers/STM32WBAxx_HAL_Driver/Src/stm32wbaxx_hal_rtc_ex.c:1808:19:HAL_RTCEx_SetActiveSeed	16	static
../Drivers/STM32WBAxx_HAL_Driver/Src/stm32wbaxx_hal_rtc_ex.c:1856:19:HAL_RTCEx_LockBootHardwareKey	0	static
../Drivers/STM32WBAxx_HAL_Driver/Src/stm32wbaxx_hal_rtc_ex.c:1872:19:HAL_RTCEx_DeactivateActiveTampers	0	static
../Drivers/STM32WBAxx_HAL_Driver/Src/stm32wbaxx_hal_rtc_ex.c:1682:19:HAL_RTCEx_SetActiveTampers	32	static
../Drivers/STM32WBAxx_HAL_Driver/Src/stm32wbaxx_hal_rtc_ex.c:1917:19:HAL_RTCEx_PollForTamperEvent	24	static
../Drivers/STM32WBAxx_HAL_Driver/Src/stm32wbaxx_hal_rtc_ex.c:1959:19:HAL_RTCEx_SetInternalTamper	8	static
../Drivers/STM32WBAxx_HAL_Driver/Src/stm32wbaxx_hal_rtc_ex.c:1999:19:HAL_RTCEx_SetInternalTamper_IT	0	static
../Drivers/STM32WBAxx_HAL_Driver/Src/stm32wbaxx_hal_rtc_ex.c:2042:19:HAL_RTCEx_DeactivateInternalTamper	0	static
../Drivers/STM32WBAxx_HAL_Driver/Src/stm32wbaxx_hal_rtc_ex.c:2069:19:HAL_RTCEx_PollForInternalTamperEvent	0	static
../Drivers/STM32WBAxx_HAL_Driver/Src/stm32wbaxx_hal_rtc_ex.c:2310:13:HAL_RTCEx_Tamper1EventCallback	0	static
../Drivers/STM32WBAxx_HAL_Driver/Src/stm32wbaxx_hal_rtc_ex.c:2325:13:HAL_RTCEx_Tamper2EventCallback	0	static
../Drivers/STM32WBAxx_HAL_Driver/Src/stm32wbaxx_hal_rtc_ex.c:2340:13:HAL_RTCEx_Tamper3EventCallback	0	static
../Drivers/STM32WBAxx_HAL_Driver/Src/stm32wbaxx_hal_rtc_ex.c:2355:13:HAL_RTCEx_Tamper4EventCallback	0	static
../Drivers/STM32WBAxx_HAL_Driver/Src/stm32wbaxx_hal_rtc_ex.c:2370:13:HAL_RTCEx_Tamper5EventCallback	0	static
../Drivers/STM32WBAxx_HAL_Driver/Src/stm32wbaxx_hal_rtc_ex.c:2385:13:HAL_RTCEx_Tamper6EventCallback	0	static
../Drivers/STM32WBAxx_HAL_Driver/Src/stm32wbaxx_hal_rtc_ex.c:2400:13:HAL_RTCEx_InternalTamper3EventCallback	0	static
../Drivers/STM32WBAxx_HAL_Driver/Src/stm32wbaxx_hal_rtc_ex.c:2415:13:HAL_RTCEx_InternalTamper5EventCallback	0	static
../Drivers/STM32WBAxx_HAL_Driver/Src/stm32wbaxx_hal_rtc_ex.c:2430:13:HAL_RTCEx_InternalTamper6EventCallback	0	static
../Drivers/STM32WBAxx_HAL_Driver/Src/stm32wbaxx_hal_rtc_ex.c:2445:13:HAL_RTCEx_InternalTamper7EventCallback	0	static
../Drivers/STM32WBAxx_HAL_Driver/Src/stm32wbaxx_hal_rtc_ex.c:2460:13:HAL_RTCEx_InternalTamper8EventCallback	0	static
../Drivers/STM32WBAxx_HAL_Driver/Src/stm32wbaxx_hal_rtc_ex.c:2475:13:HAL_RTCEx_InternalTamper9EventCallback	0	static
../Drivers/STM32WBAxx_HAL_Driver/Src/stm32wbaxx_hal_rtc_ex.c:2490:13:HAL_RTCEx_InternalTamper11EventCallback	0	static
../Drivers/STM32WBAxx_HAL_Driver/Src/stm32wbaxx_hal_rtc_ex.c:2505:13:HAL_RTCEx_InternalTamper12EventCallback	0	static
../Drivers/STM32WBAxx_HAL_Driver/Src/stm32wbaxx_hal_rtc_ex.c:2520:13:HAL_RTCEx_InternalTamper13EventCallback	0	static
../Drivers/STM32WBAxx_HAL_Driver/Src/stm32wbaxx_hal_rtc_ex.c:2110:6:HAL_RTCEx_TamperIRQHandler	16	static
../Drivers/STM32WBAxx_HAL_Driver/Src/stm32wbaxx_hal_rtc_ex.c:2562:6:HAL_RTCEx_BKUPWrite	0	static
../Drivers/STM32WBAxx_HAL_Driver/Src/stm32wbaxx_hal_rtc_ex.c:2588:10:HAL_RTCEx_BKUPRead	0	static
../Drivers/STM32WBAxx_HAL_Driver/Src/stm32wbaxx_hal_rtc_ex.c:2611:7:HAL_RTCEx_BKUPErase	0	static
../Drivers/STM32WBAxx_HAL_Driver/Src/stm32wbaxx_hal_rtc_ex.c:2624:7:HAL_RTCEx_BKUPBlock	0	static
../Drivers/STM32WBAxx_HAL_Driver/Src/stm32wbaxx_hal_rtc_ex.c:2637:7:HAL_RTCEx_BKUPUnblock	0	static
../Drivers/STM32WBAxx_HAL_Driver/Src/stm32wbaxx_hal_rtc_ex.c:2662:7:HAL_RTCEx_ConfigEraseDeviceSecrets	0	static
../Drivers/STM32WBAxx_HAL_Driver/Src/stm32wbaxx_hal_rtc_ex.c:2697:19:HAL_RTCEx_SecureModeGet	0	static
../Drivers/STM32WBAxx_HAL_Driver/Src/stm32wbaxx_hal_rtc_ex.c:2791:19:HAL_RTCEx_PrivilegeModeSet	0	static
../Drivers/STM32WBAxx_HAL_Driver/Src/stm32wbaxx_hal_rtc_ex.c:2835:19:HAL_RTCEx_PrivilegeModeGet	8	static
