../System/Config/Log/log_module.c:141:6:Log_Module_PrintWithArg	296	static
../System/Config/Log/log_module.c:216:6:Log_Module_Print	16	static
../System/Config/Log/log_module.c:234:6:Log_Module_Init	16	static
../System/Config/Log/log_module.c:247:6:Log_Module_DeInit	8	static
../System/Config/Log/log_module.c:255:6:Log_Module_Set_Verbose_Level	16	static
../System/Config/Log/log_module.c:263:6:Log_Module_Set_Region	16	static
../System/Config/Log/log_module.c:271:6:Log_Module_Add_Region	16	static
../System/Config/Log/log_module.c:279:6:Log_Module_Enable_All_Regions	8	static
../System/Config/Log/log_module.c:287:17:Get_Region_Mask	16	static
../System/Config/Log/log_module.c:304:6:Log_Module_Set_Color	16	static
../System/Config/Log/log_module.c:315:6:Log_Module_RegisterTimeStampFunction	16	static
