../Core/Src/app_entry.c:502:13:AMM_WrapperFree	0	static
../Core/Src/app_entry.c:497:19:AMM_WrapperAllocate	0	static
../Core/Src/app_entry.c:492:13:AMM_WrapperInit	0	static
../Core/Src/app_entry.c:148:6:MX_APPE_Config	16	static
../Core/Src/app_entry.c:157:10:MX_APPE_Init	56	static
../Core/Src/app_entry.c:212:6:MX_APPE_Process	0	static
../Core/Src/app_entry.c:398:6:UTIL_SEQ_Idle	8	static
../Core/Src/app_entry.c:413:6:UTIL_SEQ_PreIdle	8	static
../Core/Src/app_entry.c:449:6:UTIL_SEQ_PostIdle	16	static
../Core/Src/app_entry.c:465:6:BPKACB_Process	0	static
../Core/Src/app_entry.c:473:6:HWCB_RNG_Process	0	static
../Core/Src/app_entry.c:478:6:AMM_RegisterBasicMemoryManager	0	static
../Core/Src/app_entry.c:486:6:AMM_ProcessRequest	0	static
../Core/Src/app_entry.c:507:6:FM_ProcessRequest	0	static
../Core/Src/app_entry.c:515:6:RNG_KERNEL_CLK_OFF	0	static
../Core/Src/app_entry.c:528:6:SCM_HSI_CLK_OFF	0	static
