../Core/Src/main.c:1554:6:ledActivate	0	static
../Core/Src/main.c:1560:6:tickSoundDeactivate	0	static
../Core/Src/main.c:1302:6:updateMesurmentCb	0	static
../Core/Src/main.c:1517:6:updateLedCb	0	static
../Core/Src/main.c:1521:6:updateVibroCb	0	static
../Core/Src/main.c:1525:6:updateVibroOffCb	0	static
../Core/Src/main.c:1529:6:updateTickCb	0	static
../Core/Src/main.c:1593:6:vibroActivateOff	8	static
../Core/Src/main.c:1534:6:vibroActivate	16	static
../Core/Src/main.c:170:10:samplingTm	0	static
../Core/Src/main.c:205:6:logUpdate	8	static
../Core/Src/main.c:219:6:NotifyAct	8	static
../Core/Src/main.c:247:6:calcPulseLevel	0	static
../Core/Src/main.c:791:6:SystemClock_Config	104	static,ignoring_inline_asm
../Core/Src/main.c:855:6:PeriphCommonClock_Config	80	static,ignoring_inline_asm
../Core/Src/main.c:888:6:MX_ADC4_Init	24	static,ignoring_inline_asm
../Core/Src/main.c:989:6:MX_CRC_Init	8	static,ignoring_inline_asm
../Core/Src/main.c:1022:6:MX_GPDMA1_Init	8	static,ignoring_inline_asm
../Core/Src/main.c:1050:6:MX_ICACHE_Init	0	static
../Core/Src/main.c:1080:6:MX_LPTIM2_Init	16	static,ignoring_inline_asm
../Core/Src/main.c:1124:6:MX_RAMCFG_Init	8	static,ignoring_inline_asm
../Core/Src/main.c:1153:6:MX_RNG_Init	8	static,ignoring_inline_asm
../Core/Src/main.c:1180:6:MX_RTC_Init	96	static,ignoring_inline_asm
../Core/Src/main.c:1250:6:MX_GPIO_Init	56	static
../Core/Src/main.c:1460:10:ADC_Switch_Channel	32	static
../Core/Src/main.c:1474:6:TVMeasure	24	static
../Core/Src/main.c:1309:6:updateMesurment	32	static
../Core/Src/main.c:258:5:main	64	static
../Core/Src/main.c:1600:6:HAL_GPIO_EXTI_Rising_Callback	16	static
../Core/Src/main.c:1675:6:Error_Handler	0	static,ignoring_inline_asm
