../STM32_WPAN/Target/bpka.c:44:6:BPKA_Reset	8	static
../STM32_WPAN/Target/bpka.c:54:5:BPKA_StartP256Key	16	static
../STM32_WPAN/Target/bpka.c:74:6:BPKA_ReadP256Key	16	static
../STM32_WPAN/Target/bpka.c:82:5:BPKA_StartDhKey	16	static
../STM32_WPAN/Target/bpka.c:106:5:BPKA_ReadDhKey	16	static
../STM32_WPAN/Target/bpka.c:119:13:BPKACB_Complete	4	static
../STM32_WPAN/Target/bpka.c:123:13:BPKACB_Process	4	static
../STM32_WPAN/Target/bpka.c:129:5:BPKA_Process	8	static
../STM32_WPAN/Target/bpka.c:215:6:BPKA_BG_Process	8	static
