../STM32_WPAN/Target/bleplat.c:30:6:BLEPLAT_Init	8	static
../STM32_WPAN/Target/bleplat.c:39:5:BLEPLAT_NvmAdd	4	static
../STM32_WPAN/Target/bleplat.c:50:5:BLEPLAT_NvmGet	4	static
../STM32_WPAN/Target/bleplat.c:61:5:BLEPLAT_NvmCompare	0	static
../STM32_WPAN/Target/bleplat.c:70:6:BLEPLAT_NvmDiscard	0	static
../STM32_WPAN/Target/bleplat.c:77:6:BLEPLAT_RngGet	0	static
../STM32_WPAN/Target/bleplat.c:86:6:BLEPLAT_AesEcbEncrypt	0	static
../STM32_WPAN/Target/bleplat.c:95:6:BLEPLAT_AesCmacSetKey	0	static
../STM32_WPAN/Target/bleplat.c:102:6:BLEPLAT_AesCmacCompute	0	static
../STM32_WPAN/Target/bleplat.c:111:5:BLEPLAT_PkaStartP256Key	0	static
../STM32_WPAN/Target/bleplat.c:118:6:BLEPLAT_PkaReadP256Key	0	static
../STM32_WPAN/Target/bleplat.c:125:5:BLEPLAT_PkaStartDhKey	0	static
../STM32_WPAN/Target/bleplat.c:133:5:BLEPLAT_PkaReadDhKey	0	static
../STM32_WPAN/Target/bleplat.c:140:6:BPKACB_Complete	8	static
../STM32_WPAN/Target/bleplat.c:148:9:BLEPLAT_TimerStart	0	static
../STM32_WPAN/Target/bleplat.c:156:6:BLEPLAT_TimerStop	0	static
