../Drivers/CMSIS/Include/core_cm33.h:2378:26:__NVIC_GetPriorityGrouping	4	static
../Drivers/CMSIS/Include/core_cm33.h:2390:22:__NVIC_EnableIRQ	16	static,ignoring_inline_asm
../Drivers/CMSIS/Include/core_cm33.h:2587:22:__NVIC_SetPriority	16	static
../Drivers/CMSIS/Include/core_cm33.h:2634:26:NVIC_EncodePriority	40	static
../Drivers/STM32WBAxx_HAL_Driver/Inc/stm32wbaxx_ll_bus.h:234:22:LL_AHB1_GRP1_EnableClock	24	static
../Drivers/STM32WBAxx_HAL_Driver/Inc/stm32wbaxx_ll_pwr.h:570:22:LL_PWR_SetICacheRAMStopRetention	16	static
../Drivers/STM32WBAxx_HAL_Driver/Inc/stm32wbaxx_ll_icache.h:219:22:LL_ICACHE_Enable	4	static
../Drivers/STM32WBAxx_HAL_Driver/Inc/stm32wbaxx_ll_icache.h:252:22:LL_ICACHE_SetMode	16	static
../Core/Src/main.c:170:10:samplingTm	16	static
../Core/Src/main.c:205:6:logUpdate	16	static
../Core/Src/main.c:219:6:NotifyAct	16	static
../Core/Src/main.c:247:6:calcPulseLevel	4	static
../Core/Src/main.c:258:5:main	112	static
../Core/Src/main.c:791:6:SystemClock_Config	104	static
../Core/Src/main.c:855:6:PeriphCommonClock_Config	80	static
../Core/Src/main.c:874:13:SystemPower_Config	8	static
../Core/Src/main.c:888:6:MX_ADC4_Init	24	static
../Core/Src/main.c:989:6:MX_CRC_Init	8	static
../Core/Src/main.c:1022:6:MX_GPDMA1_Init	8	static
../Core/Src/main.c:1050:6:MX_ICACHE_Init	8	static
../Core/Src/main.c:1080:6:MX_LPTIM2_Init	16	static
../Core/Src/main.c:1124:6:MX_RAMCFG_Init	8	static
../Core/Src/main.c:1153:6:MX_RNG_Init	8	static
../Core/Src/main.c:1180:6:MX_RTC_Init	88	static
../Core/Src/main.c:1250:6:MX_GPIO_Init	40	static
../Core/Src/main.c:1302:6:updateMesurmentCb	16	static
../Core/Src/main.c:1309:6:updateMesurment	24	static
../Core/Src/main.c:1460:10:ADC_Switch_Channel	32	static
../Core/Src/main.c:1474:6:TVMeasure	16	static
../Core/Src/main.c:1517:6:updateLedCb	16	static
../Core/Src/main.c:1521:6:updateVibroCb	16	static
../Core/Src/main.c:1525:6:updateVibroOffCb	16	static
../Core/Src/main.c:1529:6:updateTickCb	16	static
../Core/Src/main.c:1534:6:vibroActivate	8	static
../Core/Src/main.c:1554:6:ledActivate	4	static
../Core/Src/main.c:1560:6:tickSoundDeactivate	4	static
../Core/Src/main.c:1593:6:vibroActivateOff	8	static
../Core/Src/main.c:1600:6:HAL_GPIO_EXTI_Rising_Callback	16	static
../Core/Src/main.c:1675:6:Error_Handler	4	static,ignoring_inline_asm
