../System/Modules/stm_list.c:29:6:LST_init_head	0	static
../System/Modules/stm_list.c:35:9:LST_is_empty	0	static,ignoring_inline_asm
../System/Modules/stm_list.c:55:6:LST_insert_head	0	static,ignoring_inline_asm
../System/Modules/stm_list.c:70:6:LST_insert_tail	0	static,ignoring_inline_asm
../System/Modules/stm_list.c:85:6:LST_remove_node	0	static,ignoring_inline_asm
../System/Modules/stm_list.c:98:6:LST_remove_head	8	static,ignoring_inline_asm
../System/Modules/stm_list.c:111:6:LST_remove_tail	8	static,ignoring_inline_asm
../System/Modules/stm_list.c:124:6:LST_insert_node_after	0	static,ignoring_inline_asm
../System/Modules/stm_list.c:139:6:LST_insert_node_before	0	static,ignoring_inline_asm
../System/Modules/stm_list.c:154:5:LST_get_size	0	static,ignoring_inline_asm
../System/Modules/stm_list.c:175:6:LST_get_next_node	0	static,ignoring_inline_asm
../System/Modules/stm_list.c:187:6:LST_get_prev_node	0	static,ignoring_inline_asm
