../System/Modules/scm.c:970:16:SCM_HSE_WaitUntilReady.part.0	0	static,ignoring_inline_asm
../System/Modules/scm.c:370:13:SCM_HSE_TimerInit	32	static,ignoring_inline_asm
../System/Modules/scm.c:28:13:SCM_HSI_CLK_ON	0	static
../System/Modules/scm.c:34:13:SCM_HSI_CLK_OFF	0	static
../System/Modules/scm.c:40:13:SCM_HSI_SwithSystemClock_Entry	0	static
../System/Modules/scm.c:45:13:SCM_HSI_SwithSystemClock_Exit	0	static
../System/Modules/scm.c:245:23:SwitchHse16toHse32	8	static
../System/Modules/scm.c:607:16:scm_pll_fractional_update	0	static
../System/Modules/scm.c:584:16:scm_pll_setconfig	24	static
../System/Modules/scm.c:731:13:scm_pllready	0	static
../System/Modules/scm.c:633:16:scm_setsystemclock	24	static,ignoring_inline_asm
../System/Modules/scm.c:746:16:scm_setwaitstates	8	static
../System/Modules/scm.c:806:16:scm_hserdy_isr	16	static
../System/Modules/scm.c:499:16:scm_setup	16	static
../System/Modules/scm.c:399:16:scm_init	32	static,ignoring_inline_asm
../System/Modules/scm.c:872:16:scm_pllrdy_isr	8	static
../System/Modules/scm.c:910:16:scm_notifyradiostate	0	static
../System/Modules/scm.c:929:16:scm_standbyexit	16	static
../System/Modules/scm.c:946:19:isRadioActive	0	static
../System/Modules/scm.c:951:19:SCM_HSE_Get_SW_HSERDY	0	static
../System/Modules/scm.c:956:16:SCM_HSE_Set_SW_HSERDY	0	static,ignoring_inline_asm
../System/Modules/scm.c:963:16:SCM_HSE_Clear_SW_HSERDY	0	static,ignoring_inline_asm
../System/Modules/scm.c:970:16:SCM_HSE_WaitUntilReady	0	static
../System/Modules/scm.c:1008:16:SCM_HSE_StartStabilizationTimer	0	static
../System/Modules/scm.c:1025:16:SCM_HSE_StopStabilizationTimer	0	static,ignoring_inline_asm
../System/Modules/scm.c:1039:16:SCM_HSE_SW_HSERDY_isr	0	static,ignoring_inline_asm
