../Drivers/CMSIS/Include/core_cm33.h:2390:22:__NVIC_EnableIRQ	16	static,ignoring_inline_asm
../Drivers/CMSIS/Include/core_cm33.h:2587:22:__NVIC_SetPriority	16	static
../Drivers/CMSIS/Include/core_cm33.h:2609:26:__NVIC_GetPriority	16	static
../Drivers/STM32WBAxx_HAL_Driver/Inc/stm32wbaxx_ll_system.h:946:22:LL_DBGMCU_DisableDBGStopMode	4	static
../Drivers/STM32WBAxx_HAL_Driver/Inc/stm32wbaxx_ll_system.h:966:22:LL_DBGMCU_DisableDBGStandbyMode	4	static
../Drivers/STM32WBAxx_HAL_Driver/Inc/stm32wbaxx_ll_pwr.h:384:22:LL_PWR_SetPowerMode	16	static
../Drivers/STM32WBAxx_HAL_Driver/Inc/stm32wbaxx_ll_pwr.h:482:22:LL_PWR_EnableUltraLowPowerMode	4	static
../Drivers/STM32WBAxx_HAL_Driver/Inc/stm32wbaxx_ll_pwr.h:1015:22:LL_PWR_EnableBkUpAccess	4	static
../Drivers/STM32WBAxx_HAL_Driver/Inc/stm32wbaxx_ll_pwr.h:1379:26:LL_PWR_IsActiveFlag_SB	4	static
../Drivers/STM32WBAxx_HAL_Driver/Inc/stm32wbaxx_ll_pwr.h:1389:26:LL_PWR_IsActiveFlag_STOP	4	static
../Drivers/STM32WBAxx_HAL_Driver/Inc/stm32wbaxx_ll_pwr.h:1423:26:LL_PWR_IsActiveFlag_ACTVOS	4	static
../Drivers/STM32WBAxx_HAL_Driver/Inc/stm32wbaxx_ll_cortex.h:317:22:LL_LPM_EnableSleep	4	static
../Drivers/STM32WBAxx_HAL_Driver/Inc/stm32wbaxx_ll_cortex.h:328:22:LL_LPM_EnableDeepSleep	4	static
../Drivers/STM32WBAxx_HAL_Driver/Inc/stm32wbaxx_ll_gpio.h:783:26:LL_GPIO_ReadInputPort	16	static
../Drivers/STM32WBAxx_HAL_Driver/Inc/stm32wbaxx_ll_gpio.h:824:22:LL_GPIO_WriteOutputPort	16	static
../Drivers/STM32WBAxx_HAL_Driver/Inc/stm32wbaxx_ll_icache.h:219:22:LL_ICACHE_Enable	4	static
../Drivers/STM32WBAxx_HAL_Driver/Inc/stm32wbaxx_ll_icache.h:229:22:LL_ICACHE_Disable	4	static
../Drivers/STM32WBAxx_HAL_Driver/Inc/stm32wbaxx_ll_icache.h:239:26:LL_ICACHE_IsEnabled	4	static
../System/Interfaces/stm32_lpm_if.c:134:23:Standby_Restore_GPIO	40	static,ignoring_inline_asm
../System/Interfaces/stm32_lpm_if.c:199:23:Enter_Stop_Standby_Mode	8	static
../System/Interfaces/stm32_lpm_if.c:226:23:Exit_Stop_Standby_Mode	8	static
../System/Interfaces/stm32_lpm_if.c:288:16:PWR_EnterOffMode	24	static,ignoring_inline_asm
../System/Interfaces/stm32_lpm_if.c:367:16:PWR_ExitOffMode	24	static
../System/Interfaces/stm32_lpm_if.c:483:16:PWR_EnterStopMode	8	static,ignoring_inline_asm
../System/Interfaces/stm32_lpm_if.c:512:16:PWR_ExitStopMode	8	static
../System/Interfaces/stm32_lpm_if.c:536:6:PWR_EnterSleepMode	8	static,ignoring_inline_asm
../System/Interfaces/stm32_lpm_if.c:555:6:PWR_ExitSleepMode	8	static
../System/Interfaces/stm32_lpm_if.c:568:10:is_boot_from_standby	16	static,ignoring_inline_asm
