../System/Modules/stm_list.c:31:6:LST_init_head	0	static
../System/Modules/stm_list.c:37:9:LST_is_empty	0	static,ignoring_inline_asm
../System/Modules/stm_list.c:57:6:LST_insert_head	0	static,ignoring_inline_asm
../System/Modules/stm_list.c:72:6:LST_insert_tail	0	static,ignoring_inline_asm
../System/Modules/stm_list.c:87:6:LST_remove_node	0	static,ignoring_inline_asm
../System/Modules/stm_list.c:100:6:LST_remove_head	8	static,ignoring_inline_asm
../System/Modules/stm_list.c:113:6:LST_remove_tail	8	static,ignoring_inline_asm
../System/Modules/stm_list.c:126:6:LST_insert_node_after	0	static,ignoring_inline_asm
../System/Modules/stm_list.c:141:6:LST_insert_node_before	0	static,ignoring_inline_asm
../System/Modules/stm_list.c:156:5:LST_get_size	0	static,ignoring_inline_asm
../System/Modules/stm_list.c:177:6:LST_get_next_node	0	static,ignoring_inline_asm
../System/Modules/stm_list.c:189:6:LST_get_prev_node	0	static,ignoring_inline_asm
