../Drivers/STM32WBAxx_HAL_Driver/Inc/stm32wbaxx_ll_system.h:1058:26:LL_FLASH_GetUDN	4	static
../Drivers/STM32WBAxx_HAL_Driver/Inc/stm32wbaxx_ll_system.h:1068:26:LL_FLASH_GetDeviceID	4	static
../Drivers/STM32WBAxx_HAL_Driver/Inc/stm32wbaxx_ll_system.h:1078:26:LL_FLASH_GetSTCompanyID	4	static
../STM32_WPAN/App/app_ble.c:225:6:APP_BLE_Init	48	static
../STM32_WPAN/App/app_ble.c:322:28:SVCCTL_App_Notification	128	static
../STM32_WPAN/App/app_ble.c:723:22:APP_BLE_Get_Server_Connection_Status	4	static
../STM32_WPAN/App/app_ble.c:728:6:APP_BLE_Procedure_Gap_General	32	static
../STM32_WPAN/App/app_ble.c:822:6:APP_BLE_Procedure_Gap_Peripheral	96	static
../STM32_WPAN/App/app_ble.c:1030:16:HOST_BLE_Init	16	static
../STM32_WPAN/App/app_ble.c:1060:13:Ble_Hci_Gap_Gatt_Init	64	static
../STM32_WPAN/App/app_ble.c:1268:13:Ble_UserEvtRx	16	static
../STM32_WPAN/App/app_ble.c:1296:23:BleGetBdAddress	40	static
../STM32_WPAN/App/app_ble.c:1369:13:BleStack_Process_BG	8	static
../STM32_WPAN/App/app_ble.c:1377:13:gap_cmd_resp_release	8	static
../STM32_WPAN/App/app_ble.c:1383:13:gap_cmd_resp_wait	8	static
../STM32_WPAN/App/app_ble.c:1394:13:BLE_ResumeFlowProcessCallback	16	static
../STM32_WPAN/App/app_ble.c:1404:13:BLE_NvmCallback	16	static
../STM32_WPAN/App/app_ble.c:1424:12:BLECB_Indication	32	static
../STM32_WPAN/App/app_ble.c:1464:6:NVMCB_Store	16	static
../STM32_WPAN/App/app_ble.c:1476:41:APP_BLE_ComputeCRC8	8	static
