../Drivers/STM32WBAxx_HAL_Driver/Inc/stm32wbaxx_ll_system.h:1058:26:LL_FLASH_GetUDN	4	static
../Drivers/STM32WBAxx_HAL_Driver/Inc/stm32wbaxx_ll_system.h:1068:26:LL_FLASH_GetDeviceID	4	static
../Drivers/STM32WBAxx_HAL_Driver/Inc/stm32wbaxx_ll_system.h:1078:26:LL_FLASH_GetSTCompanyID	4	static
../STM32_WPAN/App/app_ble.c:225:6:APP_BLE_Init	16	static
../STM32_WPAN/App/app_ble.c:294:28:SVCCTL_App_Notification	120	static
../STM32_WPAN/App/app_ble.c:654:22:APP_BLE_Get_Server_Connection_Status	4	static
../STM32_WPAN/App/app_ble.c:659:6:APP_BLE_Procedure_Gap_General	32	static
../STM32_WPAN/App/app_ble.c:753:6:APP_BLE_Procedure_Gap_Peripheral	96	static
../STM32_WPAN/App/app_ble.c:961:16:HOST_BLE_Init	16	static
../STM32_WPAN/App/app_ble.c:991:13:Ble_Hci_Gap_Gatt_Init	64	static
../STM32_WPAN/App/app_ble.c:1199:13:Ble_UserEvtRx	16	static
../STM32_WPAN/App/app_ble.c:1227:23:BleGetBdAddress	40	static
../STM32_WPAN/App/app_ble.c:1300:13:BleStack_Process_BG	8	static
../STM32_WPAN/App/app_ble.c:1308:13:gap_cmd_resp_release	8	static
../STM32_WPAN/App/app_ble.c:1314:13:gap_cmd_resp_wait	8	static
../STM32_WPAN/App/app_ble.c:1325:13:BLE_ResumeFlowProcessCallback	16	static
../STM32_WPAN/App/app_ble.c:1335:13:BLE_NvmCallback	16	static
../STM32_WPAN/App/app_ble.c:1355:12:BLECB_Indication	32	static
../STM32_WPAN/App/app_ble.c:1395:6:NVMCB_Store	16	static
