../Drivers/STM32WBAxx_HAL_Driver/Inc/stm32wbaxx_ll_system.h:1058:26:LL_FLASH_GetUDN	4	static
../Drivers/STM32WBAxx_HAL_Driver/Inc/stm32wbaxx_ll_system.h:1068:26:LL_FLASH_GetDeviceID	4	static
../Drivers/STM32WBAxx_HAL_Driver/Inc/stm32wbaxx_ll_system.h:1078:26:LL_FLASH_GetSTCompanyID	4	static
../STM32_WPAN/App/app_ble.c:225:6:APP_BLE_Init	48	static
../STM32_WPAN/App/app_ble.c:319:28:SVCCTL_App_Notification	128	static
../STM32_WPAN/App/app_ble.c:704:22:APP_BLE_Get_Server_Connection_Status	4	static
../STM32_WPAN/App/app_ble.c:709:6:APP_BLE_Procedure_Gap_General	32	static
../STM32_WPAN/App/app_ble.c:803:6:APP_BLE_Procedure_Gap_Peripheral	96	static
../STM32_WPAN/App/app_ble.c:1011:16:HOST_BLE_Init	16	static
../STM32_WPAN/App/app_ble.c:1041:13:Ble_Hci_Gap_Gatt_Init	64	static
../STM32_WPAN/App/app_ble.c:1249:13:Ble_UserEvtRx	16	static
../STM32_WPAN/App/app_ble.c:1277:23:BleGetBdAddress	40	static
../STM32_WPAN/App/app_ble.c:1350:13:BleStack_Process_BG	8	static
../STM32_WPAN/App/app_ble.c:1358:13:gap_cmd_resp_release	8	static
../STM32_WPAN/App/app_ble.c:1364:13:gap_cmd_resp_wait	8	static
../STM32_WPAN/App/app_ble.c:1375:13:BLE_ResumeFlowProcessCallback	16	static
../STM32_WPAN/App/app_ble.c:1385:13:BLE_NvmCallback	16	static
../STM32_WPAN/App/app_ble.c:1405:12:BLECB_Indication	32	static
../STM32_WPAN/App/app_ble.c:1445:6:NVMCB_Store	16	static
../STM32_WPAN/App/app_ble.c:1457:41:APP_BLE_ComputeCRC8	8	static
