../System/Interfaces/hw_rng.c:26:13:RNG_KERNEL_CLK_ON	0	static
../System/Interfaces/hw_rng.c:35:13:RNG_KERNEL_CLK_OFF	0	static
../System/Interfaces/hw_rng.c:75:6:HW_RNG_EnableClock	24	static,ignoring_inline_asm
../System/Interfaces/hw_rng.c:95:6:HW_RNG_DisableClock	16	static,ignoring_inline_asm
../System/Interfaces/hw_rng.c:61:6:HW_RNG_Disable	8	static
../System/Interfaces/hw_rng.c:150:12:HW_RNG_Run.constprop	24	static,ignoring_inline_asm
../System/Interfaces/hw_rng.c:235:6:HW_RNG_Start	8	static
../System/Interfaces/hw_rng.c:255:6:HW_RNG_Get	8	static,ignoring_inline_asm
../System/Interfaces/hw_rng.c:285:5:HW_RNG_Process	16	static,ignoring_inline_asm
