../System/Interfaces/stm32_lpm_if.c:398:6:PWR_EnterSleepMode	0	static,ignoring_inline_asm
../System/Interfaces/stm32_lpm_if.c:412:6:PWR_ExitSleepMode	0	static
../System/Interfaces/stm32_lpm_if.c:178:13:Enter_Stop_Standby_Mode	8	static
../System/Interfaces/stm32_lpm_if.c:199:13:Exit_Stop_Standby_Mode	0	static
../System/Interfaces/stm32_lpm_if.c:380:6:PWR_ExitStopMode	8	static
../System/Interfaces/stm32_lpm_if.c:215:6:PWR_EnterOffMode	24	static,ignoring_inline_asm
../System/Interfaces/stm32_lpm_if.c:356:6:PWR_EnterStopMode	8	static,ignoring_inline_asm
../System/Interfaces/stm32_lpm_if.c:113:13:Standby_Restore_GPIO	16	static,ignoring_inline_asm
../System/Interfaces/stm32_lpm_if.c:281:6:PWR_ExitOffMode	24	static
../System/Interfaces/stm32_lpm_if.c:419:10:is_boot_from_standby	8	static,ignoring_inline_asm
../System/Interfaces/stm32_lpm_if.c:449:13:enter_standby_notification	0	static
../System/Interfaces/stm32_lpm_if.c:454:13:exit_standby_notification	0	static
