../Drivers/CMSIS/Include/core_cm33.h:2498:26:__NVIC_GetActive	16	static
../Drivers/CMSIS/Include/core_cm33.h:2587:22:__NVIC_SetPriority	16	static
../Drivers/STM32WBAxx_HAL_Driver/Inc/stm32wbaxx_ll_rcc.h:842:26:LL_RCC_HSE_IsReady	4	static
../Drivers/STM32WBAxx_HAL_Driver/Inc/stm32wbaxx_ll_rcc.h:1761:26:LL_RCC_RADIO_GetSleepTimerClockSource	4	static
../Drivers/STM32WBAxx_HAL_Driver/Inc/stm32wbaxx_ll_pwr.h:1368:26:LL_PWR_IsActiveFlag_VOS	4	static
../STM32_WPAN/Target/linklayer_plat.c:69:6:LINKLAYER_PLAT_ClockInit	16	static
../STM32_WPAN/Target/linklayer_plat.c:90:6:LINKLAYER_PLAT_DelayUs	24	static,ignoring_inline_asm
../STM32_WPAN/Target/linklayer_plat.c:105:6:LINKLAYER_PLAT_Assert	16	static
../STM32_WPAN/Target/linklayer_plat.c:115:6:LINKLAYER_PLAT_WaitHclkRdy	8	static
../STM32_WPAN/Target/linklayer_plat.c:126:6:LINKLAYER_PLAT_AclkCtrl	16	static
../STM32_WPAN/Target/linklayer_plat.c:148:6:LINKLAYER_PLAT_GetRNG	24	static
../STM32_WPAN/Target/linklayer_plat.c:175:6:LINKLAYER_PLAT_SetupRadioIT	16	static
../STM32_WPAN/Target/linklayer_plat.c:187:6:LINKLAYER_PLAT_SetupSwLowIT	16	static
../STM32_WPAN/Target/linklayer_plat.c:200:6:LINKLAYER_PLAT_TriggerSwLowIT	24	static
../STM32_WPAN/Target/linklayer_plat.c:241:6:LINKLAYER_PLAT_EnableIRQ	16	static,ignoring_inline_asm
../STM32_WPAN/Target/linklayer_plat.c:257:6:LINKLAYER_PLAT_DisableIRQ	16	static,ignoring_inline_asm
../STM32_WPAN/Target/linklayer_plat.c:278:6:LINKLAYER_PLAT_EnableSpecificIRQ	24	static,ignoring_inline_asm
../STM32_WPAN/Target/linklayer_plat.c:325:6:LINKLAYER_PLAT_DisableSpecificIRQ	24	static,ignoring_inline_asm
../STM32_WPAN/Target/linklayer_plat.c:369:6:LINKLAYER_PLAT_EnableRadioIT	8	static
../STM32_WPAN/Target/linklayer_plat.c:387:6:LINKLAYER_PLAT_DisableRadioIT	8	static
../STM32_WPAN/Target/linklayer_plat.c:405:6:LINKLAYER_PLAT_StartRadioEvt	8	static
../STM32_WPAN/Target/linklayer_plat.c:419:6:LINKLAYER_PLAT_StopRadioEvt	8	static
../STM32_WPAN/Target/linklayer_plat.c:433:6:LINKLAYER_PLAT_RCOStartClbr	8	static
../STM32_WPAN/Target/linklayer_plat.c:452:6:LINKLAYER_PLAT_RCOStopClbr	8	static
../STM32_WPAN/Target/linklayer_plat.c:471:6:LINKLAYER_PLAT_RequestTemperature	8	static
../STM32_WPAN/Target/linklayer_plat.c:483:6:LINKLAYER_PLAT_EnableOSContextSwitch	4	static
../STM32_WPAN/Target/linklayer_plat.c:492:6:LINKLAYER_PLAT_DisableOSContextSwitch	4	static
../STM32_WPAN/Target/linklayer_plat.c:501:6:LINKLAYER_PLAT_SCHLDR_TIMING_UPDATE_NOT	16	static
