../Drivers/CMSIS/Include/core_cm33.h:2498:26:__NVIC_GetActive	16	static
../Drivers/CMSIS/Include/core_cm33.h:2587:22:__NVIC_SetPriority	16	static
../Drivers/STM32WBAxx_HAL_Driver/Inc/stm32wbaxx_ll_rcc.h:1720:26:LL_RCC_RADIO_IsEnabledSleepTimerClock	4	static
../Drivers/STM32WBAxx_HAL_Driver/Inc/stm32wbaxx_ll_rcc.h:1763:26:LL_RCC_RADIO_GetSleepTimerClockSource	4	static
../Drivers/STM32WBAxx_HAL_Driver/Inc/stm32wbaxx_ll_system.h:1208:26:LL_FLASH_GetUDN	4	static
../Drivers/STM32WBAxx_HAL_Driver/Inc/stm32wbaxx_ll_system.h:1228:26:LL_FLASH_GetSTCompanyID	4	static
../Drivers/STM32WBAxx_HAL_Driver/Inc/stm32wbaxx_ll_pwr.h:1342:26:LL_PWR_GetRadioMode	4	static
../Drivers/STM32WBAxx_HAL_Driver/Inc/stm32wbaxx_ll_pwr.h:1368:26:LL_PWR_IsActiveFlag_VOS	4	static
../STM32_WPAN/Target/linklayer_plat.c:67:6:LINKLAYER_PLAT_ClockInit	16	static
../STM32_WPAN/Target/linklayer_plat.c:88:6:LINKLAYER_PLAT_DelayUs	24	static,ignoring_inline_asm
../STM32_WPAN/Target/linklayer_plat.c:103:6:LINKLAYER_PLAT_Assert	16	static
../STM32_WPAN/Target/linklayer_plat.c:113:6:LINKLAYER_PLAT_WaitHclkRdy	8	static
../STM32_WPAN/Target/linklayer_plat.c:129:6:LINKLAYER_PLAT_NotifyWFIEnter	8	static
../STM32_WPAN/Target/linklayer_plat.c:151:6:LINKLAYER_PLAT_NotifyWFIExit	8	static
../STM32_WPAN/Target/linklayer_plat.c:166:6:LINKLAYER_PLAT_AclkCtrl	16	static
../STM32_WPAN/Target/linklayer_plat.c:197:6:LINKLAYER_PLAT_GetRNG	24	static
../STM32_WPAN/Target/linklayer_plat.c:224:6:LINKLAYER_PLAT_SetupRadioIT	16	static
../STM32_WPAN/Target/linklayer_plat.c:236:6:LINKLAYER_PLAT_SetupSwLowIT	16	static
../STM32_WPAN/Target/linklayer_plat.c:249:6:LINKLAYER_PLAT_TriggerSwLowIT	24	static
../STM32_WPAN/Target/linklayer_plat.c:290:6:LINKLAYER_PLAT_EnableIRQ	16	static,ignoring_inline_asm
../STM32_WPAN/Target/linklayer_plat.c:306:6:LINKLAYER_PLAT_DisableIRQ	16	static,ignoring_inline_asm
../STM32_WPAN/Target/linklayer_plat.c:327:6:LINKLAYER_PLAT_EnableSpecificIRQ	24	static,ignoring_inline_asm
../STM32_WPAN/Target/linklayer_plat.c:374:6:LINKLAYER_PLAT_DisableSpecificIRQ	24	static,ignoring_inline_asm
../STM32_WPAN/Target/linklayer_plat.c:418:6:LINKLAYER_PLAT_EnableRadioIT	8	static
../STM32_WPAN/Target/linklayer_plat.c:436:6:LINKLAYER_PLAT_DisableRadioIT	8	static
../STM32_WPAN/Target/linklayer_plat.c:454:6:LINKLAYER_PLAT_StartRadioEvt	8	static
../STM32_WPAN/Target/linklayer_plat.c:468:6:LINKLAYER_PLAT_StopRadioEvt	8	static
../STM32_WPAN/Target/linklayer_plat.c:482:6:LINKLAYER_PLAT_RCOStartClbr	8	static
../STM32_WPAN/Target/linklayer_plat.c:501:6:LINKLAYER_PLAT_RCOStopClbr	8	static
../STM32_WPAN/Target/linklayer_plat.c:520:6:LINKLAYER_PLAT_RequestTemperature	4	static
../STM32_WPAN/Target/linklayer_plat.c:529:6:LINKLAYER_PLAT_EnableOSContextSwitch	4	static
../STM32_WPAN/Target/linklayer_plat.c:544:6:LINKLAYER_PLAT_DisableOSContextSwitch	4	static
../STM32_WPAN/Target/linklayer_plat.c:559:6:LINKLAYER_PLAT_SCHLDR_TIMING_UPDATE_NOT	16	static
../STM32_WPAN/Target/linklayer_plat.c:571:10:LINKLAYER_PLAT_GetSTCompanyID	8	static
../STM32_WPAN/Target/linklayer_plat.c:581:10:LINKLAYER_PLAT_GetUDN	8	static
