../Drivers/STM32WBAxx_HAL_Driver/Src/stm32wbaxx_hal_uart.c:309:19:HAL_UART_Init	16	static
../Drivers/STM32WBAxx_HAL_Driver/Src/stm32wbaxx_hal_uart.c:384:19:HAL_HalfDuplex_Init	16	static
../Drivers/STM32WBAxx_HAL_Driver/Src/stm32wbaxx_hal_uart.c:459:19:HAL_LIN_Init	16	static
../Drivers/STM32WBAxx_HAL_Driver/Src/stm32wbaxx_hal_uart.c:558:19:HAL_MultiProcessor_Init	24	static
../Drivers/STM32WBAxx_HAL_Driver/Src/stm32wbaxx_hal_uart.c:634:19:HAL_UART_DeInit	16	static
../Drivers/STM32WBAxx_HAL_Driver/Src/stm32wbaxx_hal_uart.c:681:13:HAL_UART_MspInit	16	static
../Drivers/STM32WBAxx_HAL_Driver/Src/stm32wbaxx_hal_uart.c:696:13:HAL_UART_MspDeInit	16	static
../Drivers/STM32WBAxx_HAL_Driver/Src/stm32wbaxx_hal_uart.c:1111:19:HAL_UART_Transmit	48	static
../Drivers/STM32WBAxx_HAL_Driver/Src/stm32wbaxx_hal_uart.c:1201:19:HAL_UART_Receive	48	static
../Drivers/STM32WBAxx_HAL_Driver/Src/stm32wbaxx_hal_uart.c:1285:19:HAL_UART_Transmit_IT	72	static,ignoring_inline_asm
../Drivers/STM32WBAxx_HAL_Driver/Src/stm32wbaxx_hal_uart.c:1353:19:HAL_UART_Receive_IT	48	static,ignoring_inline_asm
../Drivers/STM32WBAxx_HAL_Driver/Src/stm32wbaxx_hal_uart.c:1395:19:HAL_UART_Transmit_DMA	56	static,ignoring_inline_asm
../Drivers/STM32WBAxx_HAL_Driver/Src/stm32wbaxx_hal_uart.c:1504:19:HAL_UART_Receive_DMA	48	static,ignoring_inline_asm
../Drivers/STM32WBAxx_HAL_Driver/Src/stm32wbaxx_hal_uart.c:1540:19:HAL_UART_DMAPause	72	static,ignoring_inline_asm
../Drivers/STM32WBAxx_HAL_Driver/Src/stm32wbaxx_hal_uart.c:1602:19:HAL_UART_DMAResume	64	static,ignoring_inline_asm
../Drivers/STM32WBAxx_HAL_Driver/Src/stm32wbaxx_hal_uart.c:1651:19:HAL_UART_DMAStop	72	static,ignoring_inline_asm
../Drivers/STM32WBAxx_HAL_Driver/Src/stm32wbaxx_hal_uart.c:1727:19:HAL_UART_Abort	136	static,ignoring_inline_asm
../Drivers/STM32WBAxx_HAL_Driver/Src/stm32wbaxx_hal_uart.c:1832:19:HAL_UART_AbortTransmit	88	static,ignoring_inline_asm
../Drivers/STM32WBAxx_HAL_Driver/Src/stm32wbaxx_hal_uart.c:1893:19:HAL_UART_AbortReceive	112	static,ignoring_inline_asm
../Drivers/STM32WBAxx_HAL_Driver/Src/stm32wbaxx_hal_uart.c:1963:19:HAL_UART_Abort_IT	144	static,ignoring_inline_asm
../Drivers/STM32WBAxx_HAL_Driver/Src/stm32wbaxx_hal_uart.c:2118:19:HAL_UART_AbortTransmit_IT	88	static,ignoring_inline_asm
../Drivers/STM32WBAxx_HAL_Driver/Src/stm32wbaxx_hal_uart.c:2211:19:HAL_UART_AbortReceive_IT	112	static,ignoring_inline_asm
../Drivers/STM32WBAxx_HAL_Driver/Src/stm32wbaxx_hal_uart.c:2306:6:HAL_UART_IRQHandler	240	static,ignoring_inline_asm
../Drivers/STM32WBAxx_HAL_Driver/Src/stm32wbaxx_hal_uart.c:2646:13:HAL_UART_TxCpltCallback	16	static
../Drivers/STM32WBAxx_HAL_Driver/Src/stm32wbaxx_hal_uart.c:2661:13:HAL_UART_TxHalfCpltCallback	16	static
../Drivers/STM32WBAxx_HAL_Driver/Src/stm32wbaxx_hal_uart.c:2676:13:HAL_UART_RxCpltCallback	16	static
../Drivers/STM32WBAxx_HAL_Driver/Src/stm32wbaxx_hal_uart.c:2691:13:HAL_UART_RxHalfCpltCallback	16	static
../Drivers/STM32WBAxx_HAL_Driver/Src/stm32wbaxx_hal_uart.c:2706:13:HAL_UART_ErrorCallback	16	static
../Drivers/STM32WBAxx_HAL_Driver/Src/stm32wbaxx_hal_uart.c:2721:13:HAL_UART_AbortCpltCallback	16	static
../Drivers/STM32WBAxx_HAL_Driver/Src/stm32wbaxx_hal_uart.c:2736:13:HAL_UART_AbortTransmitCpltCallback	16	static
../Drivers/STM32WBAxx_HAL_Driver/Src/stm32wbaxx_hal_uart.c:2751:13:HAL_UART_AbortReceiveCpltCallback	16	static
../Drivers/STM32WBAxx_HAL_Driver/Src/stm32wbaxx_hal_uart.c:2768:13:HAL_UARTEx_RxEventCallback	16	static
../Drivers/STM32WBAxx_HAL_Driver/Src/stm32wbaxx_hal_uart.c:2816:6:HAL_UART_ReceiverTimeout_Config	16	static
../Drivers/STM32WBAxx_HAL_Driver/Src/stm32wbaxx_hal_uart.c:2831:19:HAL_UART_EnableReceiverTimeout	16	static
../Drivers/STM32WBAxx_HAL_Driver/Src/stm32wbaxx_hal_uart.c:2869:19:HAL_UART_DisableReceiverTimeout	16	static
../Drivers/STM32WBAxx_HAL_Driver/Src/stm32wbaxx_hal_uart.c:2907:19:HAL_MultiProcessor_EnableMuteMode	40	static,ignoring_inline_asm
../Drivers/STM32WBAxx_HAL_Driver/Src/stm32wbaxx_hal_uart.c:2927:19:HAL_MultiProcessor_DisableMuteMode	40	static,ignoring_inline_asm
../Drivers/STM32WBAxx_HAL_Driver/Src/stm32wbaxx_hal_uart.c:2947:6:HAL_MultiProcessor_EnterMuteMode	16	static
../Drivers/STM32WBAxx_HAL_Driver/Src/stm32wbaxx_hal_uart.c:2957:19:HAL_HalfDuplex_EnableTransmitter	64	static,ignoring_inline_asm
../Drivers/STM32WBAxx_HAL_Driver/Src/stm32wbaxx_hal_uart.c:2980:19:HAL_HalfDuplex_EnableReceiver	64	static,ignoring_inline_asm
../Drivers/STM32WBAxx_HAL_Driver/Src/stm32wbaxx_hal_uart.c:3004:19:HAL_LIN_SendBreak	16	static
../Drivers/STM32WBAxx_HAL_Driver/Src/stm32wbaxx_hal_uart.c:3049:23:HAL_UART_GetState	24	static
../Drivers/STM32WBAxx_HAL_Driver/Src/stm32wbaxx_hal_uart.c:3065:10:HAL_UART_GetError	16	static
../Drivers/STM32WBAxx_HAL_Driver/Src/stm32wbaxx_hal_uart.c:3110:19:UART_SetConfig	80	static
../Drivers/STM32WBAxx_HAL_Driver/Src/stm32wbaxx_hal_uart.c:3331:6:UART_AdvFeatureConfig	16	static
../Drivers/STM32WBAxx_HAL_Driver/Src/stm32wbaxx_hal_uart.c:3407:19:UART_CheckIdleState	104	static,ignoring_inline_asm
../Drivers/STM32WBAxx_HAL_Driver/Src/stm32wbaxx_hal_uart.c:3476:19:UART_WaitOnFlagUntilTimeout	24	static
../Drivers/STM32WBAxx_HAL_Driver/Src/stm32wbaxx_hal_uart.c:3544:19:UART_Start_Receive_IT	144	static,ignoring_inline_asm
../Drivers/STM32WBAxx_HAL_Driver/Src/stm32wbaxx_hal_uart.c:3617:19:UART_Start_Receive_DMA	104	static,ignoring_inline_asm
../Drivers/STM32WBAxx_HAL_Driver/Src/stm32wbaxx_hal_uart.c:3713:13:UART_EndTxTransfer	64	static,ignoring_inline_asm
../Drivers/STM32WBAxx_HAL_Driver/Src/stm32wbaxx_hal_uart.c:3730:13:UART_EndRxTransfer	88	static,ignoring_inline_asm
../Drivers/STM32WBAxx_HAL_Driver/Src/stm32wbaxx_hal_uart.c:3757:13:UART_DMATransmitCplt	72	static,ignoring_inline_asm
../Drivers/STM32WBAxx_HAL_Driver/Src/stm32wbaxx_hal_uart.c:3791:13:UART_DMATxHalfCplt	24	static
../Drivers/STM32WBAxx_HAL_Driver/Src/stm32wbaxx_hal_uart.c:3809:13:UART_DMAReceiveCplt	120	static,ignoring_inline_asm
../Drivers/STM32WBAxx_HAL_Driver/Src/stm32wbaxx_hal_uart.c:3870:13:UART_DMARxHalfCplt	24	static
../Drivers/STM32WBAxx_HAL_Driver/Src/stm32wbaxx_hal_uart.c:3908:13:UART_DMAError	32	static
../Drivers/STM32WBAxx_HAL_Driver/Src/stm32wbaxx_hal_uart.c:3948:13:UART_DMAAbortOnError	24	static
../Drivers/STM32WBAxx_HAL_Driver/Src/stm32wbaxx_hal_uart.c:3970:13:UART_DMATxAbortCallback	24	static
../Drivers/STM32WBAxx_HAL_Driver/Src/stm32wbaxx_hal_uart.c:4025:13:UART_DMARxAbortCallback	24	static
../Drivers/STM32WBAxx_HAL_Driver/Src/stm32wbaxx_hal_uart.c:4077:13:UART_DMATxOnlyAbortCallback	24	static
../Drivers/STM32WBAxx_HAL_Driver/Src/stm32wbaxx_hal_uart.c:4110:13:UART_DMARxOnlyAbortCallback	24	static
../Drivers/STM32WBAxx_HAL_Driver/Src/stm32wbaxx_hal_uart.c:4144:13:UART_TxISR_8BIT	64	static,ignoring_inline_asm
../Drivers/STM32WBAxx_HAL_Driver/Src/stm32wbaxx_hal_uart.c:4173:13:UART_TxISR_16BIT	72	static,ignoring_inline_asm
../Drivers/STM32WBAxx_HAL_Driver/Src/stm32wbaxx_hal_uart.c:4205:13:UART_TxISR_8BIT_FIFOEN	72	static,ignoring_inline_asm
../Drivers/STM32WBAxx_HAL_Driver/Src/stm32wbaxx_hal_uart.c:4245:13:UART_TxISR_16BIT_FIFOEN	72	static,ignoring_inline_asm
../Drivers/STM32WBAxx_HAL_Driver/Src/stm32wbaxx_hal_uart.c:4286:13:UART_EndTransmit_IT	40	static,ignoring_inline_asm
../Drivers/STM32WBAxx_HAL_Driver/Src/stm32wbaxx_hal_uart.c:4311:13:UART_RxISR_8BIT	120	static,ignoring_inline_asm
../Drivers/STM32WBAxx_HAL_Driver/Src/stm32wbaxx_hal_uart.c:4402:13:UART_RxISR_16BIT	120	static,ignoring_inline_asm
../Drivers/STM32WBAxx_HAL_Driver/Src/stm32wbaxx_hal_uart.c:4495:13:UART_RxISR_8BIT_FIFOEN	184	static,ignoring_inline_asm
../Drivers/STM32WBAxx_HAL_Driver/Src/stm32wbaxx_hal_uart.c:4658:13:UART_RxISR_16BIT_FIFOEN	192	static,ignoring_inline_asm
