../Drivers/STM32WBAxx_HAL_Driver/Src/stm32wbaxx_hal_rcc.c:222:19:HAL_RCC_DeInit	16	static
../Drivers/STM32WBAxx_HAL_Driver/Src/stm32wbaxx_hal_rcc.c:326:19:HAL_RCC_OscConfig	56	static
../Drivers/STM32WBAxx_HAL_Driver/Src/stm32wbaxx_hal_rcc.c:968:20:HAL_RCC_ClockConfig	32	static
../Drivers/STM32WBAxx_HAL_Driver/Src/stm32wbaxx_hal_rcc.c:1223:6:HAL_RCC_MCOConfig	48	static
../Drivers/STM32WBAxx_HAL_Driver/Src/stm32wbaxx_hal_rcc.c:1271:10:HAL_RCC_GetSysClockFreq	16	static
../Drivers/STM32WBAxx_HAL_Driver/Src/stm32wbaxx_hal_rcc.c:1304:10:HAL_RCC_GetHCLKFreq	8	static
../Drivers/STM32WBAxx_HAL_Driver/Src/stm32wbaxx_hal_rcc.c:1316:10:HAL_RCC_GetPCLK1Freq	8	static
../Drivers/STM32WBAxx_HAL_Driver/Src/stm32wbaxx_hal_rcc.c:1328:10:HAL_RCC_GetPCLK2Freq	8	static
../Drivers/STM32WBAxx_HAL_Driver/Src/stm32wbaxx_hal_rcc.c:1340:10:HAL_RCC_GetPCLK7Freq	8	static
../Drivers/STM32WBAxx_HAL_Driver/Src/stm32wbaxx_hal_rcc.c:1359:10:HAL_RCC_GetHCLK5Freq	16	static
../Drivers/STM32WBAxx_HAL_Driver/Src/stm32wbaxx_hal_rcc.c:1390:10:HAL_RCC_GetPLL1PFreq	16	static
../Drivers/STM32WBAxx_HAL_Driver/Src/stm32wbaxx_hal_rcc.c:1405:10:HAL_RCC_GetPLL1QFreq	16	static
../Drivers/STM32WBAxx_HAL_Driver/Src/stm32wbaxx_hal_rcc.c:1420:10:HAL_RCC_GetPLL1RFreq	16	static
../Drivers/STM32WBAxx_HAL_Driver/Src/stm32wbaxx_hal_rcc.c:1438:6:HAL_RCC_GetOscConfig	24	static
../Drivers/STM32WBAxx_HAL_Driver/Src/stm32wbaxx_hal_rcc.c:1519:6:HAL_RCC_GetClockConfig	24	static
../Drivers/STM32WBAxx_HAL_Driver/Src/stm32wbaxx_hal_rcc.c:1566:6:HAL_RCC_EnableCSS	4	static
../Drivers/STM32WBAxx_HAL_Driver/Src/stm32wbaxx_hal_rcc.c:1576:6:HAL_RCC_NMI_IRQHandler	8	static
../Drivers/STM32WBAxx_HAL_Driver/Src/stm32wbaxx_hal_rcc.c:1593:13:HAL_RCC_CSSCallback	4	static
../Drivers/STM32WBAxx_HAL_Driver/Src/stm32wbaxx_hal_rcc.c:1606:10:HAL_RCC_GetResetSource	16	static
../Drivers/STM32WBAxx_HAL_Driver/Src/stm32wbaxx_hal_rcc.c:1643:6:HAL_RCC_ConfigAttributes	16	static
../Drivers/STM32WBAxx_HAL_Driver/Src/stm32wbaxx_hal_rcc.c:1700:19:HAL_RCC_GetConfigAttributes	24	static
../Drivers/STM32WBAxx_HAL_Driver/Src/stm32wbaxx_hal_rcc.c:1748:16:RCC_PLL1_GetVCOOutputFreq	32	static
