../Drivers/STM32WBAxx_HAL_Driver/Src/stm32wbaxx_hal_flash_ex.c:181:19:HAL_FLASHEx_Erase	32	static
../Drivers/STM32WBAxx_HAL_Driver/Src/stm32wbaxx_hal_flash_ex.c:260:19:HAL_FLASHEx_Erase_IT	24	static
../Drivers/STM32WBAxx_HAL_Driver/Src/stm32wbaxx_hal_flash_ex.c:330:19:HAL_FLASHEx_OBProgram	24	static
../Drivers/STM32WBAxx_HAL_Driver/Src/stm32wbaxx_hal_flash_ex.c:424:6:HAL_FLASHEx_OBGetConfig	16	static
../Drivers/STM32WBAxx_HAL_Driver/Src/stm32wbaxx_hal_flash_ex.c:483:19:HAL_FLASHEx_ConfigBBAttributes	24	static,ignoring_inline_asm
../Drivers/STM32WBAxx_HAL_Driver/Src/stm32wbaxx_hal_flash_ex.c:540:6:HAL_FLASHEx_GetConfigBBAttributes	24	static
../Drivers/STM32WBAxx_HAL_Driver/Src/stm32wbaxx_hal_flash_ex.c:612:6:HAL_FLASHEx_SuspendOperation	16	static
../Drivers/STM32WBAxx_HAL_Driver/Src/stm32wbaxx_hal_flash_ex.c:630:6:HAL_FLASHEx_AllowOperation	16	static
../Drivers/STM32WBAxx_HAL_Driver/Src/stm32wbaxx_hal_flash_ex.c:650:10:HAL_FLASHEx_IsOperationSuspended	4	static
../Drivers/STM32WBAxx_HAL_Driver/Src/stm32wbaxx_hal_flash_ex.c:672:6:HAL_FLASHEx_ConfigPrivMode	16	static
../Drivers/STM32WBAxx_HAL_Driver/Src/stm32wbaxx_hal_flash_ex.c:690:10:HAL_FLASHEx_GetPrivMode	4	static
../Drivers/STM32WBAxx_HAL_Driver/Src/stm32wbaxx_hal_flash_ex.c:749:19:HAL_FLASHEx_EnablePowerDown	16	static
../Drivers/STM32WBAxx_HAL_Driver/Src/stm32wbaxx_hal_flash_ex.c:797:19:HAL_FLASHEx_ConfigLowPowerRead	24	static
../Drivers/STM32WBAxx_HAL_Driver/Src/stm32wbaxx_hal_flash_ex.c:824:10:HAL_FLASHEx_GetLowPowerRead	4	static
../Drivers/STM32WBAxx_HAL_Driver/Src/stm32wbaxx_hal_flash_ex.c:837:6:HAL_FLASHEx_GetOperation	24	static
../Drivers/STM32WBAxx_HAL_Driver/Src/stm32wbaxx_hal_flash_ex.c:875:6:HAL_FLASHEx_EnableEccCorrectionInterrupt	4	static
../Drivers/STM32WBAxx_HAL_Driver/Src/stm32wbaxx_hal_flash_ex.c:884:6:HAL_FLASHEx_DisableEccCorrectionInterrupt	4	static
../Drivers/STM32WBAxx_HAL_Driver/Src/stm32wbaxx_hal_flash_ex.c:897:6:HAL_FLASHEx_GetEccInfo	24	static
../Drivers/STM32WBAxx_HAL_Driver/Src/stm32wbaxx_hal_flash_ex.c:934:6:HAL_FLASHEx_ECCD_IRQHandler	8	static
../Drivers/STM32WBAxx_HAL_Driver/Src/stm32wbaxx_hal_flash_ex.c:951:13:HAL_FLASHEx_EccCorrectionCallback	4	static
../Drivers/STM32WBAxx_HAL_Driver/Src/stm32wbaxx_hal_flash_ex.c:962:13:HAL_FLASHEx_EccDetectionCallback	4	static
../Drivers/STM32WBAxx_HAL_Driver/Src/stm32wbaxx_hal_flash_ex.c:986:13:FLASH_MassErase	16	static
../Drivers/STM32WBAxx_HAL_Driver/Src/stm32wbaxx_hal_flash_ex.c:1008:6:FLASH_PageErase	24	static
../Drivers/STM32WBAxx_HAL_Driver/Src/stm32wbaxx_hal_flash_ex.c:1058:13:FLASH_OB_WRPConfig	24	static
../Drivers/STM32WBAxx_HAL_Driver/Src/stm32wbaxx_hal_flash_ex.c:1104:13:FLASH_OB_RDPConfig	16	static
../Drivers/STM32WBAxx_HAL_Driver/Src/stm32wbaxx_hal_flash_ex.c:1123:13:FLASH_OB_RDPKeyConfig	24	static
../Drivers/STM32WBAxx_HAL_Driver/Src/stm32wbaxx_hal_flash_ex.c:1162:13:FLASH_OB_UserConfig	24	static
../Drivers/STM32WBAxx_HAL_Driver/Src/stm32wbaxx_hal_flash_ex.c:1425:13:FLASH_OB_BootAddrConfig	16	static
../Drivers/STM32WBAxx_HAL_Driver/Src/stm32wbaxx_hal_flash_ex.c:1469:13:FLASH_OB_GetWRP	24	static
../Drivers/STM32WBAxx_HAL_Driver/Src/stm32wbaxx_hal_flash_ex.c:1499:17:FLASH_OB_GetRDP	16	static
../Drivers/STM32WBAxx_HAL_Driver/Src/stm32wbaxx_hal_flash_ex.c:1525:17:FLASH_OB_GetUser	16	static
../Drivers/STM32WBAxx_HAL_Driver/Src/stm32wbaxx_hal_flash_ex.c:1618:13:FLASH_OB_GetBootAddr	16	static
