../Drivers/STM32WBAxx_HAL_Driver/Src/stm32wbaxx_hal_uart.c:309:19:HAL_UART_Init	16	static
../Drivers/STM32WBAxx_HAL_Driver/Src/stm32wbaxx_hal_uart.c:384:19:HAL_HalfDuplex_Init	16	static
../Drivers/STM32WBAxx_HAL_Driver/Src/stm32wbaxx_hal_uart.c:459:19:HAL_LIN_Init	16	static
../Drivers/STM32WBAxx_HAL_Driver/Src/stm32wbaxx_hal_uart.c:558:19:HAL_MultiProcessor_Init	24	static
../Drivers/STM32WBAxx_HAL_Driver/Src/stm32wbaxx_hal_uart.c:634:19:HAL_UART_DeInit	16	static
../Drivers/STM32WBAxx_HAL_Driver/Src/stm32wbaxx_hal_uart.c:681:13:HAL_UART_MspInit	16	static
../Drivers/STM32WBAxx_HAL_Driver/Src/stm32wbaxx_hal_uart.c:696:13:HAL_UART_MspDeInit	16	static
../Drivers/STM32WBAxx_HAL_Driver/Src/stm32wbaxx_hal_uart.c:1111:19:HAL_UART_Transmit	48	static
../Drivers/STM32WBAxx_HAL_Driver/Src/stm32wbaxx_hal_uart.c:1201:19:HAL_UART_Receive	48	static
../Drivers/STM32WBAxx_HAL_Driver/Src/stm32wbaxx_hal_uart.c:1285:19:HAL_UART_Transmit_IT	72	static,ignoring_inline_asm
../Drivers/STM32WBAxx_HAL_Driver/Src/stm32wbaxx_hal_uart.c:1353:19:HAL_UART_Receive_IT	48	static,ignoring_inline_asm
../Drivers/STM32WBAxx_HAL_Driver/Src/stm32wbaxx_hal_uart.c:1395:19:HAL_UART_Transmit_DMA	56	static,ignoring_inline_asm
../Drivers/STM32WBAxx_HAL_Driver/Src/stm32wbaxx_hal_uart.c:1504:19:HAL_UART_Receive_DMA	48	static,ignoring_inline_asm
../Drivers/STM32WBAxx_HAL_Driver/Src/stm32wbaxx_hal_uart.c:1540:19:HAL_UART_DMAPause	72	static,ignoring_inline_asm
../Drivers/STM32WBAxx_HAL_Driver/Src/stm32wbaxx_hal_uart.c:1602:19:HAL_UART_DMAResume	64	static,ignoring_inline_asm
../Drivers/STM32WBAxx_HAL_Driver/Src/stm32wbaxx_hal_uart.c:1651:19:HAL_UART_DMAStop	72	static,ignoring_inline_asm
../Drivers/STM32WBAxx_HAL_Driver/Src/stm32wbaxx_hal_uart.c:1727:19:HAL_UART_Abort	136	static,ignoring_inline_asm
../Drivers/STM32WBAxx_HAL_Driver/Src/stm32wbaxx_hal_uart.c:1832:19:HAL_UART_AbortTransmit	88	static,ignoring_inline_asm
../Drivers/STM32WBAxx_HAL_Driver/Src/stm32wbaxx_hal_uart.c:1893:19:HAL_UART_AbortReceive	112	static,ignoring_inline_asm
../Drivers/STM32WBAxx_HAL_Driver/Src/stm32wbaxx_hal_uart.c:1963:19:HAL_UART_Abort_IT	144	static,ignoring_inline_asm
../Drivers/STM32WBAxx_HAL_Driver/Src/stm32wbaxx_hal_uart.c:2118:19:HAL_UART_AbortTransmit_IT	88	static,ignoring_inline_asm
../Drivers/STM32WBAxx_HAL_Driver/Src/stm32wbaxx_hal_uart.c:2211:19:HAL_UART_AbortReceive_IT	112	static,ignoring_inline_asm
../Drivers/STM32WBAxx_HAL_Driver/Src/stm32wbaxx_hal_uart.c:2306:6:HAL_UART_IRQHandler	240	static,ignoring_inline_asm
../Drivers/STM32WBAxx_HAL_Driver/Src/stm32wbaxx_hal_uart.c:2624:13:HAL_UART_TxCpltCallback	16	static
../Drivers/STM32WBAxx_HAL_Driver/Src/stm32wbaxx_hal_uart.c:2639:13:HAL_UART_TxHalfCpltCallback	16	static
../Drivers/STM32WBAxx_HAL_Driver/Src/stm32wbaxx_hal_uart.c:2654:13:HAL_UART_RxCpltCallback	16	static
../Drivers/STM32WBAxx_HAL_Driver/Src/stm32wbaxx_hal_uart.c:2669:13:HAL_UART_RxHalfCpltCallback	16	static
../Drivers/STM32WBAxx_HAL_Driver/Src/stm32wbaxx_hal_uart.c:2684:13:HAL_UART_ErrorCallback	16	static
../Drivers/STM32WBAxx_HAL_Driver/Src/stm32wbaxx_hal_uart.c:2699:13:HAL_UART_AbortCpltCallback	16	static
../Drivers/STM32WBAxx_HAL_Driver/Src/stm32wbaxx_hal_uart.c:2714:13:HAL_UART_AbortTransmitCpltCallback	16	static
../Drivers/STM32WBAxx_HAL_Driver/Src/stm32wbaxx_hal_uart.c:2729:13:HAL_UART_AbortReceiveCpltCallback	16	static
../Drivers/STM32WBAxx_HAL_Driver/Src/stm32wbaxx_hal_uart.c:2746:13:HAL_UARTEx_RxEventCallback	16	static
../Drivers/STM32WBAxx_HAL_Driver/Src/stm32wbaxx_hal_uart.c:2794:6:HAL_UART_ReceiverTimeout_Config	16	static
../Drivers/STM32WBAxx_HAL_Driver/Src/stm32wbaxx_hal_uart.c:2809:19:HAL_UART_EnableReceiverTimeout	16	static
../Drivers/STM32WBAxx_HAL_Driver/Src/stm32wbaxx_hal_uart.c:2847:19:HAL_UART_DisableReceiverTimeout	16	static
../Drivers/STM32WBAxx_HAL_Driver/Src/stm32wbaxx_hal_uart.c:2885:19:HAL_MultiProcessor_EnableMuteMode	40	static,ignoring_inline_asm
../Drivers/STM32WBAxx_HAL_Driver/Src/stm32wbaxx_hal_uart.c:2905:19:HAL_MultiProcessor_DisableMuteMode	40	static,ignoring_inline_asm
../Drivers/STM32WBAxx_HAL_Driver/Src/stm32wbaxx_hal_uart.c:2925:6:HAL_MultiProcessor_EnterMuteMode	16	static
../Drivers/STM32WBAxx_HAL_Driver/Src/stm32wbaxx_hal_uart.c:2935:19:HAL_HalfDuplex_EnableTransmitter	64	static,ignoring_inline_asm
../Drivers/STM32WBAxx_HAL_Driver/Src/stm32wbaxx_hal_uart.c:2958:19:HAL_HalfDuplex_EnableReceiver	64	static,ignoring_inline_asm
../Drivers/STM32WBAxx_HAL_Driver/Src/stm32wbaxx_hal_uart.c:2982:19:HAL_LIN_SendBreak	16	static
../Drivers/STM32WBAxx_HAL_Driver/Src/stm32wbaxx_hal_uart.c:3027:23:HAL_UART_GetState	24	static
../Drivers/STM32WBAxx_HAL_Driver/Src/stm32wbaxx_hal_uart.c:3043:10:HAL_UART_GetError	16	static
../Drivers/STM32WBAxx_HAL_Driver/Src/stm32wbaxx_hal_uart.c:3088:19:UART_SetConfig	80	static
../Drivers/STM32WBAxx_HAL_Driver/Src/stm32wbaxx_hal_uart.c:3309:6:UART_AdvFeatureConfig	16	static
../Drivers/STM32WBAxx_HAL_Driver/Src/stm32wbaxx_hal_uart.c:3385:19:UART_CheckIdleState	104	static,ignoring_inline_asm
../Drivers/STM32WBAxx_HAL_Driver/Src/stm32wbaxx_hal_uart.c:3454:19:UART_WaitOnFlagUntilTimeout	24	static
../Drivers/STM32WBAxx_HAL_Driver/Src/stm32wbaxx_hal_uart.c:3522:19:UART_Start_Receive_IT	144	static,ignoring_inline_asm
../Drivers/STM32WBAxx_HAL_Driver/Src/stm32wbaxx_hal_uart.c:3595:19:UART_Start_Receive_DMA	104	static,ignoring_inline_asm
../Drivers/STM32WBAxx_HAL_Driver/Src/stm32wbaxx_hal_uart.c:3691:13:UART_EndTxTransfer	64	static,ignoring_inline_asm
../Drivers/STM32WBAxx_HAL_Driver/Src/stm32wbaxx_hal_uart.c:3708:13:UART_EndRxTransfer	88	static,ignoring_inline_asm
../Drivers/STM32WBAxx_HAL_Driver/Src/stm32wbaxx_hal_uart.c:3735:13:UART_DMATransmitCplt	72	static,ignoring_inline_asm
../Drivers/STM32WBAxx_HAL_Driver/Src/stm32wbaxx_hal_uart.c:3769:13:UART_DMATxHalfCplt	24	static
../Drivers/STM32WBAxx_HAL_Driver/Src/stm32wbaxx_hal_uart.c:3787:13:UART_DMAReceiveCplt	120	static,ignoring_inline_asm
../Drivers/STM32WBAxx_HAL_Driver/Src/stm32wbaxx_hal_uart.c:3848:13:UART_DMARxHalfCplt	24	static
../Drivers/STM32WBAxx_HAL_Driver/Src/stm32wbaxx_hal_uart.c:3886:13:UART_DMAError	32	static
../Drivers/STM32WBAxx_HAL_Driver/Src/stm32wbaxx_hal_uart.c:3926:13:UART_DMAAbortOnError	24	static
../Drivers/STM32WBAxx_HAL_Driver/Src/stm32wbaxx_hal_uart.c:3949:13:UART_DMATxAbortCallback	24	static
../Drivers/STM32WBAxx_HAL_Driver/Src/stm32wbaxx_hal_uart.c:4004:13:UART_DMARxAbortCallback	24	static
../Drivers/STM32WBAxx_HAL_Driver/Src/stm32wbaxx_hal_uart.c:4056:13:UART_DMATxOnlyAbortCallback	24	static
../Drivers/STM32WBAxx_HAL_Driver/Src/stm32wbaxx_hal_uart.c:4089:13:UART_DMARxOnlyAbortCallback	24	static
../Drivers/STM32WBAxx_HAL_Driver/Src/stm32wbaxx_hal_uart.c:4123:13:UART_TxISR_8BIT	64	static,ignoring_inline_asm
../Drivers/STM32WBAxx_HAL_Driver/Src/stm32wbaxx_hal_uart.c:4152:13:UART_TxISR_16BIT	72	static,ignoring_inline_asm
../Drivers/STM32WBAxx_HAL_Driver/Src/stm32wbaxx_hal_uart.c:4184:13:UART_TxISR_8BIT_FIFOEN	72	static,ignoring_inline_asm
../Drivers/STM32WBAxx_HAL_Driver/Src/stm32wbaxx_hal_uart.c:4224:13:UART_TxISR_16BIT_FIFOEN	72	static,ignoring_inline_asm
../Drivers/STM32WBAxx_HAL_Driver/Src/stm32wbaxx_hal_uart.c:4265:13:UART_EndTransmit_IT	40	static,ignoring_inline_asm
../Drivers/STM32WBAxx_HAL_Driver/Src/stm32wbaxx_hal_uart.c:4290:13:UART_RxISR_8BIT	120	static,ignoring_inline_asm
../Drivers/STM32WBAxx_HAL_Driver/Src/stm32wbaxx_hal_uart.c:4381:13:UART_RxISR_16BIT	120	static,ignoring_inline_asm
../Drivers/STM32WBAxx_HAL_Driver/Src/stm32wbaxx_hal_uart.c:4474:13:UART_RxISR_8BIT_FIFOEN	184	static,ignoring_inline_asm
../Drivers/STM32WBAxx_HAL_Driver/Src/stm32wbaxx_hal_uart.c:4636:13:UART_RxISR_16BIT_FIFOEN	192	static,ignoring_inline_asm
