../Drivers/STM32WBAxx_HAL_Driver/Src/stm32wbaxx_hal_flash_ex.c:181:19:HAL_FLASHEx_Erase	32	static
../Drivers/STM32WBAxx_HAL_Driver/Src/stm32wbaxx_hal_flash_ex.c:260:19:HAL_FLASHEx_Erase_IT	24	static
../Drivers/STM32WBAxx_HAL_Driver/Src/stm32wbaxx_hal_flash_ex.c:330:19:HAL_FLASHEx_OBProgram	24	static
../Drivers/STM32WBAxx_HAL_Driver/Src/stm32wbaxx_hal_flash_ex.c:424:6:HAL_FLASHEx_OBGetConfig	16	static
../Drivers/STM32WBAxx_HAL_Driver/Src/stm32wbaxx_hal_flash_ex.c:483:19:HAL_FLASHEx_ConfigBBAttributes	24	static,ignoring_inline_asm
../Drivers/STM32WBAxx_HAL_Driver/Src/stm32wbaxx_hal_flash_ex.c:540:6:HAL_FLASHEx_GetConfigBBAttributes	24	static
../Drivers/STM32WBAxx_HAL_Driver/Src/stm32wbaxx_hal_flash_ex.c:614:6:HAL_FLASHEx_SuspendOperation	16	static
../Drivers/STM32WBAxx_HAL_Driver/Src/stm32wbaxx_hal_flash_ex.c:632:6:HAL_FLASHEx_AllowOperation	16	static
../Drivers/STM32WBAxx_HAL_Driver/Src/stm32wbaxx_hal_flash_ex.c:652:10:HAL_FLASHEx_IsOperationSuspended	4	static
../Drivers/STM32WBAxx_HAL_Driver/Src/stm32wbaxx_hal_flash_ex.c:674:6:HAL_FLASHEx_ConfigPrivMode	16	static
../Drivers/STM32WBAxx_HAL_Driver/Src/stm32wbaxx_hal_flash_ex.c:692:10:HAL_FLASHEx_GetPrivMode	4	static
../Drivers/STM32WBAxx_HAL_Driver/Src/stm32wbaxx_hal_flash_ex.c:751:19:HAL_FLASHEx_EnablePowerDown	16	static
../Drivers/STM32WBAxx_HAL_Driver/Src/stm32wbaxx_hal_flash_ex.c:799:19:HAL_FLASHEx_ConfigLowPowerRead	24	static
../Drivers/STM32WBAxx_HAL_Driver/Src/stm32wbaxx_hal_flash_ex.c:826:10:HAL_FLASHEx_GetLowPowerRead	4	static
../Drivers/STM32WBAxx_HAL_Driver/Src/stm32wbaxx_hal_flash_ex.c:839:6:HAL_FLASHEx_GetOperation	24	static
../Drivers/STM32WBAxx_HAL_Driver/Src/stm32wbaxx_hal_flash_ex.c:877:6:HAL_FLASHEx_EnableEccCorrectionInterrupt	4	static
../Drivers/STM32WBAxx_HAL_Driver/Src/stm32wbaxx_hal_flash_ex.c:886:6:HAL_FLASHEx_DisableEccCorrectionInterrupt	4	static
../Drivers/STM32WBAxx_HAL_Driver/Src/stm32wbaxx_hal_flash_ex.c:899:6:HAL_FLASHEx_GetEccInfo	24	static
../Drivers/STM32WBAxx_HAL_Driver/Src/stm32wbaxx_hal_flash_ex.c:936:6:HAL_FLASHEx_ECCD_IRQHandler	8	static
../Drivers/STM32WBAxx_HAL_Driver/Src/stm32wbaxx_hal_flash_ex.c:953:13:HAL_FLASHEx_EccCorrectionCallback	4	static
../Drivers/STM32WBAxx_HAL_Driver/Src/stm32wbaxx_hal_flash_ex.c:964:13:HAL_FLASHEx_EccDetectionCallback	4	static
../Drivers/STM32WBAxx_HAL_Driver/Src/stm32wbaxx_hal_flash_ex.c:988:13:FLASH_MassErase	16	static
../Drivers/STM32WBAxx_HAL_Driver/Src/stm32wbaxx_hal_flash_ex.c:1010:6:FLASH_PageErase	24	static
../Drivers/STM32WBAxx_HAL_Driver/Src/stm32wbaxx_hal_flash_ex.c:1060:13:FLASH_OB_WRPConfig	24	static
../Drivers/STM32WBAxx_HAL_Driver/Src/stm32wbaxx_hal_flash_ex.c:1106:13:FLASH_OB_RDPConfig	16	static
../Drivers/STM32WBAxx_HAL_Driver/Src/stm32wbaxx_hal_flash_ex.c:1125:13:FLASH_OB_RDPKeyConfig	24	static
../Drivers/STM32WBAxx_HAL_Driver/Src/stm32wbaxx_hal_flash_ex.c:1164:13:FLASH_OB_UserConfig	24	static
../Drivers/STM32WBAxx_HAL_Driver/Src/stm32wbaxx_hal_flash_ex.c:1428:13:FLASH_OB_BootAddrConfig	16	static
../Drivers/STM32WBAxx_HAL_Driver/Src/stm32wbaxx_hal_flash_ex.c:1472:13:FLASH_OB_GetWRP	24	static
../Drivers/STM32WBAxx_HAL_Driver/Src/stm32wbaxx_hal_flash_ex.c:1502:17:FLASH_OB_GetRDP	16	static
../Drivers/STM32WBAxx_HAL_Driver/Src/stm32wbaxx_hal_flash_ex.c:1528:17:FLASH_OB_GetUser	16	static
../Drivers/STM32WBAxx_HAL_Driver/Src/stm32wbaxx_hal_flash_ex.c:1621:13:FLASH_OB_GetBootAddr	16	static
