../Core/Src/main.c:1202:6:updateMesurmentCb	0	static
../Core/Src/main.c:141:6:logUpdate	8	static
../Core/Src/main.c:156:6:NotifyAct	16	static
../Core/Src/main.c:177:6:calcPulseLevel	0	static
../Core/Src/main.c:571:6:SystemClock_Config	104	static,ignoring_inline_asm
../Core/Src/main.c:635:6:PeriphCommonClock_Config	80	static,ignoring_inline_asm
../Core/Src/main.c:668:6:MX_ADC4_Init	32	static,ignoring_inline_asm
../Core/Src/main.c:783:6:MX_CRC_Init	8	static,ignoring_inline_asm
../Core/Src/main.c:816:6:MX_GPDMA1_Init	16	static
../Core/Src/main.c:844:6:MX_ICACHE_Init	0	static
../Core/Src/main.c:874:6:MX_LPTIM1_Init	16	static,ignoring_inline_asm
../Core/Src/main.c:917:6:MX_LPTIM2_Init	16	static,ignoring_inline_asm
../Core/Src/main.c:961:6:MX_RAMCFG_Init	8	static,ignoring_inline_asm
../Core/Src/main.c:990:6:MX_RNG_Init	8	static,ignoring_inline_asm
../Core/Src/main.c:1017:6:MX_RTC_Init	96	static,ignoring_inline_asm
../Core/Src/main.c:1087:6:MX_TIM17_Init	88	static,ignoring_inline_asm
../Core/Src/main.c:1153:6:MX_GPIO_Init	56	static
../Core/Src/main.c:1253:6:tempVoltADCInit	0	static
../Core/Src/main.c:1294:6:ADC_Switch_Channel	24	static
../Core/Src/main.c:1302:6:tempVoltMeasure	8	static
../Core/Src/main.c:1206:6:updateMesurment	16	static
../Core/Src/main.c:188:5:main	56	static
../Core/Src/main.c:1351:6:Error_Handler	0	static,ignoring_inline_asm
