../Core/Src/main.c:1224:6:updateMesurmentCb	0	static
../Core/Src/main.c:143:6:logUpdate	8	static
../Core/Src/main.c:157:6:NotifyAct	16	static
../Core/Src/main.c:178:6:calcPulseLevel	0	static
../Core/Src/main.c:593:6:SystemClock_Config	104	static,ignoring_inline_asm
../Core/Src/main.c:657:6:PeriphCommonClock_Config	80	static,ignoring_inline_asm
../Core/Src/main.c:690:6:MX_ADC4_Init	32	static,ignoring_inline_asm
../Core/Src/main.c:805:6:MX_CRC_Init	8	static,ignoring_inline_asm
../Core/Src/main.c:838:6:MX_GPDMA1_Init	16	static
../Core/Src/main.c:866:6:MX_ICACHE_Init	0	static
../Core/Src/main.c:896:6:MX_LPTIM1_Init	16	static,ignoring_inline_asm
../Core/Src/main.c:939:6:MX_LPTIM2_Init	16	static,ignoring_inline_asm
../Core/Src/main.c:983:6:MX_RAMCFG_Init	8	static,ignoring_inline_asm
../Core/Src/main.c:1012:6:MX_RNG_Init	8	static,ignoring_inline_asm
../Core/Src/main.c:1039:6:MX_RTC_Init	96	static,ignoring_inline_asm
../Core/Src/main.c:1109:6:MX_TIM17_Init	88	static,ignoring_inline_asm
../Core/Src/main.c:1175:6:MX_GPIO_Init	56	static
../Core/Src/main.c:1284:6:ADC_Switch_Channel	24	static
../Core/Src/main.c:1292:6:tempVoltMeasure	8	static
../Core/Src/main.c:1228:6:updateMesurment	16	static
../Core/Src/main.c:189:5:main	56	static
../Core/Src/main.c:1338:6:Error_Handler	0	static,ignoring_inline_asm
