../Core/Src/main.c:1180:6:updateMesurmentCb	0	static
../Core/Src/main.c:141:6:logUpdate	8	static
../Core/Src/main.c:156:6:NotifyAct	16	static
../Core/Src/main.c:177:6:calcPulseLevel	0	static
../Core/Src/main.c:549:6:SystemClock_Config	104	static,ignoring_inline_asm
../Core/Src/main.c:613:6:PeriphCommonClock_Config	80	static,ignoring_inline_asm
../Core/Src/main.c:646:6:MX_ADC4_Init	32	static,ignoring_inline_asm
../Core/Src/main.c:761:6:MX_CRC_Init	8	static,ignoring_inline_asm
../Core/Src/main.c:794:6:MX_GPDMA1_Init	16	static
../Core/Src/main.c:822:6:MX_ICACHE_Init	0	static
../Core/Src/main.c:852:6:MX_LPTIM1_Init	16	static,ignoring_inline_asm
../Core/Src/main.c:895:6:MX_LPTIM2_Init	16	static,ignoring_inline_asm
../Core/Src/main.c:939:6:MX_RAMCFG_Init	8	static,ignoring_inline_asm
../Core/Src/main.c:968:6:MX_RNG_Init	8	static,ignoring_inline_asm
../Core/Src/main.c:995:6:MX_RTC_Init	96	static,ignoring_inline_asm
../Core/Src/main.c:1065:6:MX_TIM17_Init	88	static,ignoring_inline_asm
../Core/Src/main.c:1131:6:MX_GPIO_Init	56	static
../Core/Src/main.c:1231:6:tempVoltADCInit	0	static
../Core/Src/main.c:1272:6:ADC_Switch_Channel	24	static
../Core/Src/main.c:1280:6:tempVoltMeasure	8	static
../Core/Src/main.c:1184:6:updateMesurment	16	static
../Core/Src/main.c:188:5:main	56	static
../Core/Src/main.c:1329:6:Error_Handler	0	static,ignoring_inline_asm
