../Core/Src/main.c:1205:6:updateMesurmentCb	0	static
../Core/Src/main.c:143:6:logUpdate	8	static
../Core/Src/main.c:158:6:NotifyAct	16	static
../Core/Src/main.c:179:6:calcPulseLevel	0	static
../Core/Src/main.c:574:6:SystemClock_Config	104	static,ignoring_inline_asm
../Core/Src/main.c:638:6:PeriphCommonClock_Config	80	static,ignoring_inline_asm
../Core/Src/main.c:671:6:MX_ADC4_Init	32	static,ignoring_inline_asm
../Core/Src/main.c:786:6:MX_CRC_Init	8	static,ignoring_inline_asm
../Core/Src/main.c:819:6:MX_GPDMA1_Init	16	static
../Core/Src/main.c:847:6:MX_ICACHE_Init	0	static
../Core/Src/main.c:877:6:MX_LPTIM1_Init	16	static,ignoring_inline_asm
../Core/Src/main.c:920:6:MX_LPTIM2_Init	16	static,ignoring_inline_asm
../Core/Src/main.c:964:6:MX_RAMCFG_Init	8	static,ignoring_inline_asm
../Core/Src/main.c:993:6:MX_RNG_Init	8	static,ignoring_inline_asm
../Core/Src/main.c:1020:6:MX_RTC_Init	96	static,ignoring_inline_asm
../Core/Src/main.c:1090:6:MX_TIM17_Init	88	static,ignoring_inline_asm
../Core/Src/main.c:1156:6:MX_GPIO_Init	56	static
../Core/Src/main.c:1250:6:ADC_Switch_Channel	24	static
../Core/Src/main.c:1258:6:tempVoltMeasure	8	static
../Core/Src/main.c:1209:6:updateMesurment	16	static
../Core/Src/main.c:190:5:main	56	static
../Core/Src/main.c:1304:6:Error_Handler	0	static,ignoring_inline_asm
