../Core/Src/main.c:1389:6:ledActivate	0	static
../Core/Src/main.c:1197:6:updateMesurmentCb	0	static
../Core/Src/main.c:1356:6:updateLedCb	0	static
../Core/Src/main.c:1360:6:updateVibroCb	0	static
../Core/Src/main.c:1364:6:updateVibroOffCb	0	static
../Core/Src/main.c:1395:6:vibroActivateOff	8	static
../Core/Src/main.c:1369:6:vibroActivate	16	static
../Core/Src/main.c:178:6:logUpdate	8	static
../Core/Src/main.c:192:6:NotifyAct	8	static
../Core/Src/main.c:217:6:calcPulseLevel	0	static
../Core/Src/main.c:693:6:SystemClock_Config	104	static,ignoring_inline_asm
../Core/Src/main.c:757:6:PeriphCommonClock_Config	80	static,ignoring_inline_asm
../Core/Src/main.c:790:6:MX_ADC4_Init	24	static,ignoring_inline_asm
../Core/Src/main.c:887:6:MX_CRC_Init	8	static,ignoring_inline_asm
../Core/Src/main.c:920:6:MX_GPDMA1_Init	8	static,ignoring_inline_asm
../Core/Src/main.c:948:6:MX_ICACHE_Init	0	static
../Core/Src/main.c:978:6:MX_LPTIM2_Init	16	static,ignoring_inline_asm
../Core/Src/main.c:1022:6:MX_RAMCFG_Init	8	static,ignoring_inline_asm
../Core/Src/main.c:1051:6:MX_RNG_Init	8	static,ignoring_inline_asm
../Core/Src/main.c:1078:6:MX_RTC_Init	96	static,ignoring_inline_asm
../Core/Src/main.c:1148:6:MX_GPIO_Init	56	static
../Core/Src/main.c:1299:10:ADC_Switch_Channel	32	static
../Core/Src/main.c:1313:6:TVMeasure	24	static
../Core/Src/main.c:1204:6:updateMesurment	16	static
../Core/Src/main.c:228:5:main	56	static
../Core/Src/main.c:1402:6:HAL_GPIO_EXTI_Rising_Callback	16	static
../Core/Src/main.c:1429:6:Error_Handler	0	static,ignoring_inline_asm
