../Core/Src/main.c:1226:6:updateMesurmentCb	0	static
../Core/Src/main.c:166:6:NotifyAct.part.0	8	static
../Core/Src/main.c:152:6:logUpdate	8	static
../Core/Src/main.c:166:6:NotifyAct	16	static
../Core/Src/main.c:187:6:calcPulseLevel	0	static
../Core/Src/main.c:614:6:SystemClock_Config	104	static,ignoring_inline_asm
../Core/Src/main.c:678:6:PeriphCommonClock_Config	80	static,ignoring_inline_asm
../Core/Src/main.c:711:6:MX_ADC4_Init	24	static,ignoring_inline_asm
../Core/Src/main.c:807:6:MX_CRC_Init	8	static,ignoring_inline_asm
../Core/Src/main.c:840:6:MX_GPDMA1_Init	8	static,ignoring_inline_asm
../Core/Src/main.c:868:6:MX_ICACHE_Init	0	static
../Core/Src/main.c:898:6:MX_LPTIM1_Init	16	static,ignoring_inline_asm
../Core/Src/main.c:941:6:MX_LPTIM2_Init	16	static,ignoring_inline_asm
../Core/Src/main.c:985:6:MX_RAMCFG_Init	8	static,ignoring_inline_asm
../Core/Src/main.c:1014:6:MX_RNG_Init	8	static,ignoring_inline_asm
../Core/Src/main.c:1041:6:MX_RTC_Init	96	static,ignoring_inline_asm
../Core/Src/main.c:1111:6:MX_TIM17_Init	88	static,ignoring_inline_asm
../Core/Src/main.c:1177:6:MX_GPIO_Init	56	static
../Core/Src/main.c:1292:10:ADC_Switch_Channel	32	static
../Core/Src/main.c:1306:6:tempVoltMeasure	24	static
../Core/Src/main.c:1233:6:updateMesurment	16	static
../Core/Src/main.c:198:5:main	56	static
../Core/Src/main.c:1347:6:HAL_GPIO_EXTI_Rising_Callback	0	static
../Core/Src/main.c:1362:6:Error_Handler	0	static,ignoring_inline_asm
