../Core/Src/main.c:1222:6:updateMesurmentCb	0	static
../Core/Src/main.c:147:6:logUpdate	8	static
../Core/Src/main.c:161:6:NotifyAct	16	static
../Core/Src/main.c:182:6:calcPulseLevel	0	static
../Core/Src/main.c:610:6:SystemClock_Config	104	static,ignoring_inline_asm
../Core/Src/main.c:674:6:PeriphCommonClock_Config	80	static,ignoring_inline_asm
../Core/Src/main.c:707:6:MX_ADC4_Init	24	static,ignoring_inline_asm
../Core/Src/main.c:803:6:MX_CRC_Init	8	static,ignoring_inline_asm
../Core/Src/main.c:836:6:MX_GPDMA1_Init	16	static
../Core/Src/main.c:864:6:MX_ICACHE_Init	0	static
../Core/Src/main.c:894:6:MX_LPTIM1_Init	16	static,ignoring_inline_asm
../Core/Src/main.c:937:6:MX_LPTIM2_Init	16	static,ignoring_inline_asm
../Core/Src/main.c:981:6:MX_RAMCFG_Init	8	static,ignoring_inline_asm
../Core/Src/main.c:1010:6:MX_RNG_Init	8	static,ignoring_inline_asm
../Core/Src/main.c:1037:6:MX_RTC_Init	96	static,ignoring_inline_asm
../Core/Src/main.c:1107:6:MX_TIM17_Init	88	static,ignoring_inline_asm
../Core/Src/main.c:1173:6:MX_GPIO_Init	56	static
../Core/Src/main.c:1288:6:ADC_Switch_Channel	24	static
../Core/Src/main.c:1296:6:tempVoltMeasure	24	static
../Core/Src/main.c:1229:6:updateMesurment	16	static
../Core/Src/main.c:193:5:main	56	static
../Core/Src/main.c:1361:6:Error_Handler	0	static,ignoring_inline_asm
