../Core/Src/stm32wbaxx_it.c:81:6:NMI_Handler	0	static
../Core/Src/stm32wbaxx_it.c:96:6:HardFault_Handler	0	static
../Core/Src/stm32wbaxx_it.c:111:6:MemManage_Handler	0	static
../Core/Src/stm32wbaxx_it.c:126:6:BusFault_Handler	0	static
../Core/Src/stm32wbaxx_it.c:141:6:UsageFault_Handler	0	static
../Core/Src/stm32wbaxx_it.c:156:6:SVC_Handler	0	static
../Core/Src/stm32wbaxx_it.c:169:6:DebugMon_Handler	0	static
../Core/Src/stm32wbaxx_it.c:182:6:PendSV_Handler	0	static
../Core/Src/stm32wbaxx_it.c:195:6:SysTick_Handler	0	static
../Core/Src/stm32wbaxx_it.c:216:6:RTC_IRQHandler	0	static
../Core/Src/stm32wbaxx_it.c:228:6:RCC_IRQHandler	0	static
../Core/Src/stm32wbaxx_it.c:258:6:EXTI15_IRQHandler	0	static
../Core/Src/stm32wbaxx_it.c:280:6:GPDMA1_Channel0_IRQHandler	8	static
../Core/Src/stm32wbaxx_it.c:331:6:TIM16_IRQHandler	0	static
../Core/Src/stm32wbaxx_it.c:357:6:RADIO_IRQHandler	8	static,ignoring_inline_asm
../Core/Src/stm32wbaxx_it.c:379:6:WKUP_IRQHandler	0	static
../Core/Src/stm32wbaxx_it.c:393:6:HASH_IRQHandler	16	static,ignoring_inline_asm
