../Drivers/STM32WBAxx_HAL_Driver/Src/stm32wbaxx_hal.c:190:13:HAL_MspInit	0	static
../Drivers/STM32WBAxx_HAL_Driver/Src/stm32wbaxx_hal.c:201:13:HAL_MspDeInit	0	static
../Drivers/STM32WBAxx_HAL_Driver/Src/stm32wbaxx_hal.c:155:19:HAL_DeInit	8	static
../Drivers/STM32WBAxx_HAL_Driver/Src/stm32wbaxx_hal.c:224:26:HAL_InitTick	16	static
../Drivers/STM32WBAxx_HAL_Driver/Src/stm32wbaxx_hal.c:121:19:HAL_Init	8	static
../Drivers/STM32WBAxx_HAL_Driver/Src/stm32wbaxx_hal.c:317:13:HAL_IncTick	0	static
../Drivers/STM32WBAxx_HAL_Driver/Src/stm32wbaxx_hal.c:328:17:HAL_GetTick	0	static
../Drivers/STM32WBAxx_HAL_Driver/Src/stm32wbaxx_hal.c:337:10:HAL_GetTickPrio	0	static
../Drivers/STM32WBAxx_HAL_Driver/Src/stm32wbaxx_hal.c:347:19:HAL_SetTickFreq	16	static
../Drivers/STM32WBAxx_HAL_Driver/Src/stm32wbaxx_hal.c:377:21:HAL_GetTickFreq	0	static
../Drivers/STM32WBAxx_HAL_Driver/Src/stm32wbaxx_hal.c:393:13:HAL_Delay	16	static
../Drivers/STM32WBAxx_HAL_Driver/Src/stm32wbaxx_hal.c:419:13:HAL_SuspendTick	0	static
../Drivers/STM32WBAxx_HAL_Driver/Src/stm32wbaxx_hal.c:435:13:HAL_ResumeTick	0	static
../Drivers/STM32WBAxx_HAL_Driver/Src/stm32wbaxx_hal.c:445:10:HAL_GetHalVersion	0	static
../Drivers/STM32WBAxx_HAL_Driver/Src/stm32wbaxx_hal.c:454:10:HAL_GetREVID	0	static
../Drivers/STM32WBAxx_HAL_Driver/Src/stm32wbaxx_hal.c:463:10:HAL_GetDEVID	0	static
../Drivers/STM32WBAxx_HAL_Driver/Src/stm32wbaxx_hal.c:472:10:HAL_GetUIDw0	0	static
../Drivers/STM32WBAxx_HAL_Driver/Src/stm32wbaxx_hal.c:481:10:HAL_GetUIDw1	0	static
../Drivers/STM32WBAxx_HAL_Driver/Src/stm32wbaxx_hal.c:490:10:HAL_GetUIDw2	0	static
../Drivers/STM32WBAxx_HAL_Driver/Src/stm32wbaxx_hal.c:517:6:HAL_DBGMCU_EnableDBGStopMode	0	static
../Drivers/STM32WBAxx_HAL_Driver/Src/stm32wbaxx_hal.c:526:6:HAL_DBGMCU_DisableDBGStopMode	0	static
../Drivers/STM32WBAxx_HAL_Driver/Src/stm32wbaxx_hal.c:535:6:HAL_DBGMCU_EnableDBGStandbyMode	0	static
../Drivers/STM32WBAxx_HAL_Driver/Src/stm32wbaxx_hal.c:544:6:HAL_DBGMCU_DisableDBGStandbyMode	0	static
../Drivers/STM32WBAxx_HAL_Driver/Src/stm32wbaxx_hal.c:572:6:HAL_SYSCFG_EnableIOAnalogSwitchBooster	0	static
../Drivers/STM32WBAxx_HAL_Driver/Src/stm32wbaxx_hal.c:582:6:HAL_SYSCFG_DisableIOAnalogSwitchBooster	0	static
../Drivers/STM32WBAxx_HAL_Driver/Src/stm32wbaxx_hal.c:611:6:HAL_SYSCFG_Lock	0	static
../Drivers/STM32WBAxx_HAL_Driver/Src/stm32wbaxx_hal.c:632:19:HAL_SYSCFG_GetLock	0	static
../Drivers/STM32WBAxx_HAL_Driver/Src/stm32wbaxx_hal.c:718:19:HAL_SYSCFG_GetConfigAttributes	0	static
