../Drivers/STM32WBAxx_HAL_Driver/Src/stm32wbaxx_hal_flash_ex.c:330:19:HAL_FLASHEx_OBProgram	24	static
../Drivers/STM32WBAxx_HAL_Driver/Src/stm32wbaxx_hal_flash_ex.c:424:6:HAL_FLASHEx_OBGetConfig	0	static
../Drivers/STM32WBAxx_HAL_Driver/Src/stm32wbaxx_hal_flash_ex.c:483:19:HAL_FLASHEx_ConfigBBAttributes	16	static,ignoring_inline_asm
../Drivers/STM32WBAxx_HAL_Driver/Src/stm32wbaxx_hal_flash_ex.c:540:6:HAL_FLASHEx_GetConfigBBAttributes	0	static
../Drivers/STM32WBAxx_HAL_Driver/Src/stm32wbaxx_hal_flash_ex.c:612:6:HAL_FLASHEx_SuspendOperation	0	static
../Drivers/STM32WBAxx_HAL_Driver/Src/stm32wbaxx_hal_flash_ex.c:630:6:HAL_FLASHEx_AllowOperation	0	static
../Drivers/STM32WBAxx_HAL_Driver/Src/stm32wbaxx_hal_flash_ex.c:650:10:HAL_FLASHEx_IsOperationSuspended	0	static
../Drivers/STM32WBAxx_HAL_Driver/Src/stm32wbaxx_hal_flash_ex.c:672:6:HAL_FLASHEx_ConfigPrivMode	0	static
../Drivers/STM32WBAxx_HAL_Driver/Src/stm32wbaxx_hal_flash_ex.c:690:10:HAL_FLASHEx_GetPrivMode	0	static
../Drivers/STM32WBAxx_HAL_Driver/Src/stm32wbaxx_hal_flash_ex.c:749:19:HAL_FLASHEx_EnablePowerDown	16	static
../Drivers/STM32WBAxx_HAL_Driver/Src/stm32wbaxx_hal_flash_ex.c:797:19:HAL_FLASHEx_ConfigLowPowerRead	0	static
../Drivers/STM32WBAxx_HAL_Driver/Src/stm32wbaxx_hal_flash_ex.c:824:10:HAL_FLASHEx_GetLowPowerRead	0	static
../Drivers/STM32WBAxx_HAL_Driver/Src/stm32wbaxx_hal_flash_ex.c:837:6:HAL_FLASHEx_GetOperation	0	static
../Drivers/STM32WBAxx_HAL_Driver/Src/stm32wbaxx_hal_flash_ex.c:875:6:HAL_FLASHEx_EnableEccCorrectionInterrupt	0	static
../Drivers/STM32WBAxx_HAL_Driver/Src/stm32wbaxx_hal_flash_ex.c:884:6:HAL_FLASHEx_DisableEccCorrectionInterrupt	0	static
../Drivers/STM32WBAxx_HAL_Driver/Src/stm32wbaxx_hal_flash_ex.c:897:6:HAL_FLASHEx_GetEccInfo	0	static
../Drivers/STM32WBAxx_HAL_Driver/Src/stm32wbaxx_hal_flash_ex.c:951:13:HAL_FLASHEx_EccCorrectionCallback	0	static
../Drivers/STM32WBAxx_HAL_Driver/Src/stm32wbaxx_hal_flash_ex.c:962:13:HAL_FLASHEx_EccDetectionCallback	0	static
../Drivers/STM32WBAxx_HAL_Driver/Src/stm32wbaxx_hal_flash_ex.c:934:6:HAL_FLASHEx_ECCD_IRQHandler	8	static
../Drivers/STM32WBAxx_HAL_Driver/Src/stm32wbaxx_hal_flash_ex.c:1008:6:FLASH_PageErase	0	static
../Drivers/STM32WBAxx_HAL_Driver/Src/stm32wbaxx_hal_flash_ex.c:181:19:HAL_FLASHEx_Erase	24	static
../Drivers/STM32WBAxx_HAL_Driver/Src/stm32wbaxx_hal_flash_ex.c:260:19:HAL_FLASHEx_Erase_IT	16	static
