../Drivers/STM32WBAxx_HAL_Driver/Inc/stm32wbaxx_ll_adc.h:3638:22:LL_ADC_SetAnalogWDMonitChannels	8	static
../Drivers/STM32WBAxx_HAL_Driver/Inc/stm32wbaxx_ll_adc.h:4345:26:LL_ADC_REG_IsConversionOngoing	0	static
../Drivers/STM32WBAxx_HAL_Driver/Src/stm32wbaxx_hal_adc.c:885:13:HAL_ADC_MspInit	0	static
../Drivers/STM32WBAxx_HAL_Driver/Src/stm32wbaxx_hal_adc.c:379:19:HAL_ADC_Init	24	static
../Drivers/STM32WBAxx_HAL_Driver/Src/stm32wbaxx_hal_adc.c:902:13:HAL_ADC_MspDeInit	0	static
../Drivers/STM32WBAxx_HAL_Driver/Src/stm32wbaxx_hal_adc.c:1287:19:HAL_ADC_PollForConversion	24	static
../Drivers/STM32WBAxx_HAL_Driver/Src/stm32wbaxx_hal_adc.c:1420:19:HAL_ADC_PollForEvent	24	static
../Drivers/STM32WBAxx_HAL_Driver/Src/stm32wbaxx_hal_adc.c:1888:10:HAL_ADC_GetValue	0	static
../Drivers/STM32WBAxx_HAL_Driver/Src/stm32wbaxx_hal_adc.c:2115:13:HAL_ADC_ConvCpltCallback	0	static
../Drivers/STM32WBAxx_HAL_Driver/Src/stm32wbaxx_hal_adc.c:2130:13:HAL_ADC_ConvHalfCpltCallback	0	static
../Drivers/STM32WBAxx_HAL_Driver/Src/stm32wbaxx_hal_adc.c:2957:13:ADC_DMAHalfConvCplt	8	static
../Drivers/STM32WBAxx_HAL_Driver/Src/stm32wbaxx_hal_adc.c:2145:13:HAL_ADC_LevelOutOfWindowCallback	0	static
../Drivers/STM32WBAxx_HAL_Driver/Src/stm32wbaxx_hal_adc.c:2167:13:HAL_ADC_ErrorCallback	0	static
../Drivers/STM32WBAxx_HAL_Driver/Src/stm32wbaxx_hal_adc.c:2975:13:ADC_DMAError	8	static
../Drivers/STM32WBAxx_HAL_Driver/Src/stm32wbaxx_hal_adc.c:2879:13:ADC_DMAConvCplt	8	static
../Drivers/STM32WBAxx_HAL_Driver/Src/stm32wbaxx_hal_adc.c:1905:6:HAL_ADC_IRQHandler	16	static
../Drivers/STM32WBAxx_HAL_Driver/Src/stm32wbaxx_hal_adc.c:2213:19:HAL_ADC_ConfigChannel	32	static,ignoring_inline_asm
../Drivers/STM32WBAxx_HAL_Driver/Src/stm32wbaxx_hal_adc.c:2410:19:HAL_ADC_AnalogWDGConfig	24	static,ignoring_inline_asm
../Drivers/STM32WBAxx_HAL_Driver/Src/stm32wbaxx_hal_adc.c:2629:10:HAL_ADC_GetState	0	static
../Drivers/STM32WBAxx_HAL_Driver/Src/stm32wbaxx_hal_adc.c:2643:10:HAL_ADC_GetError	0	static
../Drivers/STM32WBAxx_HAL_Driver/Src/stm32wbaxx_hal_adc.c:2670:19:ADC_ConversionStop	16	static
../Drivers/STM32WBAxx_HAL_Driver/Src/stm32wbaxx_hal_adc.c:2724:19:ADC_Enable	24	static
../Drivers/STM32WBAxx_HAL_Driver/Src/stm32wbaxx_hal_adc.c:1169:19:HAL_ADC_Start	16	static
../Drivers/STM32WBAxx_HAL_Driver/Src/stm32wbaxx_hal_adc.c:1550:19:HAL_ADC_Start_IT	16	static
../Drivers/STM32WBAxx_HAL_Driver/Src/stm32wbaxx_hal_adc.c:1688:19:HAL_ADC_Start_DMA	24	static
../Drivers/STM32WBAxx_HAL_Driver/Src/stm32wbaxx_hal_adc.c:2817:19:ADC_Disable	16	static
../Drivers/STM32WBAxx_HAL_Driver/Src/stm32wbaxx_hal_adc.c:760:19:HAL_ADC_DeInit	16	static
../Drivers/STM32WBAxx_HAL_Driver/Src/stm32wbaxx_hal_adc.c:1236:19:HAL_ADC_Stop	8	static
../Drivers/STM32WBAxx_HAL_Driver/Src/stm32wbaxx_hal_adc.c:1641:19:HAL_ADC_Stop_IT	8	static
../Drivers/STM32WBAxx_HAL_Driver/Src/stm32wbaxx_hal_adc.c:1807:19:HAL_ADC_Stop_DMA	16	static
