../Drivers/STM32WBAxx_HAL_Driver/Src/stm32wbaxx_hal_rcc_ex.c:98:19:HAL_RCCEx_PeriphCLKConfig	40	static
../Drivers/STM32WBAxx_HAL_Driver/Src/stm32wbaxx_hal_rcc_ex.c:415:6:HAL_RCCEx_GetPeriphCLKConfig	0	static
../Drivers/STM32WBAxx_HAL_Driver/Src/stm32wbaxx_hal_rcc_ex.c:532:10:HAL_RCCEx_GetPeriphCLKFreq	8	static
../Drivers/STM32WBAxx_HAL_Driver/Src/stm32wbaxx_hal_rcc_ex.c:1158:6:HAL_RCCEx_EnableLSECSS	0	static
../Drivers/STM32WBAxx_HAL_Driver/Src/stm32wbaxx_hal_rcc_ex.c:1168:6:HAL_RCCEx_DisableLSECSS	0	static
../Drivers/STM32WBAxx_HAL_Driver/Src/stm32wbaxx_hal_rcc_ex.c:1181:6:HAL_RCCEx_EnableLSCO	0	static
../Drivers/STM32WBAxx_HAL_Driver/Src/stm32wbaxx_hal_rcc_ex.c:1194:6:HAL_RCCEx_DisableLSCO	0	static
../Drivers/STM32WBAxx_HAL_Driver/Src/stm32wbaxx_hal_rcc_ex.c:1206:6:HAL_RCCEx_HSESetTrimming	0	static
../Drivers/STM32WBAxx_HAL_Driver/Src/stm32wbaxx_hal_rcc_ex.c:1218:10:HAL_RCCEx_HSEGetTrimming	0	static
../Drivers/STM32WBAxx_HAL_Driver/Src/stm32wbaxx_hal_rcc_ex.c:1233:6:HAL_RCCEx_LSESetTrimming	0	static
../Drivers/STM32WBAxx_HAL_Driver/Src/stm32wbaxx_hal_rcc_ex.c:1245:10:HAL_RCCEx_LSEGetTrimming	0	static
../Drivers/STM32WBAxx_HAL_Driver/Src/stm32wbaxx_hal_rcc_ex.c:1257:6:HAL_RCCEx_LSI2SetConfig	0	static
../Drivers/STM32WBAxx_HAL_Driver/Src/stm32wbaxx_hal_rcc_ex.c:1273:6:HAL_RCCEx_LSI2GetConfig	0	static
../Drivers/STM32WBAxx_HAL_Driver/Src/stm32wbaxx_hal_rcc_ex.c:1311:6:HAL_RCCEx_EnableRadioBBClock	0	static
../Drivers/STM32WBAxx_HAL_Driver/Src/stm32wbaxx_hal_rcc_ex.c:1320:6:HAL_RCCEx_DisableRadioBBClock	0	static
../Drivers/STM32WBAxx_HAL_Driver/Src/stm32wbaxx_hal_rcc_ex.c:1329:6:HAL_RCCEx_EnableRequestUponRadioWakeUpEvent	0	static
../Drivers/STM32WBAxx_HAL_Driver/Src/stm32wbaxx_hal_rcc_ex.c:1338:6:HAL_RCCEx_DisableRequestUponRadioWakeUpEvent	0	static
../Drivers/STM32WBAxx_HAL_Driver/Src/stm32wbaxx_hal_rcc_ex.c:1351:10:HAL_RCCEx_GetRadioBusClockReadiness	0	static
../Drivers/STM32WBAxx_HAL_Driver/Src/stm32wbaxx_hal_rcc_ex.c:1378:6:HAL_RCCEx_EnableAudioSyncClock	0	static
../Drivers/STM32WBAxx_HAL_Driver/Src/stm32wbaxx_hal_rcc_ex.c:1387:6:HAL_RCCEx_DisableAudioSyncClock	0	static
../Drivers/STM32WBAxx_HAL_Driver/Src/stm32wbaxx_hal_rcc_ex.c:1398:19:HAL_RCCEx_SetConfigAudioSync	0	static
../Drivers/STM32WBAxx_HAL_Driver/Src/stm32wbaxx_hal_rcc_ex.c:1427:6:HAL_RCCEx_GetConfigAudioSync	0	static
../Drivers/STM32WBAxx_HAL_Driver/Src/stm32wbaxx_hal_rcc_ex.c:1454:10:HAL_RCCEx_GetAudioSyncCounterValue	0	static
../Drivers/STM32WBAxx_HAL_Driver/Src/stm32wbaxx_hal_rcc_ex.c:1463:10:HAL_RCCEx_GetAudioSyncCaptureValue	0	static
