../Drivers/STM32WBAxx_HAL_Driver/Src/stm32wbaxx_hal_pwr.c:195:6:HAL_PWR_DeInit	0	static
../Drivers/STM32WBAxx_HAL_Driver/Src/stm32wbaxx_hal_pwr.c:207:6:HAL_PWR_EnableBkUpAccess	0	static
../Drivers/STM32WBAxx_HAL_Driver/Src/stm32wbaxx_hal_pwr.c:218:6:HAL_PWR_DisableBkUpAccess	0	static
../Drivers/STM32WBAxx_HAL_Driver/Src/stm32wbaxx_hal_pwr.c:392:19:HAL_PWR_ConfigPVD	0	static
../Drivers/STM32WBAxx_HAL_Driver/Src/stm32wbaxx_hal_pwr.c:438:6:HAL_PWR_EnablePVD	0	static
../Drivers/STM32WBAxx_HAL_Driver/Src/stm32wbaxx_hal_pwr.c:447:6:HAL_PWR_DisablePVD	0	static
../Drivers/STM32WBAxx_HAL_Driver/Src/stm32wbaxx_hal_pwr.c:469:6:HAL_PWR_EnableWakeUpPin	8	static,ignoring_inline_asm
../Drivers/STM32WBAxx_HAL_Driver/Src/stm32wbaxx_hal_pwr.c:500:6:HAL_PWR_DisableWakeUpPin	0	static
../Drivers/STM32WBAxx_HAL_Driver/Src/stm32wbaxx_hal_pwr.c:522:10:HAL_PWR_GetClearWakeupSource	0	static
../Drivers/STM32WBAxx_HAL_Driver/Src/stm32wbaxx_hal_pwr.c:559:6:HAL_PWR_EnterSLEEPMode	0	static,ignoring_inline_asm
../Drivers/STM32WBAxx_HAL_Driver/Src/stm32wbaxx_hal_pwr.c:625:6:HAL_PWR_EnterSTOPMode	0	static,ignoring_inline_asm
../Drivers/STM32WBAxx_HAL_Driver/Src/stm32wbaxx_hal_pwr.c:671:6:HAL_PWR_EnterSTANDBYMode	0	static,ignoring_inline_asm
../Drivers/STM32WBAxx_HAL_Driver/Src/stm32wbaxx_hal_pwr.c:692:6:HAL_PWR_EnableSleepOnExit	0	static
../Drivers/STM32WBAxx_HAL_Driver/Src/stm32wbaxx_hal_pwr.c:705:6:HAL_PWR_DisableSleepOnExit	0	static
../Drivers/STM32WBAxx_HAL_Driver/Src/stm32wbaxx_hal_pwr.c:718:6:HAL_PWR_EnableSEVOnPend	0	static
../Drivers/STM32WBAxx_HAL_Driver/Src/stm32wbaxx_hal_pwr.c:730:6:HAL_PWR_DisableSEVOnPend	0	static
../Drivers/STM32WBAxx_HAL_Driver/Src/stm32wbaxx_hal_pwr.c:774:13:HAL_PWR_PVD_Rising_Callback	0	static
../Drivers/STM32WBAxx_HAL_Driver/Src/stm32wbaxx_hal_pwr.c:785:13:HAL_PWR_PVD_Falling_Callback	0	static
../Drivers/STM32WBAxx_HAL_Driver/Src/stm32wbaxx_hal_pwr.c:741:6:HAL_PWR_PVD_IRQHandler	16	static
../Drivers/STM32WBAxx_HAL_Driver/Src/stm32wbaxx_hal_pwr.c:858:13:HAL_PWR_WKUP1_Callback	0	static
../Drivers/STM32WBAxx_HAL_Driver/Src/stm32wbaxx_hal_pwr.c:870:13:HAL_PWR_WKUP2_Callback	0	static
../Drivers/STM32WBAxx_HAL_Driver/Src/stm32wbaxx_hal_pwr.c:882:13:HAL_PWR_WKUP3_Callback	0	static
../Drivers/STM32WBAxx_HAL_Driver/Src/stm32wbaxx_hal_pwr.c:893:13:HAL_PWR_WKUP4_Callback	0	static
../Drivers/STM32WBAxx_HAL_Driver/Src/stm32wbaxx_hal_pwr.c:905:13:HAL_PWR_WKUP5_Callback	0	static
../Drivers/STM32WBAxx_HAL_Driver/Src/stm32wbaxx_hal_pwr.c:917:13:HAL_PWR_WKUP6_Callback	0	static
../Drivers/STM32WBAxx_HAL_Driver/Src/stm32wbaxx_hal_pwr.c:928:13:HAL_PWR_WKUP7_Callback	0	static
../Drivers/STM32WBAxx_HAL_Driver/Src/stm32wbaxx_hal_pwr.c:939:13:HAL_PWR_WKUP8_Callback	0	static
../Drivers/STM32WBAxx_HAL_Driver/Src/stm32wbaxx_hal_pwr.c:800:6:HAL_PWR_WKUP_IRQHandler	8	static
../Drivers/STM32WBAxx_HAL_Driver/Src/stm32wbaxx_hal_pwr.c:1042:6:HAL_PWR_ConfigAttributes	0	static
../Drivers/STM32WBAxx_HAL_Driver/Src/stm32wbaxx_hal_pwr.c:1105:19:HAL_PWR_GetConfigAttributes	0	static
