../Drivers/STM32WBAxx_HAL_Driver/Src/stm32wbaxx_hal.c:191:13:HAL_MspInit	0	static
../Drivers/STM32WBAxx_HAL_Driver/Src/stm32wbaxx_hal.c:202:13:HAL_MspDeInit	0	static
../Drivers/STM32WBAxx_HAL_Driver/Src/stm32wbaxx_hal.c:156:19:HAL_DeInit	8	static
../Drivers/STM32WBAxx_HAL_Driver/Src/stm32wbaxx_hal.c:225:26:HAL_InitTick	16	static
../Drivers/STM32WBAxx_HAL_Driver/Src/stm32wbaxx_hal.c:122:19:HAL_Init	8	static
../Drivers/STM32WBAxx_HAL_Driver/Src/stm32wbaxx_hal.c:318:13:HAL_IncTick	0	static
../Drivers/STM32WBAxx_HAL_Driver/Src/stm32wbaxx_hal.c:329:17:HAL_GetTick	0	static
../Drivers/STM32WBAxx_HAL_Driver/Src/stm32wbaxx_hal.c:338:10:HAL_GetTickPrio	0	static
../Drivers/STM32WBAxx_HAL_Driver/Src/stm32wbaxx_hal.c:348:19:HAL_SetTickFreq	16	static
../Drivers/STM32WBAxx_HAL_Driver/Src/stm32wbaxx_hal.c:378:21:HAL_GetTickFreq	0	static
../Drivers/STM32WBAxx_HAL_Driver/Src/stm32wbaxx_hal.c:394:13:HAL_Delay	16	static
../Drivers/STM32WBAxx_HAL_Driver/Src/stm32wbaxx_hal.c:420:13:HAL_SuspendTick	0	static
../Drivers/STM32WBAxx_HAL_Driver/Src/stm32wbaxx_hal.c:436:13:HAL_ResumeTick	0	static
../Drivers/STM32WBAxx_HAL_Driver/Src/stm32wbaxx_hal.c:446:10:HAL_GetHalVersion	0	static
../Drivers/STM32WBAxx_HAL_Driver/Src/stm32wbaxx_hal.c:455:10:HAL_GetREVID	0	static
../Drivers/STM32WBAxx_HAL_Driver/Src/stm32wbaxx_hal.c:464:10:HAL_GetDEVID	0	static
../Drivers/STM32WBAxx_HAL_Driver/Src/stm32wbaxx_hal.c:473:10:HAL_GetUIDw0	0	static
../Drivers/STM32WBAxx_HAL_Driver/Src/stm32wbaxx_hal.c:482:10:HAL_GetUIDw1	0	static
../Drivers/STM32WBAxx_HAL_Driver/Src/stm32wbaxx_hal.c:491:10:HAL_GetUIDw2	0	static
../Drivers/STM32WBAxx_HAL_Driver/Src/stm32wbaxx_hal.c:518:6:HAL_DBGMCU_EnableDBGStopMode	0	static
../Drivers/STM32WBAxx_HAL_Driver/Src/stm32wbaxx_hal.c:527:6:HAL_DBGMCU_DisableDBGStopMode	0	static
../Drivers/STM32WBAxx_HAL_Driver/Src/stm32wbaxx_hal.c:536:6:HAL_DBGMCU_EnableDBGStandbyMode	0	static
../Drivers/STM32WBAxx_HAL_Driver/Src/stm32wbaxx_hal.c:545:6:HAL_DBGMCU_DisableDBGStandbyMode	0	static
../Drivers/STM32WBAxx_HAL_Driver/Src/stm32wbaxx_hal.c:583:6:HAL_SYSCFG_EnableIOAnalogSwitchBooster	0	static
../Drivers/STM32WBAxx_HAL_Driver/Src/stm32wbaxx_hal.c:593:6:HAL_SYSCFG_DisableIOAnalogSwitchBooster	0	static
../Drivers/STM32WBAxx_HAL_Driver/Src/stm32wbaxx_hal.c:603:6:HAL_SYSCFG_EnableIOAnalogSwitchVdd	0	static
../Drivers/STM32WBAxx_HAL_Driver/Src/stm32wbaxx_hal.c:612:6:HAL_SYSCFG_DisableIOAnalogSwitchVdd	0	static
../Drivers/STM32WBAxx_HAL_Driver/Src/stm32wbaxx_hal.c:714:6:HAL_SYSCFG_EnableCompensationCell	0	static
../Drivers/STM32WBAxx_HAL_Driver/Src/stm32wbaxx_hal.c:730:6:HAL_SYSCFG_DisableCompensationCell	0	static
../Drivers/STM32WBAxx_HAL_Driver/Src/stm32wbaxx_hal.c:746:10:HAL_SYSCFG_GetCompensationCellReadyStatus	0	static
../Drivers/STM32WBAxx_HAL_Driver/Src/stm32wbaxx_hal.c:770:6:HAL_SYSCFG_ConfigCompensationCell	20	static,ignoring_inline_asm
../Drivers/STM32WBAxx_HAL_Driver/Src/stm32wbaxx_hal.c:806:19:HAL_SYSCFG_GetCompensationCell	12	static
../Drivers/STM32WBAxx_HAL_Driver/Src/stm32wbaxx_hal.c:853:6:HAL_SYSCFG_Lock	0	static
../Drivers/STM32WBAxx_HAL_Driver/Src/stm32wbaxx_hal.c:874:19:HAL_SYSCFG_GetLock	0	static
../Drivers/STM32WBAxx_HAL_Driver/Src/stm32wbaxx_hal.c:960:19:HAL_SYSCFG_GetConfigAttributes	0	static
