../Drivers/STM32WBAxx_HAL_Driver/Inc/stm32wbaxx_ll_rcc.h:2308:22:LL_RCC_PLL1_ConfigDomain_PLL1R	12	static
../Drivers/STM32WBAxx_HAL_Driver/Src/stm32wbaxx_ll_utils.c:143:6:LL_Init1msTick	0	static
../Drivers/STM32WBAxx_HAL_Driver/Src/stm32wbaxx_ll_utils.c:156:6:LL_Init1msTick_HCLK_Div8	0	static
../Drivers/STM32WBAxx_HAL_Driver/Src/stm32wbaxx_ll_utils.c:170:6:LL_Init1msTick_LSE	0	static
../Drivers/STM32WBAxx_HAL_Driver/Src/stm32wbaxx_ll_utils.c:184:6:LL_Init1msTick_LSI	0	static
../Drivers/STM32WBAxx_HAL_Driver/Src/stm32wbaxx_ll_utils.c:202:6:LL_mDelay	8	static
../Drivers/STM32WBAxx_HAL_Driver/Src/stm32wbaxx_ll_utils.c:273:6:LL_SetSystemCoreClock	0	static
../Drivers/STM32WBAxx_HAL_Driver/Src/stm32wbaxx_ll_utils.c:413:13:LL_SetFlashLatency	0	static
../Drivers/STM32WBAxx_HAL_Driver/Src/stm32wbaxx_ll_utils.c:550:20:UTILS_EnablePLLAndSwitchSystem	24	static
../Drivers/STM32WBAxx_HAL_Driver/Src/stm32wbaxx_ll_utils.c:298:13:LL_PLL1_ConfigSystemClock_HSI	24	static
../Drivers/STM32WBAxx_HAL_Driver/Src/stm32wbaxx_ll_utils.c:354:13:LL_PLL1_ConfigSystemClock_HSE	32	static
