../Core/Src/main.c:133:6:NotifyAct	16	static
../Core/Src/main.c:154:6:calcPulseLevel	0	static
../Core/Src/main.c:497:6:SystemClock_Config	104	static,ignoring_inline_asm
../Core/Src/main.c:561:6:PeriphCommonClock_Config	80	static,ignoring_inline_asm
../Core/Src/main.c:896:6:MX_RTC_Init	40	static,ignoring_inline_asm
../Core/Src/main.c:165:5:main	168	static,ignoring_inline_asm
../Core/Src/main.c:1116:6:HAL_LPTIM_CompareMatchCallback	8	static
../Core/Src/main.c:1136:6:HAL_LPTIM_AutoReloadMatchCallback	8	static
../Core/Src/main.c:1154:6:HAL_LPTIM_UpdateEventCallback	8	static
../Core/Src/main.c:1167:6:Error_Handler	0	static,ignoring_inline_asm
