../System/Interfaces/timer_if.c:291:10:TIMER_IF_SetTimerContext	0	static
../System/Interfaces/timer_if.c:310:10:TIMER_IF_GetTimerContext	0	static
../System/Interfaces/timer_if.c:326:10:TIMER_IF_GetTimerElapsedTime	0	static
../System/Interfaces/timer_if.c:339:10:TIMER_IF_GetTimerValue	0	static
../System/Interfaces/timer_if.c:359:10:TIMER_IF_GetMinimumTimeout	0	static
../System/Interfaces/timer_if.c:372:10:TIMER_IF_Convert_ms2Tick	8	static
../System/Interfaces/timer_if.c:385:10:TIMER_IF_Convert_Tick2ms	0	static
../System/Interfaces/timer_if.c:266:21:TIMER_IF_StopTimer	8	static
../System/Interfaces/timer_if.c:482:6:TIMER_IF_BkUp_Write_Seconds	0	static
../System/Interfaces/timer_if.c:495:6:TIMER_IF_BkUp_Write_SubSeconds	0	static
../System/Interfaces/timer_if.c:226:21:TIMER_IF_StartTimer	56	static
../System/Interfaces/timer_if.c:449:10:TIMER_IF_GetTime	16	static
../System/Interfaces/timer_if.c:508:10:TIMER_IF_BkUp_Read_Seconds	0	static
../System/Interfaces/timer_if.c:521:10:TIMER_IF_BkUp_Read_SubSeconds	0	static
../System/Interfaces/timer_if.c:185:21:TIMER_IF_Init	16	static
../System/Interfaces/timer_if.c:398:6:TIMER_IF_DelayMs	8	static,ignoring_inline_asm
../System/Interfaces/timer_if.c:418:6:HAL_RTC_AlarmAEventCallback	0	static
../System/Interfaces/timer_if.c:431:6:HAL_RTCEx_SSRUEventCallback	8	static
