../Drivers/STM32WBAxx_HAL_Driver/Src/stm32wbaxx_hal_dma_ex.c:3720:17:DMA_List_CheckNodesBaseAddresses	0	static
../Drivers/STM32WBAxx_HAL_Driver/Src/stm32wbaxx_hal_dma_ex.c:3763:17:DMA_List_CheckNodesTypes	0	static
../Drivers/STM32WBAxx_HAL_Driver/Src/stm32wbaxx_hal_dma_ex.c:3847:17:DMA_List_FindNode	28	static
../Drivers/STM32WBAxx_HAL_Driver/Src/stm32wbaxx_hal_dma_ex.c:4163:13:DMA_List_UpdateDynamicQueueNodesCLLR	36	static
../Drivers/STM32WBAxx_HAL_Driver/Src/stm32wbaxx_hal_dma_ex.c:4239:13:DMA_List_UpdateStaticQueueNodesCLLR	20	static
../Drivers/STM32WBAxx_HAL_Driver/Src/stm32wbaxx_hal_dma_ex.c:565:19:HAL_DMAEx_List_Init	16	static
../Drivers/STM32WBAxx_HAL_Driver/Src/stm32wbaxx_hal_dma_ex.c:634:19:HAL_DMAEx_List_DeInit	24	static
../Drivers/STM32WBAxx_HAL_Driver/Src/stm32wbaxx_hal_dma_ex.c:771:19:HAL_DMAEx_List_Start	12	static
../Drivers/STM32WBAxx_HAL_Driver/Src/stm32wbaxx_hal_dma_ex.c:833:19:HAL_DMAEx_List_Start_IT	12	static
../Drivers/STM32WBAxx_HAL_Driver/Src/stm32wbaxx_hal_dma_ex.c:1001:19:HAL_DMAEx_List_BuildNode	20	static
../Drivers/STM32WBAxx_HAL_Driver/Src/stm32wbaxx_hal_dma_ex.c:1062:19:HAL_DMAEx_List_GetNodeConfig	8	static
../Drivers/STM32WBAxx_HAL_Driver/Src/stm32wbaxx_hal_dma_ex.c:1086:19:HAL_DMAEx_List_InsertNode	48	static
../Drivers/STM32WBAxx_HAL_Driver/Src/stm32wbaxx_hal_dma_ex.c:1216:19:HAL_DMAEx_List_InsertNode_Head	16	static
../Drivers/STM32WBAxx_HAL_Driver/Src/stm32wbaxx_hal_dma_ex.c:1295:19:HAL_DMAEx_List_InsertNode_Tail	40	static
../Drivers/STM32WBAxx_HAL_Driver/Src/stm32wbaxx_hal_dma_ex.c:1382:19:HAL_DMAEx_List_RemoveNode	48	static
../Drivers/STM32WBAxx_HAL_Driver/Src/stm32wbaxx_hal_dma_ex.c:1523:19:HAL_DMAEx_List_RemoveNode_Head	48	static
../Drivers/STM32WBAxx_HAL_Driver/Src/stm32wbaxx_hal_dma_ex.c:1620:19:HAL_DMAEx_List_RemoveNode_Tail	40	static
../Drivers/STM32WBAxx_HAL_Driver/Src/stm32wbaxx_hal_dma_ex.c:1715:19:HAL_DMAEx_List_ReplaceNode	48	static
../Drivers/STM32WBAxx_HAL_Driver/Src/stm32wbaxx_hal_dma_ex.c:1878:19:HAL_DMAEx_List_ReplaceNode_Head	40	static
../Drivers/STM32WBAxx_HAL_Driver/Src/stm32wbaxx_hal_dma_ex.c:1975:19:HAL_DMAEx_List_ReplaceNode_Tail	48	static
../Drivers/STM32WBAxx_HAL_Driver/Src/stm32wbaxx_hal_dma_ex.c:2066:19:HAL_DMAEx_List_ResetQ	20	static
../Drivers/STM32WBAxx_HAL_Driver/Src/stm32wbaxx_hal_dma_ex.c:2138:19:HAL_DMAEx_List_InsertQ	72	static
../Drivers/STM32WBAxx_HAL_Driver/Src/stm32wbaxx_hal_dma_ex.c:2346:19:HAL_DMAEx_List_InsertQ_Head	72	static
../Drivers/STM32WBAxx_HAL_Driver/Src/stm32wbaxx_hal_dma_ex.c:2483:19:HAL_DMAEx_List_InsertQ_Tail	72	static
../Drivers/STM32WBAxx_HAL_Driver/Src/stm32wbaxx_hal_dma_ex.c:2619:19:HAL_DMAEx_List_SetCircularModeConfig	40	static
../Drivers/STM32WBAxx_HAL_Driver/Src/stm32wbaxx_hal_dma_ex.c:2714:19:HAL_DMAEx_List_SetCircularMode	40	static
../Drivers/STM32WBAxx_HAL_Driver/Src/stm32wbaxx_hal_dma_ex.c:2797:19:HAL_DMAEx_List_ClearCircularMode	40	static
../Drivers/STM32WBAxx_HAL_Driver/Src/stm32wbaxx_hal_dma_ex.c:2868:19:HAL_DMAEx_List_ConvertQToDynamic	128	static
../Drivers/STM32WBAxx_HAL_Driver/Src/stm32wbaxx_hal_dma_ex.c:2970:19:HAL_DMAEx_List_ConvertQToStatic	104	static
../Drivers/STM32WBAxx_HAL_Driver/Src/stm32wbaxx_hal_dma_ex.c:3047:19:HAL_DMAEx_List_LinkQ	0	static
../Drivers/STM32WBAxx_HAL_Driver/Src/stm32wbaxx_hal_dma_ex.c:3118:19:HAL_DMAEx_List_UnLinkQ	0	static
../Drivers/STM32WBAxx_HAL_Driver/Src/stm32wbaxx_hal_dma_ex.c:3184:19:HAL_DMAEx_ConfigDataHandling	0	static
../Drivers/STM32WBAxx_HAL_Driver/Src/stm32wbaxx_hal_dma_ex.c:3224:19:HAL_DMAEx_ConfigTrigger	8	static
../Drivers/STM32WBAxx_HAL_Driver/Src/stm32wbaxx_hal_dma_ex.c:3297:19:HAL_DMAEx_Suspend	16	static
../Drivers/STM32WBAxx_HAL_Driver/Src/stm32wbaxx_hal_dma_ex.c:3356:19:HAL_DMAEx_Suspend_IT	0	static
../Drivers/STM32WBAxx_HAL_Driver/Src/stm32wbaxx_hal_dma_ex.c:3390:19:HAL_DMAEx_Resume	0	static
../Drivers/STM32WBAxx_HAL_Driver/Src/stm32wbaxx_hal_dma_ex.c:3451:10:HAL_DMAEx_GetFifoLevel	0	static
