../Drivers/STM32WBAxx_HAL_Driver/Src/stm32wbaxx_hal_uart.c:3713:13:UART_EndTxTransfer	0	static,ignoring_inline_asm
../Drivers/STM32WBAxx_HAL_Driver/Src/stm32wbaxx_hal_uart.c:3730:13:UART_EndRxTransfer	8	static,ignoring_inline_asm
../Drivers/STM32WBAxx_HAL_Driver/Src/stm32wbaxx_hal_uart.c:4144:13:UART_TxISR_8BIT.part.0	0	static,ignoring_inline_asm
../Drivers/STM32WBAxx_HAL_Driver/Src/stm32wbaxx_hal_uart.c:4144:13:UART_TxISR_8BIT	0	static
../Drivers/STM32WBAxx_HAL_Driver/Src/stm32wbaxx_hal_uart.c:4173:13:UART_TxISR_16BIT	0	static
../Drivers/STM32WBAxx_HAL_Driver/Src/stm32wbaxx_hal_uart.c:4205:13:UART_TxISR_8BIT_FIFOEN	8	static,ignoring_inline_asm
../Drivers/STM32WBAxx_HAL_Driver/Src/stm32wbaxx_hal_uart.c:4245:13:UART_TxISR_16BIT_FIFOEN	8	static,ignoring_inline_asm
../Drivers/STM32WBAxx_HAL_Driver/Src/stm32wbaxx_hal_uart.c:681:13:HAL_UART_MspInit	0	static
../Drivers/STM32WBAxx_HAL_Driver/Src/stm32wbaxx_hal_uart.c:696:13:HAL_UART_MspDeInit	0	static
../Drivers/STM32WBAxx_HAL_Driver/Src/stm32wbaxx_hal_uart.c:634:19:HAL_UART_DeInit	16	static
../Drivers/STM32WBAxx_HAL_Driver/Src/stm32wbaxx_hal_uart.c:1285:19:HAL_UART_Transmit_IT	8	static,ignoring_inline_asm
../Drivers/STM32WBAxx_HAL_Driver/Src/stm32wbaxx_hal_uart.c:1395:19:HAL_UART_Transmit_DMA	16	static,ignoring_inline_asm
../Drivers/STM32WBAxx_HAL_Driver/Src/stm32wbaxx_hal_uart.c:1540:19:HAL_UART_DMAPause	16	static,ignoring_inline_asm
../Drivers/STM32WBAxx_HAL_Driver/Src/stm32wbaxx_hal_uart.c:1602:19:HAL_UART_DMAResume	8	static,ignoring_inline_asm
../Drivers/STM32WBAxx_HAL_Driver/Src/stm32wbaxx_hal_uart.c:1651:19:HAL_UART_DMAStop	16	static,ignoring_inline_asm
../Drivers/STM32WBAxx_HAL_Driver/Src/stm32wbaxx_hal_uart.c:1727:19:HAL_UART_Abort	8	static,ignoring_inline_asm
../Drivers/STM32WBAxx_HAL_Driver/Src/stm32wbaxx_hal_uart.c:1832:19:HAL_UART_AbortTransmit	8	static,ignoring_inline_asm
../Drivers/STM32WBAxx_HAL_Driver/Src/stm32wbaxx_hal_uart.c:1893:19:HAL_UART_AbortReceive	8	static,ignoring_inline_asm
../Drivers/STM32WBAxx_HAL_Driver/Src/stm32wbaxx_hal_uart.c:2646:13:HAL_UART_TxCpltCallback	0	static
../Drivers/STM32WBAxx_HAL_Driver/Src/stm32wbaxx_hal_uart.c:3757:13:UART_DMATransmitCplt	8	static,ignoring_inline_asm
../Drivers/STM32WBAxx_HAL_Driver/Src/stm32wbaxx_hal_uart.c:2661:13:HAL_UART_TxHalfCpltCallback	0	static
../Drivers/STM32WBAxx_HAL_Driver/Src/stm32wbaxx_hal_uart.c:3791:13:UART_DMATxHalfCplt	8	static
../Drivers/STM32WBAxx_HAL_Driver/Src/stm32wbaxx_hal_uart.c:2676:13:HAL_UART_RxCpltCallback	0	static
../Drivers/STM32WBAxx_HAL_Driver/Src/stm32wbaxx_hal_uart.c:2691:13:HAL_UART_RxHalfCpltCallback	0	static
../Drivers/STM32WBAxx_HAL_Driver/Src/stm32wbaxx_hal_uart.c:2706:13:HAL_UART_ErrorCallback	0	static
../Drivers/STM32WBAxx_HAL_Driver/Src/stm32wbaxx_hal_uart.c:3908:13:UART_DMAError	16	static
../Drivers/STM32WBAxx_HAL_Driver/Src/stm32wbaxx_hal_uart.c:3948:13:UART_DMAAbortOnError	8	static
../Drivers/STM32WBAxx_HAL_Driver/Src/stm32wbaxx_hal_uart.c:2721:13:HAL_UART_AbortCpltCallback	0	static
../Drivers/STM32WBAxx_HAL_Driver/Src/stm32wbaxx_hal_uart.c:1963:19:HAL_UART_Abort_IT	16	static,ignoring_inline_asm
../Drivers/STM32WBAxx_HAL_Driver/Src/stm32wbaxx_hal_uart.c:4025:13:UART_DMARxAbortCallback	8	static
../Drivers/STM32WBAxx_HAL_Driver/Src/stm32wbaxx_hal_uart.c:3970:13:UART_DMATxAbortCallback	8	static
../Drivers/STM32WBAxx_HAL_Driver/Src/stm32wbaxx_hal_uart.c:2736:13:HAL_UART_AbortTransmitCpltCallback	0	static
../Drivers/STM32WBAxx_HAL_Driver/Src/stm32wbaxx_hal_uart.c:2118:19:HAL_UART_AbortTransmit_IT	8	static,ignoring_inline_asm
../Drivers/STM32WBAxx_HAL_Driver/Src/stm32wbaxx_hal_uart.c:4077:13:UART_DMATxOnlyAbortCallback	8	static
../Drivers/STM32WBAxx_HAL_Driver/Src/stm32wbaxx_hal_uart.c:2751:13:HAL_UART_AbortReceiveCpltCallback	0	static
../Drivers/STM32WBAxx_HAL_Driver/Src/stm32wbaxx_hal_uart.c:2211:19:HAL_UART_AbortReceive_IT	8	static,ignoring_inline_asm
../Drivers/STM32WBAxx_HAL_Driver/Src/stm32wbaxx_hal_uart.c:4110:13:UART_DMARxOnlyAbortCallback	8	static
../Drivers/STM32WBAxx_HAL_Driver/Src/stm32wbaxx_hal_uart.c:2768:13:HAL_UARTEx_RxEventCallback	0	static
../Drivers/STM32WBAxx_HAL_Driver/Src/stm32wbaxx_hal_uart.c:2306:6:HAL_UART_IRQHandler	24	static,ignoring_inline_asm
../Drivers/STM32WBAxx_HAL_Driver/Src/stm32wbaxx_hal_uart.c:4311:13:UART_RxISR_8BIT	8	static,ignoring_inline_asm
../Drivers/STM32WBAxx_HAL_Driver/Src/stm32wbaxx_hal_uart.c:4402:13:UART_RxISR_16BIT	8	static,ignoring_inline_asm
../Drivers/STM32WBAxx_HAL_Driver/Src/stm32wbaxx_hal_uart.c:4495:13:UART_RxISR_8BIT_FIFOEN	32	static,ignoring_inline_asm
../Drivers/STM32WBAxx_HAL_Driver/Src/stm32wbaxx_hal_uart.c:4658:13:UART_RxISR_16BIT_FIFOEN	32	static,ignoring_inline_asm
../Drivers/STM32WBAxx_HAL_Driver/Src/stm32wbaxx_hal_uart.c:3870:13:UART_DMARxHalfCplt	8	static
../Drivers/STM32WBAxx_HAL_Driver/Src/stm32wbaxx_hal_uart.c:3809:13:UART_DMAReceiveCplt	8	static,ignoring_inline_asm
../Drivers/STM32WBAxx_HAL_Driver/Src/stm32wbaxx_hal_uart.c:2816:6:HAL_UART_ReceiverTimeout_Config	0	static
../Drivers/STM32WBAxx_HAL_Driver/Src/stm32wbaxx_hal_uart.c:2831:19:HAL_UART_EnableReceiverTimeout	0	static
../Drivers/STM32WBAxx_HAL_Driver/Src/stm32wbaxx_hal_uart.c:2869:19:HAL_UART_DisableReceiverTimeout	0	static
../Drivers/STM32WBAxx_HAL_Driver/Src/stm32wbaxx_hal_uart.c:2947:6:HAL_MultiProcessor_EnterMuteMode	0	static
../Drivers/STM32WBAxx_HAL_Driver/Src/stm32wbaxx_hal_uart.c:2957:19:HAL_HalfDuplex_EnableTransmitter	8	static,ignoring_inline_asm
../Drivers/STM32WBAxx_HAL_Driver/Src/stm32wbaxx_hal_uart.c:2980:19:HAL_HalfDuplex_EnableReceiver	8	static,ignoring_inline_asm
../Drivers/STM32WBAxx_HAL_Driver/Src/stm32wbaxx_hal_uart.c:3004:19:HAL_LIN_SendBreak	0	static
../Drivers/STM32WBAxx_HAL_Driver/Src/stm32wbaxx_hal_uart.c:3049:23:HAL_UART_GetState	0	static
../Drivers/STM32WBAxx_HAL_Driver/Src/stm32wbaxx_hal_uart.c:3065:10:HAL_UART_GetError	0	static
../Drivers/STM32WBAxx_HAL_Driver/Src/stm32wbaxx_hal_uart.c:3110:19:UART_SetConfig	16	static
../Drivers/STM32WBAxx_HAL_Driver/Src/stm32wbaxx_hal_uart.c:3331:6:UART_AdvFeatureConfig	8	static
../Drivers/STM32WBAxx_HAL_Driver/Src/stm32wbaxx_hal_uart.c:3476:19:UART_WaitOnFlagUntilTimeout	32	static
../Drivers/STM32WBAxx_HAL_Driver/Src/stm32wbaxx_hal_uart.c:1111:19:HAL_UART_Transmit	40	static
../Drivers/STM32WBAxx_HAL_Driver/Src/stm32wbaxx_hal_uart.c:1201:19:HAL_UART_Receive	40	static
../Drivers/STM32WBAxx_HAL_Driver/Src/stm32wbaxx_hal_uart.c:3407:19:UART_CheckIdleState	24	static,ignoring_inline_asm
../Drivers/STM32WBAxx_HAL_Driver/Src/stm32wbaxx_hal_uart.c:309:19:HAL_UART_Init	8	static
../Drivers/STM32WBAxx_HAL_Driver/Src/stm32wbaxx_hal_uart.c:384:19:HAL_HalfDuplex_Init	8	static
../Drivers/STM32WBAxx_HAL_Driver/Src/stm32wbaxx_hal_uart.c:459:19:HAL_LIN_Init	16	static
../Drivers/STM32WBAxx_HAL_Driver/Src/stm32wbaxx_hal_uart.c:558:19:HAL_MultiProcessor_Init	16	static
../Drivers/STM32WBAxx_HAL_Driver/Src/stm32wbaxx_hal_uart.c:2907:19:HAL_MultiProcessor_EnableMuteMode	0	static,ignoring_inline_asm
../Drivers/STM32WBAxx_HAL_Driver/Src/stm32wbaxx_hal_uart.c:2927:19:HAL_MultiProcessor_DisableMuteMode	0	static,ignoring_inline_asm
../Drivers/STM32WBAxx_HAL_Driver/Src/stm32wbaxx_hal_uart.c:3544:19:UART_Start_Receive_IT	12	static,ignoring_inline_asm
../Drivers/STM32WBAxx_HAL_Driver/Src/stm32wbaxx_hal_uart.c:1353:19:HAL_UART_Receive_IT	8	static,ignoring_inline_asm
../Drivers/STM32WBAxx_HAL_Driver/Src/stm32wbaxx_hal_uart.c:3617:19:UART_Start_Receive_DMA	16	static,ignoring_inline_asm
../Drivers/STM32WBAxx_HAL_Driver/Src/stm32wbaxx_hal_uart.c:1504:19:HAL_UART_Receive_DMA	8	static,ignoring_inline_asm
