../Drivers/STM32WBAxx_HAL_Driver/Src/stm32wbaxx_hal_cortex.c:161:6:HAL_NVIC_SetPriorityGrouping	0	static
../Drivers/STM32WBAxx_HAL_Driver/Src/stm32wbaxx_hal_cortex.c:183:6:HAL_NVIC_SetPriority	12	static
../Drivers/STM32WBAxx_HAL_Driver/Src/stm32wbaxx_hal_cortex.c:205:6:HAL_NVIC_EnableIRQ	0	static,ignoring_inline_asm
../Drivers/STM32WBAxx_HAL_Driver/Src/stm32wbaxx_hal_cortex.c:221:6:HAL_NVIC_DisableIRQ	0	static,ignoring_inline_asm
../Drivers/STM32WBAxx_HAL_Driver/Src/stm32wbaxx_hal_cortex.c:234:6:HAL_NVIC_SystemReset	0	static,ignoring_inline_asm
../Drivers/STM32WBAxx_HAL_Driver/Src/stm32wbaxx_hal_cortex.c:247:10:HAL_SYSTICK_Config	0	static
../Drivers/STM32WBAxx_HAL_Driver/Src/stm32wbaxx_hal_cortex.c:291:10:HAL_NVIC_GetPriorityGrouping	0	static
../Drivers/STM32WBAxx_HAL_Driver/Src/stm32wbaxx_hal_cortex.c:318:6:HAL_NVIC_GetPriority	16	static
../Drivers/STM32WBAxx_HAL_Driver/Src/stm32wbaxx_hal_cortex.c:333:6:HAL_NVIC_SetPendingIRQ	0	static
../Drivers/STM32WBAxx_HAL_Driver/Src/stm32wbaxx_hal_cortex.c:348:10:HAL_NVIC_GetPendingIRQ	0	static
../Drivers/STM32WBAxx_HAL_Driver/Src/stm32wbaxx_hal_cortex.c:361:6:HAL_NVIC_ClearPendingIRQ	0	static
../Drivers/STM32WBAxx_HAL_Driver/Src/stm32wbaxx_hal_cortex.c:375:10:HAL_NVIC_GetActive	0	static
../Drivers/STM32WBAxx_HAL_Driver/Src/stm32wbaxx_hal_cortex.c:391:6:HAL_SYSTICK_CLKSourceConfig	0	static
../Drivers/STM32WBAxx_HAL_Driver/Src/stm32wbaxx_hal_cortex.c:430:10:HAL_SYSTICK_GetCLKSourceConfig	0	static
../Drivers/STM32WBAxx_HAL_Driver/Src/stm32wbaxx_hal_cortex.c:474:13:HAL_SYSTICK_Callback	0	static
../Drivers/STM32WBAxx_HAL_Driver/Src/stm32wbaxx_hal_cortex.c:465:6:HAL_SYSTICK_IRQHandler	8	static
../Drivers/STM32WBAxx_HAL_Driver/Src/stm32wbaxx_hal_cortex.c:492:6:HAL_MPU_Enable	0	static,ignoring_inline_asm
../Drivers/STM32WBAxx_HAL_Driver/Src/stm32wbaxx_hal_cortex.c:512:6:HAL_MPU_EnableRegion	0	static
../Drivers/STM32WBAxx_HAL_Driver/Src/stm32wbaxx_hal_cortex.c:572:6:HAL_MPU_Disable	0	static,ignoring_inline_asm
../Drivers/STM32WBAxx_HAL_Driver/Src/stm32wbaxx_hal_cortex.c:592:6:HAL_MPU_DisableRegion	0	static
../Drivers/STM32WBAxx_HAL_Driver/Src/stm32wbaxx_hal_cortex.c:644:6:HAL_MPU_ConfigRegion	0	static,ignoring_inline_asm
../Drivers/STM32WBAxx_HAL_Driver/Src/stm32wbaxx_hal_cortex.c:696:6:HAL_MPU_ConfigMemoryAttributes	8	static,ignoring_inline_asm
