../Drivers/STM32WBAxx_HAL_Driver/Src/stm32wbaxx_hal_rcc_ex.c:98:19:HAL_RCCEx_PeriphCLKConfig	40	static
../Drivers/STM32WBAxx_HAL_Driver/Src/stm32wbaxx_hal_rcc_ex.c:431:6:HAL_RCCEx_GetPeriphCLKConfig	0	static
../Drivers/STM32WBAxx_HAL_Driver/Src/stm32wbaxx_hal_rcc_ex.c:548:10:HAL_RCCEx_GetPeriphCLKFreq	8	static
../Drivers/STM32WBAxx_HAL_Driver/Src/stm32wbaxx_hal_rcc_ex.c:1175:6:HAL_RCCEx_EnableLSECSS	0	static
../Drivers/STM32WBAxx_HAL_Driver/Src/stm32wbaxx_hal_rcc_ex.c:1185:6:HAL_RCCEx_DisableLSECSS	0	static
../Drivers/STM32WBAxx_HAL_Driver/Src/stm32wbaxx_hal_rcc_ex.c:1198:6:HAL_RCCEx_EnableLSCO	0	static
../Drivers/STM32WBAxx_HAL_Driver/Src/stm32wbaxx_hal_rcc_ex.c:1211:6:HAL_RCCEx_DisableLSCO	0	static
../Drivers/STM32WBAxx_HAL_Driver/Src/stm32wbaxx_hal_rcc_ex.c:1223:6:HAL_RCCEx_HSESetTrimming	0	static
../Drivers/STM32WBAxx_HAL_Driver/Src/stm32wbaxx_hal_rcc_ex.c:1235:10:HAL_RCCEx_HSEGetTrimming	0	static
../Drivers/STM32WBAxx_HAL_Driver/Src/stm32wbaxx_hal_rcc_ex.c:1250:6:HAL_RCCEx_LSESetTrimming	0	static
../Drivers/STM32WBAxx_HAL_Driver/Src/stm32wbaxx_hal_rcc_ex.c:1262:10:HAL_RCCEx_LSEGetTrimming	0	static
../Drivers/STM32WBAxx_HAL_Driver/Src/stm32wbaxx_hal_rcc_ex.c:1274:6:HAL_RCCEx_LSI2SetConfig	0	static
../Drivers/STM32WBAxx_HAL_Driver/Src/stm32wbaxx_hal_rcc_ex.c:1290:6:HAL_RCCEx_LSI2GetConfig	0	static
../Drivers/STM32WBAxx_HAL_Driver/Src/stm32wbaxx_hal_rcc_ex.c:1328:6:HAL_RCCEx_EnableRadioBBClock	0	static
../Drivers/STM32WBAxx_HAL_Driver/Src/stm32wbaxx_hal_rcc_ex.c:1337:6:HAL_RCCEx_DisableRadioBBClock	0	static
../Drivers/STM32WBAxx_HAL_Driver/Src/stm32wbaxx_hal_rcc_ex.c:1346:6:HAL_RCCEx_EnableRequestUponRadioWakeUpEvent	0	static
../Drivers/STM32WBAxx_HAL_Driver/Src/stm32wbaxx_hal_rcc_ex.c:1355:6:HAL_RCCEx_DisableRequestUponRadioWakeUpEvent	0	static
../Drivers/STM32WBAxx_HAL_Driver/Src/stm32wbaxx_hal_rcc_ex.c:1368:10:HAL_RCCEx_GetRadioBusClockReadiness	0	static
../Drivers/STM32WBAxx_HAL_Driver/Src/stm32wbaxx_hal_rcc_ex.c:1395:6:HAL_RCCEx_EnableAudioSyncClock	0	static
../Drivers/STM32WBAxx_HAL_Driver/Src/stm32wbaxx_hal_rcc_ex.c:1404:6:HAL_RCCEx_DisableAudioSyncClock	0	static
../Drivers/STM32WBAxx_HAL_Driver/Src/stm32wbaxx_hal_rcc_ex.c:1415:19:HAL_RCCEx_SetConfigAudioSync	0	static
../Drivers/STM32WBAxx_HAL_Driver/Src/stm32wbaxx_hal_rcc_ex.c:1444:6:HAL_RCCEx_GetConfigAudioSync	0	static
../Drivers/STM32WBAxx_HAL_Driver/Src/stm32wbaxx_hal_rcc_ex.c:1471:10:HAL_RCCEx_GetAudioSyncCounterValue	0	static
../Drivers/STM32WBAxx_HAL_Driver/Src/stm32wbaxx_hal_rcc_ex.c:1480:10:HAL_RCCEx_GetAudioSyncCaptureValue	0	static
