../Drivers/STM32WBAxx_HAL_Driver/Src/stm32wbaxx_hal_rtc.c:867:13:HAL_RTC_MspInit	0	static
../Drivers/STM32WBAxx_HAL_Driver/Src/stm32wbaxx_hal_rtc.c:882:13:HAL_RTC_MspDeInit	0	static
../Drivers/STM32WBAxx_HAL_Driver/Src/stm32wbaxx_hal_rtc.c:1218:6:HAL_RTC_DST_Add1Hour	0	static
../Drivers/STM32WBAxx_HAL_Driver/Src/stm32wbaxx_hal_rtc.c:1239:6:HAL_RTC_DST_Sub1Hour	0	static
../Drivers/STM32WBAxx_HAL_Driver/Src/stm32wbaxx_hal_rtc.c:1260:6:HAL_RTC_DST_SetStoreOperation	0	static
../Drivers/STM32WBAxx_HAL_Driver/Src/stm32wbaxx_hal_rtc.c:1274:6:HAL_RTC_DST_ClearStoreOperation	0	static
../Drivers/STM32WBAxx_HAL_Driver/Src/stm32wbaxx_hal_rtc.c:1288:10:HAL_RTC_DST_ReadStoreOperation	0	static
../Drivers/STM32WBAxx_HAL_Driver/Src/stm32wbaxx_hal_rtc.c:1745:19:HAL_RTC_DeactivateAlarm	0	static
../Drivers/STM32WBAxx_HAL_Driver/Src/stm32wbaxx_hal_rtc.c:1946:13:HAL_RTC_AlarmAEventCallback	0	static
../Drivers/STM32WBAxx_HAL_Driver/Src/stm32wbaxx_hal_rtc.c:1905:6:HAL_RTC_AlarmIRQHandler	16	static
../Drivers/STM32WBAxx_HAL_Driver/Src/stm32wbaxx_hal_rtc.c:1962:19:HAL_RTC_PollForAlarmAEvent	16	static
../Drivers/STM32WBAxx_HAL_Driver/Src/stm32wbaxx_hal_rtc.c:2027:19:HAL_RTC_WaitForSynchro	16	static
../Drivers/STM32WBAxx_HAL_Driver/Src/stm32wbaxx_hal_rtc.c:2081:21:HAL_RTC_GetState	0	static
../Drivers/STM32WBAxx_HAL_Driver/Src/stm32wbaxx_hal_rtc.c:2104:19:RTC_EnterInitMode	24	static
../Drivers/STM32WBAxx_HAL_Driver/Src/stm32wbaxx_hal_rtc.c:2145:19:RTC_ExitInitMode	16	static
../Drivers/STM32WBAxx_HAL_Driver/Src/stm32wbaxx_hal_rtc.c:253:19:HAL_RTC_Init	16	static
../Drivers/STM32WBAxx_HAL_Driver/Src/stm32wbaxx_hal_rtc.c:426:19:HAL_RTC_DeInit	16	static
../Drivers/STM32WBAxx_HAL_Driver/Src/stm32wbaxx_hal_rtc.c:2183:9:RTC_ByteToBcd2	0	static
../Drivers/STM32WBAxx_HAL_Driver/Src/stm32wbaxx_hal_rtc.c:925:19:HAL_RTC_SetTime	24	static
../Drivers/STM32WBAxx_HAL_Driver/Src/stm32wbaxx_hal_rtc.c:1096:19:HAL_RTC_SetDate	24	static
../Drivers/STM32WBAxx_HAL_Driver/Src/stm32wbaxx_hal_rtc.c:1330:19:HAL_RTC_SetAlarm	32	static
../Drivers/STM32WBAxx_HAL_Driver/Src/stm32wbaxx_hal_rtc.c:1541:19:HAL_RTC_SetAlarm_IT	32	static
../Drivers/STM32WBAxx_HAL_Driver/Src/stm32wbaxx_hal_rtc.c:2202:9:RTC_Bcd2ToByte	0	static
../Drivers/STM32WBAxx_HAL_Driver/Src/stm32wbaxx_hal_rtc.c:1046:19:HAL_RTC_GetTime	16	static
../Drivers/STM32WBAxx_HAL_Driver/Src/stm32wbaxx_hal_rtc.c:1182:19:HAL_RTC_GetDate	16	static
../Drivers/STM32WBAxx_HAL_Driver/Src/stm32wbaxx_hal_rtc.c:1795:19:HAL_RTC_GetAlarm	24	static
