../Drivers/STM32WBAxx_HAL_Driver/Inc/stm32wbaxx_ll_bus.h:453:22:LL_AHB2_GRP1_EnableClock	24	static
../Drivers/STM32WBAxx_HAL_Driver/Inc/stm32wbaxx_ll_bus.h:527:22:LL_AHB2_GRP1_DisableClock	16	static
../Drivers/STM32WBAxx_HAL_Driver/Inc/stm32wbaxx_ll_pka.h:203:22:LL_PKA_Config	16	static
../Drivers/STM32WBAxx_HAL_Driver/Inc/stm32wbaxx_ll_pka.h:214:22:LL_PKA_Enable	16	static
../Drivers/STM32WBAxx_HAL_Driver/Inc/stm32wbaxx_ll_pka.h:225:22:LL_PKA_Disable	16	static
../Drivers/STM32WBAxx_HAL_Driver/Inc/stm32wbaxx_ll_pka.h:312:22:LL_PKA_Start	16	static
../Drivers/STM32WBAxx_HAL_Driver/Inc/stm32wbaxx_ll_pka.h:504:26:LL_PKA_IsActiveFlag_PROCEND	16	static
../Drivers/STM32WBAxx_HAL_Driver/Inc/stm32wbaxx_ll_pka.h:559:22:LL_PKA_ClearFlag_PROCEND	16	static
../System/Interfaces/hw_pka.c:38:5:HW_PKA_Enable	24	static,ignoring_inline_asm
../System/Interfaces/hw_pka.c:82:6:HW_PKA_WriteSingleInput	16	static
../System/Interfaces/hw_pka.c:91:6:HW_PKA_WriteOperand	32	static
../System/Interfaces/hw_pka.c:109:6:HW_PKA_Start	16	static
../System/Interfaces/hw_pka.c:121:5:HW_PKA_EndOfOperation	8	static
../System/Interfaces/hw_pka.c:129:10:HW_PKA_ReadSingleOutput	16	static
../System/Interfaces/hw_pka.c:138:6:HW_PKA_ReadResult	32	static
../System/Interfaces/hw_pka.c:152:6:HW_PKA_Disable	24	static,ignoring_inline_asm
