../Drivers/STM32WBAxx_HAL_Driver/Inc/stm32wbaxx_ll_rcc.h:2955:22:LL_RCC_ClearResetFlags	4	static
../Core/Src/app_entry.c:169:6:MX_APPE_Config	8	static
../Core/Src/app_entry.c:178:10:MX_APPE_Init	16	static
../Core/Src/app_entry.c:248:13:Config_HSE	16	static
../Core/Src/app_entry.c:267:13:System_Init	8	static
../Core/Src/app_entry.c:304:13:SystemPower_Config	8	static
../Core/Src/app_entry.c:350:13:RNG_Init	8	static
../Core/Src/app_entry.c:357:13:AMM_WrapperInit	16	static
../Core/Src/app_entry.c:362:19:AMM_WrapperAllocate	16	static
../Core/Src/app_entry.c:367:13:AMM_WrapperFree	16	static
../Core/Src/app_entry.c:381:6:MX_APPE_Process	8	static
../Core/Src/app_entry.c:392:6:UTIL_SEQ_Idle	4	static
../Core/Src/app_entry.c:402:6:UTIL_SEQ_PreIdle	4	static
../Core/Src/app_entry.c:432:6:UTIL_SEQ_PostIdle	4	static
../Core/Src/app_entry.c:447:6:BPKACB_Process	8	static
../Core/Src/app_entry.c:455:6:HWCB_RNG_Process	8	static
../Core/Src/app_entry.c:460:6:AMM_RegisterBasicMemoryManager	16	static
../Core/Src/app_entry.c:468:6:AMM_ProcessRequest	8	static
../Core/Src/app_entry.c:474:6:FM_ProcessRequest	8	static
