../Drivers/STM32WBAxx_HAL_Driver/Inc/stm32wbaxx_ll_rcc.h:2955:22:LL_RCC_ClearResetFlags	4	static
../Core/Src/app_entry.c:165:6:MX_APPE_Config	8	static
../Core/Src/app_entry.c:174:10:MX_APPE_Init	16	static
../Core/Src/app_entry.c:239:13:Config_HSE	16	static
../Core/Src/app_entry.c:258:13:System_Init	8	static
../Core/Src/app_entry.c:291:13:SystemPower_Config	40	static
../Core/Src/app_entry.c:337:13:RNG_Init	8	static
../Core/Src/app_entry.c:344:13:AMM_WrapperInit	16	static
../Core/Src/app_entry.c:349:19:AMM_WrapperAllocate	16	static
../Core/Src/app_entry.c:354:13:AMM_WrapperFree	16	static
../Core/Src/app_entry.c:368:6:MX_APPE_Process	8	static
../Core/Src/app_entry.c:379:6:UTIL_SEQ_Idle	4	static
../Core/Src/app_entry.c:389:6:UTIL_SEQ_PreIdle	4	static
../Core/Src/app_entry.c:419:6:UTIL_SEQ_PostIdle	4	static
../Core/Src/app_entry.c:434:6:BPKACB_Process	8	static
../Core/Src/app_entry.c:442:6:HWCB_RNG_Process	8	static
../Core/Src/app_entry.c:447:6:AMM_RegisterBasicMemoryManager	16	static
../Core/Src/app_entry.c:455:6:AMM_ProcessRequest	8	static
../Core/Src/app_entry.c:461:6:FM_ProcessRequest	8	static
