../Drivers/STM32WBAxx_HAL_Driver/Inc/stm32wbaxx_ll_rcc.h:967:22:LL_RCC_HSI_Disable	4	static
../Drivers/STM32WBAxx_HAL_Driver/Inc/stm32wbaxx_ll_rcc.h:2959:22:LL_RCC_ClearResetFlags	4	static
../Drivers/STM32WBAxx_HAL_Driver/Inc/stm32wbaxx_ll_bus.h:858:22:LL_AHB5_GRP1_EnableClock	24	static
../Drivers/STM32WBAxx_HAL_Driver/Inc/stm32wbaxx_ll_pwr.h:1518:22:LL_PWR_ClearFlag_STOP	4	static
../Core/Src/app_entry.c:148:6:MX_APPE_Config	8	static
../Core/Src/app_entry.c:157:10:MX_APPE_Init	16	static
../Core/Src/app_entry.c:212:6:MX_APPE_Process	8	static
../Core/Src/app_entry.c:237:13:Config_HSE	16	static
../Core/Src/app_entry.c:256:13:System_Init	8	static
../Core/Src/app_entry.c:296:13:SystemPower_Config	40	static
../Core/Src/app_entry.c:342:13:APPE_RNG_Init	8	static
../Core/Src/app_entry.c:353:13:APPE_FLASH_MANAGER_Init	8	static
../Core/Src/app_entry.c:362:13:APPE_BPKA_Init	8	static
../Core/Src/app_entry.c:368:13:APPE_AMM_Init	8	static
../Core/Src/app_entry.c:390:6:UTIL_SEQ_Idle	8	static
../Core/Src/app_entry.c:405:6:UTIL_SEQ_PreIdle	8	static
../Core/Src/app_entry.c:441:6:UTIL_SEQ_PostIdle	8	static
../Core/Src/app_entry.c:457:6:BPKACB_Process	8	static
../Core/Src/app_entry.c:465:6:HWCB_RNG_Process	8	static
../Core/Src/app_entry.c:470:6:AMM_RegisterBasicMemoryManager	16	static
../Core/Src/app_entry.c:478:6:AMM_ProcessRequest	8	static
../Core/Src/app_entry.c:484:13:AMM_WrapperInit	16	static
../Core/Src/app_entry.c:489:19:AMM_WrapperAllocate	16	static
../Core/Src/app_entry.c:494:13:AMM_WrapperFree	16	static
../Core/Src/app_entry.c:499:6:FM_ProcessRequest	8	static
../Core/Src/app_entry.c:507:6:RNG_KERNEL_CLK_OFF	8	static
../Core/Src/app_entry.c:520:6:SCM_HSI_CLK_OFF	8	static
