../Core/Src/main.c:86:6:NotifyAct	16	static
../Core/Src/main.c:117:5:main	8	static
../Core/Src/main.c:206:6:SystemClock_Config	104	static
../Core/Src/main.c:261:6:PeriphCommonClock_Config	80	static
../Core/Src/main.c:281:13:MX_ADC4_Init	24	static
../Core/Src/main.c:340:13:MX_CRC_Init	8	static
../Core/Src/main.c:373:13:MX_ICACHE_Init	8	static
../Core/Src/main.c:405:13:MX_LPTIM2_Init	16	static
../Core/Src/main.c:449:13:MX_RAMCFG_Init	8	static
../Core/Src/main.c:478:13:MX_RNG_Init	8	static
../Core/Src/main.c:505:6:MX_RTC_Init	40	static
../Core/Src/main.c:553:13:MX_TIM1_Init	104	static
../Core/Src/main.c:628:13:MX_USART2_UART_Init	8	static
../Core/Src/main.c:678:13:MX_GPIO_Init	40	static
../Core/Src/main.c:730:6:Error_Handler	4	static,ignoring_inline_asm
