../Core/Src/main.c:111:6:NotifyAct	16	static
../Core/Src/main.c:142:5:main	8	static
../Core/Src/main.c:232:6:SystemClock_Config	104	static
../Core/Src/main.c:287:6:PeriphCommonClock_Config	80	static
../Core/Src/main.c:307:13:MX_ADC4_Init	24	static
../Core/Src/main.c:366:13:MX_CRC_Init	8	static
../Core/Src/main.c:399:13:MX_GPDMA1_Init	16	static
../Core/Src/main.c:427:13:MX_ICACHE_Init	8	static
../Core/Src/main.c:459:13:MX_LPTIM2_Init	16	static
../Core/Src/main.c:503:13:MX_RAMCFG_Init	8	static
../Core/Src/main.c:532:13:MX_RNG_Init	8	static
../Core/Src/main.c:559:6:MX_RTC_Init	40	static
../Core/Src/main.c:607:13:MX_TIM1_Init	104	static
../Core/Src/main.c:682:13:MX_USART2_UART_Init	8	static
../Core/Src/main.c:732:13:MX_GPIO_Init	40	static
../Core/Src/main.c:788:6:Error_Handler	4	static,ignoring_inline_asm
