../Core/Src/stm32wbaxx_hal_msp.c:65:6:HAL_MspInit	16	static
../Core/Src/stm32wbaxx_hal_msp.c:92:6:HAL_ADC_MspInit	120	static
../Core/Src/stm32wbaxx_hal_msp.c:137:6:HAL_ADC_MspDeInit	16	static
../Core/Src/stm32wbaxx_hal_msp.c:166:6:HAL_CRC_MspInit	24	static
../Core/Src/stm32wbaxx_hal_msp.c:188:6:HAL_CRC_MspDeInit	16	static
../Core/Src/stm32wbaxx_hal_msp.c:210:6:HAL_RAMCFG_MspInit	24	static
../Core/Src/stm32wbaxx_hal_msp.c:229:6:HAL_RAMCFG_MspDeInit	16	static
../Core/Src/stm32wbaxx_hal_msp.c:248:6:HAL_RNG_MspInit	96	static
../Core/Src/stm32wbaxx_hal_msp.c:281:6:HAL_RNG_MspDeInit	16	static
../Core/Src/stm32wbaxx_hal_msp.c:303:6:HAL_RTC_MspInit	96	static
../Core/Src/stm32wbaxx_hal_msp.c:336:6:HAL_RTC_MspDeInit	16	static
../Core/Src/stm32wbaxx_hal_msp.c:358:6:HAL_TIM_Base_MspInit	24	static
../Core/Src/stm32wbaxx_hal_msp.c:385:6:HAL_TIM_MspPostInit	48	static
../Core/Src/stm32wbaxx_hal_msp.c:437:6:HAL_TIM_Base_MspDeInit	16	static
../Core/Src/stm32wbaxx_hal_msp.c:470:6:HAL_UART_MspInit	120	static
../Core/Src/stm32wbaxx_hal_msp.c:516:6:HAL_UART_MspDeInit	16	static
