../Drivers/CMSIS/Include/core_cm33.h:2390:22:__NVIC_EnableIRQ	16	static,ignoring_inline_asm
../Drivers/CMSIS/Include/core_cm33.h:2428:22:__NVIC_DisableIRQ	16	static,ignoring_inline_asm
../Drivers/STM32WBAxx_HAL_Driver/Inc/stm32wbaxx_ll_rcc.h:1708:22:LL_RCC_RADIO_DisableSleepTimerClock	4	static
../Core/Src/stm32wbaxx_it.c:84:6:NMI_Handler	4	static
../Core/Src/stm32wbaxx_it.c:99:6:HardFault_Handler	4	static
../Core/Src/stm32wbaxx_it.c:114:6:MemManage_Handler	4	static
../Core/Src/stm32wbaxx_it.c:129:6:BusFault_Handler	4	static
../Core/Src/stm32wbaxx_it.c:144:6:UsageFault_Handler	4	static
../Core/Src/stm32wbaxx_it.c:159:6:SVC_Handler	4	static
../Core/Src/stm32wbaxx_it.c:172:6:DebugMon_Handler	4	static
../Core/Src/stm32wbaxx_it.c:185:6:PendSV_Handler	4	static
../Core/Src/stm32wbaxx_it.c:198:6:SysTick_Handler	8	static
../Core/Src/stm32wbaxx_it.c:219:6:RTC_IRQHandler	8	static
../Core/Src/stm32wbaxx_it.c:258:6:EXTI15_IRQHandler	8	static
../Core/Src/stm32wbaxx_it.c:279:6:GPDMA1_Channel0_IRQHandler	8	static
../Core/Src/stm32wbaxx_it.c:329:6:LPTIM1_IRQHandler	8	static
../Core/Src/stm32wbaxx_it.c:342:6:TIM17_IRQHandler	8	static
../Core/Src/stm32wbaxx_it.c:356:6:ADC4_IRQHandler	8	static
../Core/Src/stm32wbaxx_it.c:369:6:RADIO_IRQHandler	8	static,ignoring_inline_asm
../Core/Src/stm32wbaxx_it.c:391:6:HASH_IRQHandler	8	static
