../Drivers/CMSIS/Include/core_cm33.h:2390:22:__NVIC_EnableIRQ	16	static,ignoring_inline_asm
../Drivers/CMSIS/Include/core_cm33.h:2428:22:__NVIC_DisableIRQ	16	static,ignoring_inline_asm
../Drivers/STM32WBAxx_HAL_Driver/Inc/stm32wbaxx_ll_rcc.h:1708:22:LL_RCC_RADIO_DisableSleepTimerClock	4	static
../Core/Src/stm32wbaxx_it.c:78:6:NMI_Handler	4	static
../Core/Src/stm32wbaxx_it.c:93:6:HardFault_Handler	4	static
../Core/Src/stm32wbaxx_it.c:108:6:MemManage_Handler	4	static
../Core/Src/stm32wbaxx_it.c:123:6:BusFault_Handler	4	static
../Core/Src/stm32wbaxx_it.c:138:6:UsageFault_Handler	4	static
../Core/Src/stm32wbaxx_it.c:153:6:SVC_Handler	4	static
../Core/Src/stm32wbaxx_it.c:166:6:DebugMon_Handler	4	static
../Core/Src/stm32wbaxx_it.c:179:6:PendSV_Handler	4	static
../Core/Src/stm32wbaxx_it.c:192:6:SysTick_Handler	8	static
../Core/Src/stm32wbaxx_it.c:213:6:TIM1_UP_IRQHandler	8	static
../Core/Src/stm32wbaxx_it.c:240:6:ADC4_IRQHandler	8	static
../Core/Src/stm32wbaxx_it.c:259:6:RADIO_IRQHandler	8	static,ignoring_inline_asm
../Core/Src/stm32wbaxx_it.c:281:6:HASH_IRQHandler	8	static
