../Drivers/CMSIS/Include/core_cm33.h:2390:22:__NVIC_EnableIRQ	16	static,ignoring_inline_asm
../Drivers/CMSIS/Include/core_cm33.h:2428:22:__NVIC_DisableIRQ	16	static,ignoring_inline_asm
../Drivers/STM32WBAxx_HAL_Driver/Inc/stm32wbaxx_ll_rcc.h:1708:22:LL_RCC_RADIO_DisableSleepTimerClock	4	static
../Core/Src/stm32wbaxx_it.c:77:6:NMI_Handler	4	static
../Core/Src/stm32wbaxx_it.c:92:6:HardFault_Handler	4	static
../Core/Src/stm32wbaxx_it.c:107:6:MemManage_Handler	4	static
../Core/Src/stm32wbaxx_it.c:122:6:BusFault_Handler	4	static
../Core/Src/stm32wbaxx_it.c:137:6:UsageFault_Handler	4	static
../Core/Src/stm32wbaxx_it.c:152:6:SVC_Handler	4	static
../Core/Src/stm32wbaxx_it.c:165:6:DebugMon_Handler	4	static
../Core/Src/stm32wbaxx_it.c:178:6:PendSV_Handler	4	static
../Core/Src/stm32wbaxx_it.c:191:6:SysTick_Handler	8	static
../Core/Src/stm32wbaxx_it.c:212:6:TIM1_UP_IRQHandler	8	static
../Core/Src/stm32wbaxx_it.c:229:6:ADC4_IRQHandler	8	static
../Core/Src/stm32wbaxx_it.c:248:6:RADIO_IRQHandler	8	static,ignoring_inline_asm
../Core/Src/stm32wbaxx_it.c:270:6:HASH_IRQHandler	8	static
