../Drivers/CMSIS/Include/core_cm33.h:2390:22:__NVIC_EnableIRQ	16	static,ignoring_inline_asm
../Drivers/CMSIS/Include/core_cm33.h:2428:22:__NVIC_DisableIRQ	16	static,ignoring_inline_asm
../Drivers/STM32WBAxx_HAL_Driver/Inc/stm32wbaxx_ll_rcc.h:1708:22:LL_RCC_RADIO_DisableSleepTimerClock	4	static
../Core/Src/stm32wbaxx_it.c:80:6:NMI_Handler	4	static
../Core/Src/stm32wbaxx_it.c:95:6:HardFault_Handler	4	static
../Core/Src/stm32wbaxx_it.c:110:6:MemManage_Handler	4	static
../Core/Src/stm32wbaxx_it.c:125:6:BusFault_Handler	4	static
../Core/Src/stm32wbaxx_it.c:140:6:UsageFault_Handler	4	static
../Core/Src/stm32wbaxx_it.c:155:6:SVC_Handler	4	static
../Core/Src/stm32wbaxx_it.c:168:6:DebugMon_Handler	4	static
../Core/Src/stm32wbaxx_it.c:181:6:PendSV_Handler	4	static
../Core/Src/stm32wbaxx_it.c:194:6:SysTick_Handler	8	static
../Core/Src/stm32wbaxx_it.c:215:6:EXTI15_IRQHandler	8	static
../Core/Src/stm32wbaxx_it.c:231:6:GPDMA1_Channel0_IRQHandler	8	static
../Core/Src/stm32wbaxx_it.c:268:6:TIM1_UP_IRQHandler	8	static
../Core/Src/stm32wbaxx_it.c:296:6:ADC4_IRQHandler	8	static
../Core/Src/stm32wbaxx_it.c:309:6:RADIO_IRQHandler	8	static,ignoring_inline_asm
../Core/Src/stm32wbaxx_it.c:331:6:HASH_IRQHandler	8	static
