../Drivers/STM32WBAxx_HAL_Driver/Inc/stm32wbaxx_ll_rcc.h:824:22:LL_RCC_HSE_Enable	4	static
../Drivers/STM32WBAxx_HAL_Driver/Inc/stm32wbaxx_ll_rcc.h:844:26:LL_RCC_HSE_IsReady	4	static
../Drivers/STM32WBAxx_HAL_Driver/Inc/stm32wbaxx_ll_rcc.h:957:22:LL_RCC_HSI_Enable	4	static
../Drivers/STM32WBAxx_HAL_Driver/Inc/stm32wbaxx_ll_rcc.h:977:26:LL_RCC_HSI_IsReady	4	static
../Drivers/STM32WBAxx_HAL_Driver/Inc/stm32wbaxx_ll_rcc.h:1443:22:LL_RCC_SetSysClkSource	16	static
../Drivers/STM32WBAxx_HAL_Driver/Inc/stm32wbaxx_ll_rcc.h:1456:26:LL_RCC_GetSysClkSource	4	static
../Drivers/STM32WBAxx_HAL_Driver/Inc/stm32wbaxx_ll_rcc.h:1472:22:LL_RCC_SetAHBPrescaler	16	static
../Drivers/STM32WBAxx_HAL_Driver/Inc/stm32wbaxx_ll_rcc.h:1502:22:LL_RCC_SetAPB1Prescaler	16	static
../Drivers/STM32WBAxx_HAL_Driver/Inc/stm32wbaxx_ll_rcc.h:1518:22:LL_RCC_SetAPB2Prescaler	16	static
../Drivers/STM32WBAxx_HAL_Driver/Inc/stm32wbaxx_ll_rcc.h:1534:22:LL_RCC_SetAPB7Prescaler	16	static
../Drivers/STM32WBAxx_HAL_Driver/Inc/stm32wbaxx_ll_rcc.h:2210:22:LL_RCC_PLL1_Enable	4	static
../Drivers/STM32WBAxx_HAL_Driver/Inc/stm32wbaxx_ll_rcc.h:2231:26:LL_RCC_PLL1_IsReady	4	static
../Drivers/STM32WBAxx_HAL_Driver/Inc/stm32wbaxx_ll_rcc.h:2308:22:LL_RCC_PLL1_ConfigDomain_PLL1R	24	static
../Drivers/STM32WBAxx_HAL_Driver/Inc/stm32wbaxx_ll_rcc.h:2564:22:LL_RCC_PLL1_EnableDomain_PLL1R	4	static
../Drivers/STM32WBAxx_HAL_Driver/Inc/stm32wbaxx_ll_utils.h:256:22:LL_InitTick	16	static
../Drivers/STM32WBAxx_HAL_Driver/Inc/stm32wbaxx_ll_system.h:1128:22:LL_FLASH_SetLatency	16	static
../Drivers/STM32WBAxx_HAL_Driver/Inc/stm32wbaxx_ll_system.h:1154:26:LL_FLASH_GetLatency	4	static
../Drivers/STM32WBAxx_HAL_Driver/Inc/stm32wbaxx_ll_pwr.h:726:26:LL_PWR_GetRegulVoltageScaling	4	static
../Drivers/STM32WBAxx_HAL_Driver/Src/stm32wbaxx_ll_utils.c:143:6:LL_Init1msTick	16	static
../Drivers/STM32WBAxx_HAL_Driver/Src/stm32wbaxx_ll_utils.c:156:6:LL_Init1msTick_HCLK_Div8	16	static
../Drivers/STM32WBAxx_HAL_Driver/Src/stm32wbaxx_ll_utils.c:170:6:LL_Init1msTick_LSE	4	static
../Drivers/STM32WBAxx_HAL_Driver/Src/stm32wbaxx_ll_utils.c:184:6:LL_Init1msTick_LSI	4	static
../Drivers/STM32WBAxx_HAL_Driver/Src/stm32wbaxx_ll_utils.c:202:6:LL_mDelay	24	static
../Drivers/STM32WBAxx_HAL_Driver/Src/stm32wbaxx_ll_utils.c:273:6:LL_SetSystemCoreClock	16	static
../Drivers/STM32WBAxx_HAL_Driver/Src/stm32wbaxx_ll_utils.c:298:13:LL_PLL1_ConfigSystemClock_HSI	24	static
../Drivers/STM32WBAxx_HAL_Driver/Src/stm32wbaxx_ll_utils.c:354:13:LL_PLL1_ConfigSystemClock_HSE	32	static
../Drivers/STM32WBAxx_HAL_Driver/Src/stm32wbaxx_ll_utils.c:413:13:LL_SetFlashLatency	24	static
../Drivers/STM32WBAxx_HAL_Driver/Src/stm32wbaxx_ll_utils.c:496:17:UTILS_GetPLLOutputFrequency	24	static
../Drivers/STM32WBAxx_HAL_Driver/Src/stm32wbaxx_ll_utils.c:527:20:UTILS_PLL_IsBusy	16	static
../Drivers/STM32WBAxx_HAL_Driver/Src/stm32wbaxx_ll_utils.c:550:20:UTILS_EnablePLLAndSwitchSystem	24	static
