../Drivers/STM32WBAxx_HAL_Driver/Inc/stm32wbaxx_ll_adc.h:1917:22:LL_ADC_SetCommonPathInternalCh	16	static
../Drivers/STM32WBAxx_HAL_Driver/Inc/stm32wbaxx_ll_adc.h:2005:26:LL_ADC_GetCommonPathInternalCh	16	static
../Drivers/STM32WBAxx_HAL_Driver/Inc/stm32wbaxx_ll_adc.h:2383:22:LL_ADC_SetSamplingTimeCommonChannels	24	static
../Drivers/STM32WBAxx_HAL_Driver/Inc/stm32wbaxx_ll_adc.h:2517:26:LL_ADC_REG_IsTriggerSourceSWStart	16	static
../Drivers/STM32WBAxx_HAL_Driver/Inc/stm32wbaxx_ll_adc.h:2892:22:LL_ADC_REG_SetSequencerRanks	24	static
../Drivers/STM32WBAxx_HAL_Driver/Inc/stm32wbaxx_ll_adc.h:3117:22:LL_ADC_REG_SetSequencerChAdd	16	static
../Drivers/STM32WBAxx_HAL_Driver/Inc/stm32wbaxx_ll_adc.h:3192:22:LL_ADC_REG_SetSequencerChRem	16	static
../Drivers/STM32WBAxx_HAL_Driver/Inc/stm32wbaxx_ll_adc.h:3390:26:LL_ADC_REG_GetDMATransfer	16	static
../Drivers/STM32WBAxx_HAL_Driver/Inc/stm32wbaxx_ll_adc.h:3508:22:LL_ADC_SetChannelSamplingTime	24	static
../Drivers/STM32WBAxx_HAL_Driver/Inc/stm32wbaxx_ll_adc.h:3635:22:LL_ADC_SetAnalogWDMonitChannels	32	static
../Drivers/STM32WBAxx_HAL_Driver/Inc/stm32wbaxx_ll_adc.h:3808:22:LL_ADC_ConfigAnalogWDThresholds	32	static
../Drivers/STM32WBAxx_HAL_Driver/Inc/stm32wbaxx_ll_adc.h:4125:22:LL_ADC_EnableInternalRegulator	16	static
../Drivers/STM32WBAxx_HAL_Driver/Inc/stm32wbaxx_ll_adc.h:4144:22:LL_ADC_DisableInternalRegulator	16	static
../Drivers/STM32WBAxx_HAL_Driver/Inc/stm32wbaxx_ll_adc.h:4155:26:LL_ADC_IsInternalRegulatorEnabled	16	static
../Drivers/STM32WBAxx_HAL_Driver/Inc/stm32wbaxx_ll_adc.h:4176:22:LL_ADC_Enable	16	static
../Drivers/STM32WBAxx_HAL_Driver/Inc/stm32wbaxx_ll_adc.h:4196:22:LL_ADC_Disable	16	static
../Drivers/STM32WBAxx_HAL_Driver/Inc/stm32wbaxx_ll_adc.h:4215:26:LL_ADC_IsEnabled	16	static
../Drivers/STM32WBAxx_HAL_Driver/Inc/stm32wbaxx_ll_adc.h:4226:26:LL_ADC_IsDisableOngoing	16	static
../Drivers/STM32WBAxx_HAL_Driver/Inc/stm32wbaxx_ll_adc.h:4306:22:LL_ADC_REG_StartConversion	16	static
../Drivers/STM32WBAxx_HAL_Driver/Inc/stm32wbaxx_ll_adc.h:4326:22:LL_ADC_REG_StopConversion	16	static
../Drivers/STM32WBAxx_HAL_Driver/Inc/stm32wbaxx_ll_adc.h:4342:26:LL_ADC_REG_IsConversionOngoing	16	static
../Drivers/STM32WBAxx_HAL_Driver/Inc/stm32wbaxx_ll_adc.h:4459:26:LL_ADC_IsActiveFlag_LDORDY	16	static
../Drivers/STM32WBAxx_HAL_Driver/Inc/stm32wbaxx_ll_adc.h:4572:22:LL_ADC_ClearFlag_LDORDY	16	static
../Drivers/STM32WBAxx_HAL_Driver/Inc/stm32wbaxx_ll_adc.h:4627:22:LL_ADC_ClearFlag_AWD1	16	static
../Drivers/STM32WBAxx_HAL_Driver/Inc/stm32wbaxx_ll_adc.h:4638:22:LL_ADC_ClearFlag_AWD2	16	static
../Drivers/STM32WBAxx_HAL_Driver/Inc/stm32wbaxx_ll_adc.h:4649:22:LL_ADC_ClearFlag_AWD3	16	static
../Drivers/STM32WBAxx_HAL_Driver/Inc/stm32wbaxx_ll_adc.h:4745:22:LL_ADC_EnableIT_AWD1	16	static
../Drivers/STM32WBAxx_HAL_Driver/Inc/stm32wbaxx_ll_adc.h:4756:22:LL_ADC_EnableIT_AWD2	16	static
../Drivers/STM32WBAxx_HAL_Driver/Inc/stm32wbaxx_ll_adc.h:4767:22:LL_ADC_EnableIT_AWD3	16	static
../Drivers/STM32WBAxx_HAL_Driver/Inc/stm32wbaxx_ll_adc.h:4855:22:LL_ADC_DisableIT_AWD1	16	static
../Drivers/STM32WBAxx_HAL_Driver/Inc/stm32wbaxx_ll_adc.h:4866:22:LL_ADC_DisableIT_AWD2	16	static
../Drivers/STM32WBAxx_HAL_Driver/Inc/stm32wbaxx_ll_adc.h:4877:22:LL_ADC_DisableIT_AWD3	16	static
../Drivers/STM32WBAxx_HAL_Driver/Src/stm32wbaxx_hal_adc.c:379:19:HAL_ADC_Init	40	static
../Drivers/STM32WBAxx_HAL_Driver/Src/stm32wbaxx_hal_adc.c:760:19:HAL_ADC_DeInit	24	static
../Drivers/STM32WBAxx_HAL_Driver/Src/stm32wbaxx_hal_adc.c:885:13:HAL_ADC_MspInit	16	static
../Drivers/STM32WBAxx_HAL_Driver/Src/stm32wbaxx_hal_adc.c:902:13:HAL_ADC_MspDeInit	16	static
../Drivers/STM32WBAxx_HAL_Driver/Src/stm32wbaxx_hal_adc.c:1169:19:HAL_ADC_Start	24	static
../Drivers/STM32WBAxx_HAL_Driver/Src/stm32wbaxx_hal_adc.c:1236:19:HAL_ADC_Stop	24	static
../Drivers/STM32WBAxx_HAL_Driver/Src/stm32wbaxx_hal_adc.c:1287:19:HAL_ADC_PollForConversion	24	static
../Drivers/STM32WBAxx_HAL_Driver/Src/stm32wbaxx_hal_adc.c:1420:19:HAL_ADC_PollForEvent	32	static
../Drivers/STM32WBAxx_HAL_Driver/Src/stm32wbaxx_hal_adc.c:1550:19:HAL_ADC_Start_IT	24	static
../Drivers/STM32WBAxx_HAL_Driver/Src/stm32wbaxx_hal_adc.c:1641:19:HAL_ADC_Stop_IT	24	static
../Drivers/STM32WBAxx_HAL_Driver/Src/stm32wbaxx_hal_adc.c:1688:19:HAL_ADC_Start_DMA	32	static
../Drivers/STM32WBAxx_HAL_Driver/Src/stm32wbaxx_hal_adc.c:1807:19:HAL_ADC_Stop_DMA	24	static
../Drivers/STM32WBAxx_HAL_Driver/Src/stm32wbaxx_hal_adc.c:1888:10:HAL_ADC_GetValue	16	static
../Drivers/STM32WBAxx_HAL_Driver/Src/stm32wbaxx_hal_adc.c:1905:6:HAL_ADC_IRQHandler	32	static
../Drivers/STM32WBAxx_HAL_Driver/Src/stm32wbaxx_hal_adc.c:2115:13:HAL_ADC_ConvCpltCallback	16	static
../Drivers/STM32WBAxx_HAL_Driver/Src/stm32wbaxx_hal_adc.c:2130:13:HAL_ADC_ConvHalfCpltCallback	16	static
../Drivers/STM32WBAxx_HAL_Driver/Src/stm32wbaxx_hal_adc.c:2145:13:HAL_ADC_LevelOutOfWindowCallback	16	static
../Drivers/STM32WBAxx_HAL_Driver/Src/stm32wbaxx_hal_adc.c:2167:13:HAL_ADC_ErrorCallback	16	static
../Drivers/STM32WBAxx_HAL_Driver/Src/stm32wbaxx_hal_adc.c:2213:19:HAL_ADC_ConfigChannel	40	static,ignoring_inline_asm
../Drivers/STM32WBAxx_HAL_Driver/Src/stm32wbaxx_hal_adc.c:2410:19:HAL_ADC_AnalogWDGConfig	56	static,ignoring_inline_asm
../Drivers/STM32WBAxx_HAL_Driver/Src/stm32wbaxx_hal_adc.c:2629:10:HAL_ADC_GetState	16	static
../Drivers/STM32WBAxx_HAL_Driver/Src/stm32wbaxx_hal_adc.c:2643:10:HAL_ADC_GetError	16	static
../Drivers/STM32WBAxx_HAL_Driver/Src/stm32wbaxx_hal_adc.c:2670:19:ADC_ConversionStop	24	static
../Drivers/STM32WBAxx_HAL_Driver/Src/stm32wbaxx_hal_adc.c:2724:19:ADC_Enable	24	static
../Drivers/STM32WBAxx_HAL_Driver/Src/stm32wbaxx_hal_adc.c:2817:19:ADC_Disable	24	static
../Drivers/STM32WBAxx_HAL_Driver/Src/stm32wbaxx_hal_adc.c:2879:13:ADC_DMAConvCplt	24	static
../Drivers/STM32WBAxx_HAL_Driver/Src/stm32wbaxx_hal_adc.c:2957:13:ADC_DMAHalfConvCplt	24	static
../Drivers/STM32WBAxx_HAL_Driver/Src/stm32wbaxx_hal_adc.c:2975:13:ADC_DMAError	24	static
