../Drivers/STM32WBAxx_HAL_Driver/Src/stm32wbaxx_hal_pwr_ex.c:214:19:HAL_PWREx_ControlVoltageScaling	24	static
../Drivers/STM32WBAxx_HAL_Driver/Src/stm32wbaxx_hal_pwr_ex.c:267:10:HAL_PWREx_GetVoltageRange	4	static
../Drivers/STM32WBAxx_HAL_Driver/Src/stm32wbaxx_hal_pwr_ex.c:360:6:HAL_PWREx_EnableFastSoftStart	4	static
../Drivers/STM32WBAxx_HAL_Driver/Src/stm32wbaxx_hal_pwr_ex.c:369:6:HAL_PWREx_DisableFastSoftStart	4	static
../Drivers/STM32WBAxx_HAL_Driver/Src/stm32wbaxx_hal_pwr_ex.c:391:6:HAL_PWREx_EnableUltraLowPowerMode	4	static
../Drivers/STM32WBAxx_HAL_Driver/Src/stm32wbaxx_hal_pwr_ex.c:400:6:HAL_PWREx_DisableUltraLowPowerMode	4	static
../Drivers/STM32WBAxx_HAL_Driver/Src/stm32wbaxx_hal_pwr_ex.c:445:6:HAL_PWREx_EnableSRAM1ContentStandbyRetention	16	static
../Drivers/STM32WBAxx_HAL_Driver/Src/stm32wbaxx_hal_pwr_ex.c:460:6:HAL_PWREx_DisableSRAM1ContentStandbyRetention	4	static
../Drivers/STM32WBAxx_HAL_Driver/Src/stm32wbaxx_hal_pwr_ex.c:475:6:HAL_PWREx_EnableSRAM2ContentStandbyRetention	16	static
../Drivers/STM32WBAxx_HAL_Driver/Src/stm32wbaxx_hal_pwr_ex.c:490:6:HAL_PWREx_DisableSRAM2ContentStandbyRetention	4	static
../Drivers/STM32WBAxx_HAL_Driver/Src/stm32wbaxx_hal_pwr_ex.c:506:6:HAL_PWREx_EnableRadioSRAMClockStandbyRetention	16	static
../Drivers/STM32WBAxx_HAL_Driver/Src/stm32wbaxx_hal_pwr_ex.c:521:6:HAL_PWREx_DisableRadioSRAMClockStandbyRetention	4	static
../Drivers/STM32WBAxx_HAL_Driver/Src/stm32wbaxx_hal_pwr_ex.c:540:6:HAL_PWREx_EnableRAMsContentStopRetention	16	static
../Drivers/STM32WBAxx_HAL_Driver/Src/stm32wbaxx_hal_pwr_ex.c:560:6:HAL_PWREx_DisableRAMsContentStopRetention	16	static
../Drivers/STM32WBAxx_HAL_Driver/Src/stm32wbaxx_hal_pwr_ex.c:578:6:HAL_PWREx_EnableFlashFastWakeUp	4	static
../Drivers/STM32WBAxx_HAL_Driver/Src/stm32wbaxx_hal_pwr_ex.c:592:6:HAL_PWREx_DisableFlashFastWakeUp	4	static
../Drivers/STM32WBAxx_HAL_Driver/Src/stm32wbaxx_hal_pwr_ex.c:641:19:HAL_PWREx_EnableStandbyIORetention	24	static
../Drivers/STM32WBAxx_HAL_Driver/Src/stm32wbaxx_hal_pwr_ex.c:721:19:HAL_PWREx_DisableStandbyIORetention	24	static
../Drivers/STM32WBAxx_HAL_Driver/Src/stm32wbaxx_hal_pwr_ex.c:798:10:HAL_PWREx_GetStandbyIORetentionStatus	16	static
../Drivers/STM32WBAxx_HAL_Driver/Src/stm32wbaxx_hal_pwr_ex.c:840:19:HAL_PWREx_DisableStandbyRetainedIOState	24	static
../Drivers/STM32WBAxx_HAL_Driver/Src/stm32wbaxx_hal_pwr_ex.c:931:11:HAL_PWREx_GetRADIOOperatingMode	16	static
../Drivers/STM32WBAxx_HAL_Driver/Src/stm32wbaxx_hal_pwr_ex.c:951:11:HAL_PWREx_GetRADIOPHYOperatingMode	4	static
../Drivers/STM32WBAxx_HAL_Driver/Src/stm32wbaxx_hal_pwr_ex.c:963:11:HAL_PWREx_GetRADIOEncryptionOperatingMode	4	static
../Drivers/STM32WBAxx_HAL_Driver/Src/stm32wbaxx_hal_pwr_ex.c:975:11:HAL_PWREx_GetRFVDDHPA	4	static
