../Drivers/STM32WBAxx_HAL_Driver/Src/stm32wbaxx_hal_dma_ex.c:565:19:HAL_DMAEx_List_Init	24	static
../Drivers/STM32WBAxx_HAL_Driver/Src/stm32wbaxx_hal_dma_ex.c:634:19:HAL_DMAEx_List_DeInit	24	static
../Drivers/STM32WBAxx_HAL_Driver/Src/stm32wbaxx_hal_dma_ex.c:769:19:HAL_DMAEx_List_Start	32	static
../Drivers/STM32WBAxx_HAL_Driver/Src/stm32wbaxx_hal_dma_ex.c:831:19:HAL_DMAEx_List_Start_IT	32	static
../Drivers/STM32WBAxx_HAL_Driver/Src/stm32wbaxx_hal_dma_ex.c:999:19:HAL_DMAEx_List_BuildNode	16	static
../Drivers/STM32WBAxx_HAL_Driver/Src/stm32wbaxx_hal_dma_ex.c:1060:19:HAL_DMAEx_List_GetNodeConfig	16	static
../Drivers/STM32WBAxx_HAL_Driver/Src/stm32wbaxx_hal_dma_ex.c:1084:19:HAL_DMAEx_List_InsertNode	56	static
../Drivers/STM32WBAxx_HAL_Driver/Src/stm32wbaxx_hal_dma_ex.c:1214:19:HAL_DMAEx_List_InsertNode_Head	24	static
../Drivers/STM32WBAxx_HAL_Driver/Src/stm32wbaxx_hal_dma_ex.c:1293:19:HAL_DMAEx_List_InsertNode_Tail	48	static
../Drivers/STM32WBAxx_HAL_Driver/Src/stm32wbaxx_hal_dma_ex.c:1380:19:HAL_DMAEx_List_RemoveNode	48	static
../Drivers/STM32WBAxx_HAL_Driver/Src/stm32wbaxx_hal_dma_ex.c:1521:19:HAL_DMAEx_List_RemoveNode_Head	48	static
../Drivers/STM32WBAxx_HAL_Driver/Src/stm32wbaxx_hal_dma_ex.c:1618:19:HAL_DMAEx_List_RemoveNode_Tail	40	static
../Drivers/STM32WBAxx_HAL_Driver/Src/stm32wbaxx_hal_dma_ex.c:1713:19:HAL_DMAEx_List_ReplaceNode	56	static
../Drivers/STM32WBAxx_HAL_Driver/Src/stm32wbaxx_hal_dma_ex.c:1876:19:HAL_DMAEx_List_ReplaceNode_Head	48	static
../Drivers/STM32WBAxx_HAL_Driver/Src/stm32wbaxx_hal_dma_ex.c:1973:19:HAL_DMAEx_List_ReplaceNode_Tail	48	static
../Drivers/STM32WBAxx_HAL_Driver/Src/stm32wbaxx_hal_dma_ex.c:2064:19:HAL_DMAEx_List_ResetQ	40	static
../Drivers/STM32WBAxx_HAL_Driver/Src/stm32wbaxx_hal_dma_ex.c:2136:19:HAL_DMAEx_List_InsertQ	72	static
../Drivers/STM32WBAxx_HAL_Driver/Src/stm32wbaxx_hal_dma_ex.c:2344:19:HAL_DMAEx_List_InsertQ_Head	64	static
../Drivers/STM32WBAxx_HAL_Driver/Src/stm32wbaxx_hal_dma_ex.c:2481:19:HAL_DMAEx_List_InsertQ_Tail	64	static
../Drivers/STM32WBAxx_HAL_Driver/Src/stm32wbaxx_hal_dma_ex.c:2617:19:HAL_DMAEx_List_SetCircularModeConfig	48	static
../Drivers/STM32WBAxx_HAL_Driver/Src/stm32wbaxx_hal_dma_ex.c:2712:19:HAL_DMAEx_List_SetCircularMode	48	static
../Drivers/STM32WBAxx_HAL_Driver/Src/stm32wbaxx_hal_dma_ex.c:2795:19:HAL_DMAEx_List_ClearCircularMode	40	static
../Drivers/STM32WBAxx_HAL_Driver/Src/stm32wbaxx_hal_dma_ex.c:2866:19:HAL_DMAEx_List_ConvertQToDynamic	80	static
../Drivers/STM32WBAxx_HAL_Driver/Src/stm32wbaxx_hal_dma_ex.c:2968:19:HAL_DMAEx_List_ConvertQToStatic	56	static
../Drivers/STM32WBAxx_HAL_Driver/Src/stm32wbaxx_hal_dma_ex.c:3045:19:HAL_DMAEx_List_LinkQ	24	static
../Drivers/STM32WBAxx_HAL_Driver/Src/stm32wbaxx_hal_dma_ex.c:3116:19:HAL_DMAEx_List_UnLinkQ	24	static
../Drivers/STM32WBAxx_HAL_Driver/Src/stm32wbaxx_hal_dma_ex.c:3182:19:HAL_DMAEx_ConfigDataHandling	16	static
../Drivers/STM32WBAxx_HAL_Driver/Src/stm32wbaxx_hal_dma_ex.c:3223:19:HAL_DMAEx_ConfigTrigger	16	static
../Drivers/STM32WBAxx_HAL_Driver/Src/stm32wbaxx_hal_dma_ex.c:3296:19:HAL_DMAEx_Suspend	24	static
../Drivers/STM32WBAxx_HAL_Driver/Src/stm32wbaxx_hal_dma_ex.c:3355:19:HAL_DMAEx_Suspend_IT	16	static
../Drivers/STM32WBAxx_HAL_Driver/Src/stm32wbaxx_hal_dma_ex.c:3389:19:HAL_DMAEx_Resume	16	static
../Drivers/STM32WBAxx_HAL_Driver/Src/stm32wbaxx_hal_dma_ex.c:3450:10:HAL_DMAEx_GetFifoLevel	16	static
../Drivers/STM32WBAxx_HAL_Driver/Src/stm32wbaxx_hal_dma_ex.c:3475:13:DMA_List_Init	24	static
../Drivers/STM32WBAxx_HAL_Driver/Src/stm32wbaxx_hal_dma_ex.c:3518:13:DMA_List_BuildNode	16	static
../Drivers/STM32WBAxx_HAL_Driver/Src/stm32wbaxx_hal_dma_ex.c:3625:13:DMA_List_GetNodeConfig	16	static
../Drivers/STM32WBAxx_HAL_Driver/Src/stm32wbaxx_hal_dma_ex.c:3724:17:DMA_List_CheckNodesBaseAddresses	32	static
../Drivers/STM32WBAxx_HAL_Driver/Src/stm32wbaxx_hal_dma_ex.c:3767:17:DMA_List_CheckNodesTypes	32	static
../Drivers/STM32WBAxx_HAL_Driver/Src/stm32wbaxx_hal_dma_ex.c:3824:13:DMA_List_GetCLLRNodeInfo	24	static
../Drivers/STM32WBAxx_HAL_Driver/Src/stm32wbaxx_hal_dma_ex.c:3851:17:DMA_List_FindNode	40	static
../Drivers/STM32WBAxx_HAL_Driver/Src/stm32wbaxx_hal_dma_ex.c:3943:13:DMA_List_ResetQueueNodes	32	static
../Drivers/STM32WBAxx_HAL_Driver/Src/stm32wbaxx_hal_dma_ex.c:3986:13:DMA_List_FillNode	24	static
../Drivers/STM32WBAxx_HAL_Driver/Src/stm32wbaxx_hal_dma_ex.c:4006:13:DMA_List_ConvertNodeToDynamic	80	static
../Drivers/STM32WBAxx_HAL_Driver/Src/stm32wbaxx_hal_dma_ex.c:4071:13:DMA_List_ConvertNodeToStatic	80	static
../Drivers/STM32WBAxx_HAL_Driver/Src/stm32wbaxx_hal_dma_ex.c:4121:13:DMA_List_FormatNode	32	static
../Drivers/STM32WBAxx_HAL_Driver/Src/stm32wbaxx_hal_dma_ex.c:4151:13:DMA_List_ClearUnusedFields	24	static
../Drivers/STM32WBAxx_HAL_Driver/Src/stm32wbaxx_hal_dma_ex.c:4167:13:DMA_List_UpdateDynamicQueueNodesCLLR	40	static
../Drivers/STM32WBAxx_HAL_Driver/Src/stm32wbaxx_hal_dma_ex.c:4243:13:DMA_List_UpdateStaticQueueNodesCLLR	40	static
../Drivers/STM32WBAxx_HAL_Driver/Src/stm32wbaxx_hal_dma_ex.c:4297:13:DMA_List_CleanQueue	16	static
