../Drivers/CMSIS/Include/core_cm33.h:2359:22:__NVIC_SetPriorityGrouping	24	static
../Drivers/CMSIS/Include/core_cm33.h:2378:26:__NVIC_GetPriorityGrouping	4	static
../Drivers/CMSIS/Include/core_cm33.h:2390:22:__NVIC_EnableIRQ	16	static,ignoring_inline_asm
../Drivers/CMSIS/Include/core_cm33.h:2428:22:__NVIC_DisableIRQ	16	static,ignoring_inline_asm
../Drivers/CMSIS/Include/core_cm33.h:2447:26:__NVIC_GetPendingIRQ	16	static
../Drivers/CMSIS/Include/core_cm33.h:2466:22:__NVIC_SetPendingIRQ	16	static
../Drivers/CMSIS/Include/core_cm33.h:2481:22:__NVIC_ClearPendingIRQ	16	static
../Drivers/CMSIS/Include/core_cm33.h:2498:26:__NVIC_GetActive	16	static
../Drivers/CMSIS/Include/core_cm33.h:2587:22:__NVIC_SetPriority	16	static
../Drivers/CMSIS/Include/core_cm33.h:2609:26:__NVIC_GetPriority	16	static
../Drivers/CMSIS/Include/core_cm33.h:2634:26:NVIC_EncodePriority	40	static
../Drivers/CMSIS/Include/core_cm33.h:2661:22:NVIC_DecodePriority	40	static
../Drivers/CMSIS/Include/core_cm33.h:2711:34:__NVIC_SystemReset	4	static,ignoring_inline_asm
../Drivers/STM32WBAxx_HAL_Driver/Src/stm32wbaxx_hal_cortex.c:180:6:HAL_NVIC_SetPriorityGrouping	16	static
../Drivers/STM32WBAxx_HAL_Driver/Src/stm32wbaxx_hal_cortex.c:202:6:HAL_NVIC_SetPriority	32	static
../Drivers/STM32WBAxx_HAL_Driver/Src/stm32wbaxx_hal_cortex.c:224:6:HAL_NVIC_EnableIRQ	16	static
../Drivers/STM32WBAxx_HAL_Driver/Src/stm32wbaxx_hal_cortex.c:240:6:HAL_NVIC_DisableIRQ	16	static
../Drivers/STM32WBAxx_HAL_Driver/Src/stm32wbaxx_hal_cortex.c:253:6:HAL_NVIC_SystemReset	8	static
../Drivers/STM32WBAxx_HAL_Driver/Src/stm32wbaxx_hal_cortex.c:266:10:HAL_SYSTICK_Config	16	static
../Drivers/STM32WBAxx_HAL_Driver/Src/stm32wbaxx_hal_cortex.c:310:10:HAL_NVIC_GetPriorityGrouping	8	static
../Drivers/STM32WBAxx_HAL_Driver/Src/stm32wbaxx_hal_cortex.c:337:6:HAL_NVIC_GetPriority	24	static
../Drivers/STM32WBAxx_HAL_Driver/Src/stm32wbaxx_hal_cortex.c:352:6:HAL_NVIC_SetPendingIRQ	16	static
../Drivers/STM32WBAxx_HAL_Driver/Src/stm32wbaxx_hal_cortex.c:367:10:HAL_NVIC_GetPendingIRQ	16	static
../Drivers/STM32WBAxx_HAL_Driver/Src/stm32wbaxx_hal_cortex.c:380:6:HAL_NVIC_ClearPendingIRQ	16	static
../Drivers/STM32WBAxx_HAL_Driver/Src/stm32wbaxx_hal_cortex.c:394:10:HAL_NVIC_GetActive	16	static
../Drivers/STM32WBAxx_HAL_Driver/Src/stm32wbaxx_hal_cortex.c:410:6:HAL_SYSTICK_CLKSourceConfig	16	static
../Drivers/STM32WBAxx_HAL_Driver/Src/stm32wbaxx_hal_cortex.c:449:10:HAL_SYSTICK_GetCLKSourceConfig	16	static
../Drivers/STM32WBAxx_HAL_Driver/Src/stm32wbaxx_hal_cortex.c:484:6:HAL_SYSTICK_IRQHandler	8	static
../Drivers/STM32WBAxx_HAL_Driver/Src/stm32wbaxx_hal_cortex.c:493:13:HAL_SYSTICK_Callback	4	static
../Drivers/STM32WBAxx_HAL_Driver/Src/stm32wbaxx_hal_cortex.c:511:6:HAL_MPU_Enable	16	static,ignoring_inline_asm
../Drivers/STM32WBAxx_HAL_Driver/Src/stm32wbaxx_hal_cortex.c:531:6:HAL_MPU_EnableRegion	16	static
../Drivers/STM32WBAxx_HAL_Driver/Src/stm32wbaxx_hal_cortex.c:591:6:HAL_MPU_Disable	4	static,ignoring_inline_asm
../Drivers/STM32WBAxx_HAL_Driver/Src/stm32wbaxx_hal_cortex.c:611:6:HAL_MPU_DisableRegion	16	static
../Drivers/STM32WBAxx_HAL_Driver/Src/stm32wbaxx_hal_cortex.c:663:6:HAL_MPU_ConfigRegion	16	static
../Drivers/STM32WBAxx_HAL_Driver/Src/stm32wbaxx_hal_cortex.c:681:13:MPU_ConfigRegion	16	static,ignoring_inline_asm
../Drivers/STM32WBAxx_HAL_Driver/Src/stm32wbaxx_hal_cortex.c:715:6:HAL_MPU_ConfigMemoryAttributes	16	static
../Drivers/STM32WBAxx_HAL_Driver/Src/stm32wbaxx_hal_cortex.c:733:13:MPU_ConfigMemoryAttributes	32	static,ignoring_inline_asm
