../System/Interfaces/timer_if.c:288:10:TIMER_IF_SetTimerContext	0	static
../System/Interfaces/timer_if.c:307:10:TIMER_IF_GetTimerContext	0	static
../System/Interfaces/timer_if.c:323:10:TIMER_IF_GetTimerElapsedTime	0	static
../System/Interfaces/timer_if.c:336:10:TIMER_IF_GetTimerValue	0	static
../System/Interfaces/timer_if.c:356:10:TIMER_IF_GetMinimumTimeout	0	static
../System/Interfaces/timer_if.c:369:10:TIMER_IF_Convert_ms2Tick	8	static
../System/Interfaces/timer_if.c:382:10:TIMER_IF_Convert_Tick2ms	0	static
../System/Interfaces/timer_if.c:263:21:TIMER_IF_StopTimer	8	static
../System/Interfaces/timer_if.c:479:6:TIMER_IF_BkUp_Write_Seconds	0	static
../System/Interfaces/timer_if.c:492:6:TIMER_IF_BkUp_Write_SubSeconds	0	static
../System/Interfaces/timer_if.c:223:21:TIMER_IF_StartTimer	56	static
../System/Interfaces/timer_if.c:446:10:TIMER_IF_GetTime	16	static
../System/Interfaces/timer_if.c:505:10:TIMER_IF_BkUp_Read_Seconds	0	static
../System/Interfaces/timer_if.c:518:10:TIMER_IF_BkUp_Read_SubSeconds	0	static
../System/Interfaces/timer_if.c:185:21:TIMER_IF_Init	16	static
../System/Interfaces/timer_if.c:395:6:TIMER_IF_DelayMs	8	static,ignoring_inline_asm
../System/Interfaces/timer_if.c:415:6:HAL_RTC_AlarmAEventCallback	0	static
../System/Interfaces/timer_if.c:428:6:HAL_RTCEx_SSRUEventCallback	8	static
