../Drivers/STM32WBAxx_HAL_Driver/Inc/stm32wbaxx_ll_rcc.h:822:22:LL_RCC_HSE_Enable	4	static
../Drivers/STM32WBAxx_HAL_Driver/Inc/stm32wbaxx_ll_rcc.h:842:26:LL_RCC_HSE_IsReady	4	static
../Drivers/STM32WBAxx_HAL_Driver/Inc/stm32wbaxx_ll_rcc.h:853:22:LL_RCC_HSE_EnablePrescaler	4	static
../Drivers/STM32WBAxx_HAL_Driver/Inc/stm32wbaxx_ll_rcc.h:864:26:LL_RCC_HSE_IsEnabledPrescaler	4	static
../Drivers/STM32WBAxx_HAL_Driver/Inc/stm32wbaxx_ll_rcc.h:875:22:LL_RCC_HSE_DisablePrescaler	4	static
../Drivers/STM32WBAxx_HAL_Driver/Inc/stm32wbaxx_ll_rcc.h:955:22:LL_RCC_HSI_Enable	4	static
../Drivers/STM32WBAxx_HAL_Driver/Inc/stm32wbaxx_ll_rcc.h:965:22:LL_RCC_HSI_Disable	4	static
../Drivers/STM32WBAxx_HAL_Driver/Inc/stm32wbaxx_ll_rcc.h:975:26:LL_RCC_HSI_IsReady	4	static
../Drivers/STM32WBAxx_HAL_Driver/Inc/stm32wbaxx_ll_rcc.h:1441:22:LL_RCC_SetSysClkSource	16	static
../Drivers/STM32WBAxx_HAL_Driver/Inc/stm32wbaxx_ll_rcc.h:1454:26:LL_RCC_GetSysClkSource	4	static
../Drivers/STM32WBAxx_HAL_Driver/Inc/stm32wbaxx_ll_rcc.h:1548:22:LL_RCC_SetAHB5Prescaler	16	static
../Drivers/STM32WBAxx_HAL_Driver/Inc/stm32wbaxx_ll_rcc.h:1561:22:LL_RCC_SetAHB5Divider	16	static
../Drivers/STM32WBAxx_HAL_Driver/Inc/stm32wbaxx_ll_rcc.h:1649:26:LL_RCC_GetAHB5Prescaler	4	static
../Drivers/STM32WBAxx_HAL_Driver/Inc/stm32wbaxx_ll_rcc.h:2219:22:LL_RCC_PLL1_Disable	4	static
../Drivers/STM32WBAxx_HAL_Driver/Inc/stm32wbaxx_ll_rcc.h:2367:22:LL_RCC_PLL1_SetMainSource	16	static
../Drivers/STM32WBAxx_HAL_Driver/Inc/stm32wbaxx_ll_rcc.h:2400:26:LL_RCC_PLL1_GetN	4	static
../Drivers/STM32WBAxx_HAL_Driver/Inc/stm32wbaxx_ll_rcc.h:2423:26:LL_RCC_PLL1_GetP	4	static
../Drivers/STM32WBAxx_HAL_Driver/Inc/stm32wbaxx_ll_rcc.h:2446:26:LL_RCC_PLL1_GetQ	4	static
../Drivers/STM32WBAxx_HAL_Driver/Inc/stm32wbaxx_ll_rcc.h:2468:26:LL_RCC_PLL1_GetR	4	static
../Drivers/STM32WBAxx_HAL_Driver/Inc/stm32wbaxx_ll_rcc.h:2488:26:LL_RCC_PLL1_GetDivider	4	static
../Drivers/STM32WBAxx_HAL_Driver/Inc/stm32wbaxx_ll_rcc.h:2562:22:LL_RCC_PLL1_EnableDomain_PLL1R	4	static
../Drivers/STM32WBAxx_HAL_Driver/Inc/stm32wbaxx_ll_rcc.h:2596:22:LL_RCC_PLL1FRACN_Enable	4	static
../Drivers/STM32WBAxx_HAL_Driver/Inc/stm32wbaxx_ll_rcc.h:2616:22:LL_RCC_PLL1FRACN_Disable	4	static
../Drivers/STM32WBAxx_HAL_Driver/Inc/stm32wbaxx_ll_rcc.h:2626:22:LL_RCC_PLL1_SetFRACN	16	static
../Drivers/STM32WBAxx_HAL_Driver/Inc/stm32wbaxx_ll_rcc.h:2636:26:LL_RCC_PLL1_GetFRACN	4	static
../Drivers/STM32WBAxx_HAL_Driver/Inc/stm32wbaxx_ll_pwr.h:714:22:LL_PWR_SetRegulVoltageScaling	16	static
../Drivers/STM32WBAxx_HAL_Driver/Inc/stm32wbaxx_ll_pwr.h:1368:26:LL_PWR_IsActiveFlag_VOS	4	static
../System/Modules/scm.c:27:13:SCM_HSI_CLK_ON	8	static
../System/Modules/scm.c:33:13:SCM_HSI_CLK_OFF	4	static
../System/Modules/scm.c:74:26:scm_getmaxfreq	16	static
../System/Modules/scm.c:90:13:scm_systemclockconfig	8	static
../System/Modules/scm.c:172:13:SwitchHsePre	16	static
../System/Modules/scm.c:203:13:SwitchHse16toHse32	8	static
../System/Modules/scm.c:227:13:SwitchHse32toHse16	8	static
../System/Modules/scm.c:249:13:SwitchPlltoHse32	8	static
../System/Modules/scm.c:269:13:ConfigStartPll	8	static
../System/Modules/scm.c:284:13:ConfigHwPll	24	static
../System/Modules/scm.c:334:6:scm_init	16	static
../System/Modules/scm.c:425:6:scm_setup	8	static
../System/Modules/scm.c:491:6:scm_pll_setconfig	16	static
../System/Modules/scm.c:514:6:scm_pll_fractional_update	16	static
../System/Modules/scm.c:540:6:scm_setsystemclock	40	static,ignoring_inline_asm
../System/Modules/scm.c:636:13:scm_pllready	4	static
../System/Modules/scm.c:651:6:scm_setwaitstates	16	static
../System/Modules/scm.c:711:6:scm_hserdy_isr	8	static
../System/Modules/scm.c:777:6:scm_pllrdy_isr	8	static
../System/Modules/scm.c:815:6:scm_notifyradiostate	16	static
../System/Modules/scm.c:834:6:scm_standbyexit	8	static
