../Drivers/STM32WBAxx_HAL_Driver/Inc/stm32wbaxx_ll_rcc.h:957:22:LL_RCC_HSI_Enable	4	static
../Drivers/STM32WBAxx_HAL_Driver/Inc/stm32wbaxx_ll_rcc.h:977:26:LL_RCC_HSI_IsReady	4	static
../Drivers/STM32WBAxx_HAL_Driver/Inc/stm32wbaxx_ll_bus.h:462:22:LL_AHB2_GRP1_EnableClock	24	static
../Drivers/STM32WBAxx_HAL_Driver/Inc/stm32wbaxx_ll_bus.h:536:22:LL_AHB2_GRP1_DisableClock	16	static
../Drivers/STM32WBAxx_HAL_Driver/Inc/stm32wbaxx_ll_rng.h:198:22:LL_RNG_Enable	16	static
../Drivers/STM32WBAxx_HAL_Driver/Inc/stm32wbaxx_ll_rng.h:209:22:LL_RNG_Disable	16	static
../Drivers/STM32WBAxx_HAL_Driver/Inc/stm32wbaxx_ll_rng.h:491:26:LL_RNG_IsActiveFlag_DRDY	16	static
../Drivers/STM32WBAxx_HAL_Driver/Inc/stm32wbaxx_ll_rng.h:502:26:LL_RNG_IsActiveFlag_CECS	16	static
../Drivers/STM32WBAxx_HAL_Driver/Inc/stm32wbaxx_ll_rng.h:535:26:LL_RNG_IsActiveFlag_SEIS	16	static
../Drivers/STM32WBAxx_HAL_Driver/Inc/stm32wbaxx_ll_rng.h:546:22:LL_RNG_ClearFlag_CEIS	16	static
../Drivers/STM32WBAxx_HAL_Driver/Inc/stm32wbaxx_ll_rng.h:557:22:LL_RNG_ClearFlag_SEIS	16	static
../Drivers/STM32WBAxx_HAL_Driver/Inc/stm32wbaxx_ll_rng.h:620:26:LL_RNG_ReadRandData32	16	static
../System/Interfaces/hw_rng.c:26:13:RNG_KERNEL_CLK_ON	8	static
../System/Interfaces/hw_rng.c:38:13:RNG_KERNEL_CLK_OFF	4	static
../System/Interfaces/hw_rng.c:66:6:HW_RNG_Disable	8	static
../System/Interfaces/hw_rng.c:80:6:HW_RNG_EnableClock	32	static,ignoring_inline_asm
../System/Interfaces/hw_rng.c:100:6:HW_RNG_DisableClock	48	static,ignoring_inline_asm
../System/Interfaces/hw_rng.c:139:13:HW_RNG_WaitingClockSynchronization	16	static
../System/Interfaces/hw_rng.c:155:12:HW_RNG_Run	48	static,ignoring_inline_asm
../System/Interfaces/hw_rng.c:240:6:HW_RNG_Start	16	static
../System/Interfaces/hw_rng.c:260:6:HW_RNG_Get	40	static,ignoring_inline_asm
../System/Interfaces/hw_rng.c:290:5:HW_RNG_Process	32	static,ignoring_inline_asm
