../STM32_WPAN/App/app_ble.c:1259:13:Ble_UserEvtRx	16	static
../STM32_WPAN/App/app_ble.c:1360:13:BleStack_Process_BG	8	static
../STM32_WPAN/App/app_ble.c:1385:13:BLE_ResumeFlowProcessCallback	0	static
../STM32_WPAN/App/app_ble.c:1395:13:BLE_NvmCallback	0	static
../STM32_WPAN/App/app_ble.c:225:6:APP_BLE_Init	72	static
../STM32_WPAN/App/app_ble.c:319:28:SVCCTL_App_Notification	48	static
../STM32_WPAN/App/app_ble.c:714:22:APP_BLE_Get_Server_Connection_Status	0	static
../STM32_WPAN/App/app_ble.c:719:6:APP_BLE_Procedure_Gap_General	32	static
../STM32_WPAN/App/app_ble.c:813:6:APP_BLE_Procedure_Gap_Peripheral	48	static
../STM32_WPAN/App/app_ble.c:1415:12:BLECB_Indication	32	static
../STM32_WPAN/App/app_ble.c:1455:6:NVMCB_Store	0	static
../STM32_WPAN/App/app_ble.c:1467:41:APP_BLE_ComputeCRC8	8	static
