../STM32_WPAN/App/app_ble.c:1554:13:APP_BLE_AdvLowPower_timCB	0	static
../STM32_WPAN/App/app_ble.c:1283:13:Ble_UserEvtRx	16	static
../STM32_WPAN/App/app_ble.c:1508:13:BleStack_Process_BG	8	static
../STM32_WPAN/App/app_ble.c:1533:13:BLE_ResumeFlowProcessCallback	0	static
../STM32_WPAN/App/app_ble.c:1543:13:BLE_NvmCallback	0	static
../STM32_WPAN/App/app_ble.c:715:22:APP_BLE_Get_Server_Connection_Status	0	static
../STM32_WPAN/App/app_ble.c:720:6:APP_BLE_Procedure_Gap_General	24	static
../STM32_WPAN/App/app_ble.c:815:6:APP_BLE_Procedure_Gap_Peripheral	48	static
../STM32_WPAN/App/app_ble.c:224:6:APP_BLE_Init	96	static
../STM32_WPAN/App/app_ble.c:1566:13:APP_BLE_AdvLowPower	8	static
../STM32_WPAN/App/app_ble.c:304:28:SVCCTL_App_Notification	16	static
../STM32_WPAN/App/app_ble.c:1015:16:BleGetBdAddress	0	static
../STM32_WPAN/App/app_ble.c:1581:12:BLECB_Indication	24	static
../STM32_WPAN/App/app_ble.c:1621:6:NVMCB_Store	0	static
../STM32_WPAN/App/app_ble.c:1636:6:APP_BLE_Update_Manufacturer_Data	0	static
