../Core/Src/main.c:1712:6:ledActivate	0	static
../Core/Src/main.c:1465:6:updateMesurmentCb	0	static
../Core/Src/main.c:1674:6:updateLedCb	0	static
../Core/Src/main.c:1678:6:updateVibroCb	0	static
../Core/Src/main.c:1682:6:updateVibroOffCb	0	static
../Core/Src/main.c:1686:6:updateTickCb	0	static
../Core/Src/main.c:1718:6:tickSoundDeactivate	0	static
../Core/Src/main.c:1738:6:vibroActivateOff	8	static
../Core/Src/main.c:1691:6:vibroActivate	16	static
../Core/Src/main.c:177:10:samplingTm	0	static
../Core/Src/main.c:214:6:logUpdate	8	static
../Core/Src/main.c:228:6:NotifyAct	8	static
../Core/Src/main.c:256:6:calcPulseLevel	0	static
../Core/Src/main.c:798:6:SystemClock_Config	104	static,ignoring_inline_asm
../Core/Src/main.c:866:6:PeriphCommonClock_Config	80	static,ignoring_inline_asm
../Core/Src/main.c:899:6:MX_ADC4_Init	24	static,ignoring_inline_asm
../Core/Src/main.c:1000:6:MX_CRC_Init	8	static,ignoring_inline_asm
../Core/Src/main.c:1033:6:MX_GPDMA1_Init	8	static,ignoring_inline_asm
../Core/Src/main.c:1061:6:MX_ICACHE_Init	0	static
../Core/Src/main.c:1091:6:MX_LPTIM2_Init	16	static,ignoring_inline_asm
../Core/Src/main.c:1135:6:MX_RAMCFG_Init	8	static,ignoring_inline_asm
../Core/Src/main.c:1164:6:MX_RNG_Init	8	static,ignoring_inline_asm
../Core/Src/main.c:1191:6:MX_RTC_Init	96	static,ignoring_inline_asm
../Core/Src/main.c:1398:6:MX_GPIO_Init	56	static
../Core/Src/main.c:1617:10:ADC_Switch_Channel	32	static
../Core/Src/main.c:1631:6:TVMeasure	24	static
../Core/Src/main.c:1472:6:updateMesurment	32	static
../Core/Src/main.c:267:5:main	184	static,ignoring_inline_asm
../Core/Src/main.c:1746:6:HAL_GPIO_EXTI_Rising_Callback	16	static
../Core/Src/main.c:1824:6:Error_Handler	0	static,ignoring_inline_asm
