../Core/Src/stm32wbaxx_hal_msp.c:70:6:HAL_MspInit	16	static
../Core/Src/stm32wbaxx_hal_msp.c:97:6:HAL_ADC_MspInit	208	static
../Core/Src/stm32wbaxx_hal_msp.c:202:6:HAL_ADC_MspDeInit	8	static
../Core/Src/stm32wbaxx_hal_msp.c:236:6:HAL_CRC_MspInit	8	static
../Core/Src/stm32wbaxx_hal_msp.c:258:6:HAL_CRC_MspDeInit	0	static
../Core/Src/stm32wbaxx_hal_msp.c:280:6:HAL_LPTIM_MspInit	88	static
../Core/Src/stm32wbaxx_hal_msp.c:331:6:HAL_LPTIM_MspPostInit	32	static
../Core/Src/stm32wbaxx_hal_msp.c:363:6:HAL_LPTIM_MspDeInit	0	static
../Core/Src/stm32wbaxx_hal_msp.c:399:6:HAL_RAMCFG_MspInit	8	static
../Core/Src/stm32wbaxx_hal_msp.c:418:6:HAL_RAMCFG_MspDeInit	0	static
../Core/Src/stm32wbaxx_hal_msp.c:437:6:HAL_RNG_MspInit	88	static
../Core/Src/stm32wbaxx_hal_msp.c:470:6:HAL_RNG_MspDeInit	0	static
../Core/Src/stm32wbaxx_hal_msp.c:492:6:HAL_RTC_MspInit	88	static
../Core/Src/stm32wbaxx_hal_msp.c:525:6:HAL_RTC_MspDeInit	0	static
../Core/Src/stm32wbaxx_hal_msp.c:547:6:HAL_UART_MspInit	112	static
../Core/Src/stm32wbaxx_hal_msp.c:593:6:HAL_UART_MspDeInit	0	static
